Archive member included to satisfy reference by file (symbol)

app/libapp.a(main.c.obj)      (--whole-archive)
zephyr/libzephyr.a(heap.c.obj)
                              (--whole-archive)
zephyr/libzephyr.a(cbprintf_packaged.c.obj)
                              (--whole-archive)
zephyr/libzephyr.a(printk.c.obj)
                              (--whole-archive)
zephyr/libzephyr.a(sem.c.obj)
                              (--whole-archive)
zephyr/libzephyr.a(thread_entry.c.obj)
                              (--whole-archive)
zephyr/libzephyr.a(cbprintf_complete.c.obj)
                              (--whole-archive)
zephyr/libzephyr.a(assert.c.obj)
                              (--whole-archive)
zephyr/libzephyr.a(dec.c.obj)
                              (--whole-archive)
zephyr/libzephyr.a(hex.c.obj)
                              (--whole-archive)
zephyr/libzephyr.a(rb.c.obj)  (--whole-archive)
zephyr/libzephyr.a(timeutil.c.obj)
                              (--whole-archive)
zephyr/libzephyr.a(bitarray.c.obj)
                              (--whole-archive)
zephyr/libzephyr.a(onoff.c.obj)
                              (--whole-archive)
zephyr/libzephyr.a(notify.c.obj)
                              (--whole-archive)
zephyr/libzephyr.a(last_section_id.c.obj)
                              (--whole-archive)
zephyr/libzephyr.a(configs.c.obj)
                              (--whole-archive)
zephyr/libzephyr.a(log_minimal.c.obj)
                              (--whole-archive)
zephyr/libzephyr.a(tracing_none.c.obj)
                              (--whole-archive)
zephyr/libzephyr.a(banner.c.obj)
                              (--whole-archive)
zephyr/libzephyr.a(flash_map_partition_manager.c.obj)
                              (--whole-archive)
zephyr/libzephyr.a(nrf_cc3xx_platform_abort_zephyr.c.obj)
                              (--whole-archive)
zephyr/libzephyr.a(nrf_cc3xx_platform_no_mutex_zephyr.c.obj)
                              (--whole-archive)
zephyr/arch/common/libarch__common.a(sw_isr_common.c.obj)
                              (--whole-archive)
zephyr/arch/arch/arm/core/libarch__arm__core.a(fatal.c.obj)
                              (--whole-archive)
zephyr/arch/arch/arm/core/libarch__arm__core.a(nmi.c.obj)
                              (--whole-archive)
zephyr/arch/arch/arm/core/libarch__arm__core.a(nmi_on_reset.S.obj)
                              (--whole-archive)
zephyr/arch/arch/arm/core/libarch__arm__core.a(tls.c.obj)
                              (--whole-archive)
zephyr/arch/arch/arm/core/cortex_m/libarch__arm__core__cortex_m.a(exc_exit.c.obj)
                              (--whole-archive)
zephyr/arch/arch/arm/core/cortex_m/libarch__arm__core__cortex_m.a(fault.c.obj)
                              (--whole-archive)
zephyr/arch/arch/arm/core/cortex_m/libarch__arm__core__cortex_m.a(fault_s.S.obj)
                              (--whole-archive)
zephyr/arch/arch/arm/core/cortex_m/libarch__arm__core__cortex_m.a(fpu.c.obj)
                              (--whole-archive)
zephyr/arch/arch/arm/core/cortex_m/libarch__arm__core__cortex_m.a(reset.S.obj)
                              (--whole-archive)
zephyr/arch/arch/arm/core/cortex_m/libarch__arm__core__cortex_m.a(scb.c.obj)
                              (--whole-archive)
zephyr/arch/arch/arm/core/cortex_m/libarch__arm__core__cortex_m.a(thread_abort.c.obj)
                              (--whole-archive)
zephyr/arch/arch/arm/core/cortex_m/libarch__arm__core__cortex_m.a(vector_table.S.obj)
                              (--whole-archive)
zephyr/arch/arch/arm/core/cortex_m/libarch__arm__core__cortex_m.a(swap_helper.S.obj)
                              (--whole-archive)
zephyr/arch/arch/arm/core/cortex_m/libarch__arm__core__cortex_m.a(irq_manage.c.obj)
                              (--whole-archive)
zephyr/arch/arch/arm/core/cortex_m/libarch__arm__core__cortex_m.a(prep_c.c.obj)
                              (--whole-archive)
zephyr/arch/arch/arm/core/cortex_m/libarch__arm__core__cortex_m.a(thread.c.obj)
                              (--whole-archive)
zephyr/arch/arch/arm/core/cortex_m/libarch__arm__core__cortex_m.a(cpu_idle.c.obj)
                              (--whole-archive)
zephyr/arch/arch/arm/core/cortex_m/libarch__arm__core__cortex_m.a(irq_init.c.obj)
                              (--whole-archive)
zephyr/arch/arch/arm/core/cortex_m/libarch__arm__core__cortex_m.a(isr_wrapper.c.obj)
                              (--whole-archive)
zephyr/arch/arch/arm/core/cortex_m/libarch__arm__core__cortex_m.a(__aeabi_read_tp.S.obj)
                              (--whole-archive)
zephyr/lib/libc/picolibc/liblib__libc__picolibc.a(assert.c.obj)
                              (--whole-archive)
zephyr/lib/libc/picolibc/liblib__libc__picolibc.a(cbprintf.c.obj)
                              (--whole-archive)
zephyr/lib/libc/picolibc/liblib__libc__picolibc.a(chk_fail.c.obj)
                              (--whole-archive)
[...]
Memory Configuration

Name             Origin             Length             Attributes
FLASH            0x0000000000000000 0x0000000000008000 xr
RAM              0x0000000020000000 0x0000000000040000 xw
IDT_LIST         0x00000000ffff7fff 0x0000000000008000 xw
*default*        0x0000000000000000 0xffffffffffffffff

Linker script and memory map

                0x0000000000003ae4                vfprintf = __d_vfprintf
                0x0000000000000000                vfscanf = __d_vfscanf
LOAD zephyr/CMakeFiles/zephyr_final.dir/misc/empty_file.c.obj
LOAD zephyr/CMakeFiles/zephyr_final.dir/isr_tables.c.obj
LOAD zephyr/CMakeFiles/offsets.dir/./arch/arm/core/offsets/offsets.c.obj
LOAD app/libapp.a
LOAD zephyr/libzephyr.a
LOAD zephyr/arch/common/libarch__common.a
LOAD zephyr/arch/arch/arm/core/libarch__arm__core.a
LOAD zephyr/arch/arch/arm/core/cortex_m/libarch__arm__core__cortex_m.a
LOAD zephyr/lib/libc/picolibc/liblib__libc__picolibc.a
LOAD zephyr/lib/libc/common/liblib__libc__common.a
LOAD zephyr/soc/soc/nrf52840/libsoc__nordic.a
LOAD zephyr/drivers/clock_control/libdrivers__clock_control.a
LOAD zephyr/drivers/console/libdrivers__console.a
LOAD zephyr/drivers/pinctrl/libdrivers__pinctrl.a
LOAD zephyr/drivers/serial/libdrivers__serial.a
LOAD zephyr/drivers/timer/libdrivers__timer.a
LOAD modules/nrf/lib/fprotect/lib..__nrf__lib__fprotect.a
LOAD modules/nrf/subsys/bootloader/bl_boot/lib..__nrf__subsys__bootloader__bl_boot.a
LOAD modules/nrf/subsys/bootloader/bl_crypto/lib..__nrf__subsys__bootloader__bl_crypto.a
LOAD modules/nrf/subsys/bootloader/bl_validation/lib..__nrf__subsys__bootloader__bl_validation.a
LOAD modules/nrf/subsys/bootloader/bl_storage/lib..__nrf__subsys__bootloader__bl_storage.a
LOAD modules/nrf/subsys/fw_info/lib..__nrf__subsys__fw_info.a
LOAD modules/nrf/drivers/hw_cc3xx/lib..__nrf__drivers__hw_cc3xx.a
LOAD modules/hal_nordic/modules/hal_nordic/nrfx/libmodules__hal_nordic__nrfx.a
LOAD modules/segger/libmodules__segger.a
LOAD zephyr/kernel/libkernel.a
LOAD zephyr/arch/common/libisr_tables.a
LOAD C:/ncs/sdk/nrfxlib/crypto/nrf_oberon/lib/cortex-m4/hard-float/liboberon_3.0.16.a
LOAD C:/ncs/sdk/nrfxlib/crypto/nrf_cc310_bl/lib/cortex-m4/hard-float/no-interrupts/libnrf_cc310_bl_0.9.12.a
LOAD C:/ncs/sdk/nrfxlib/crypto/nrf_cc310_platform/lib/cortex-m4/hard-float/no-interrupts/libnrf_cc310_platform_0.9.19.a
LOAD c:\ncs\toolchains\0b393f9e1b\opt\zephyr-sdk\arm-zephyr-eabi\bin\../lib/gcc/../../picolibc/arm-zephyr-eabi/lib/thumb/v7e-m+fp/hard\libc.a
LOAD c:/ncs/toolchains/0b393f9e1b/opt/zephyr-sdk/arm-zephyr-eabi/bin/../lib/gcc/arm-zephyr-eabi/12.2.0/thumb/v7e-m+fp/hard\libgcc.a
                0x0000000000000007                _image_1_primary_slot_id = 0x7
                0x0000000000000004                _region_min_align = 0x4

.rel.plt        0x0000000000000000        0x0
 *(SORT_BY_ALIGNMENT(.rel.plt))
                [!provide]                        PROVIDE (__rel_iplt_start = .)
 *(SORT_BY_ALIGNMENT(.rel.iplt))
 .rel.iplt      0x0000000000000000        0x0 zephyr/CMakeFiles/zephyr_final.dir/isr_tables.c.obj
                [!provide]                        PROVIDE (__rel_iplt_end = .)

.rela.plt       0x0000000000000000        0x0
 *(SORT_BY_ALIGNMENT(.rela.plt))
                [!provide]                        PROVIDE (__rela_iplt_start = .)
 *(SORT_BY_ALIGNMENT(.rela.iplt))
                [!provide]                        PROVIDE (__rela_iplt_end = .)

.rel.dyn
 *(SORT_BY_ALIGNMENT(.rel.*))

.rela.dyn
 *(SORT_BY_ALIGNMENT(.rela.*))

/DISCARD/
 *(SORT_BY_ALIGNMENT(.plt))

/DISCARD/
 *(SORT_BY_ALIGNMENT(.iplt))
                0x0000000000000000                __rom_region_start = 0x0

rom_start       0x0000000000000000      0x2ec
                0x0000000000000000                __rom_start_address = .
 FILL mask 0x00
                0x0000000000000000                . = (. + (0x0 - (. - __rom_start_address)))
                0x0000000000000000                . = ALIGN (0x4)
                0x0000000000000000                . = ALIGN (0x80)
                0x0000000000000000                . = ALIGN (0x100)
                0x0000000000000000                _vector_start = .
 *(SORT_BY_ALIGNMENT(.exc_vector_table))
 *(SORT_BY_ALIGNMENT(.exc_vector_table.*))
 .exc_vector_table._vector_table_section
                0x0000000000000000       0x40 zephyr/arch/arch/arm/core/cortex_m/libarch__arm__core__cortex_m.a(vector_table.S.obj)
                0x0000000000000000                _vector_table
 *(SORT_BY_ALIGNMENT(.vectors))
                0x0000000000000100                _vector_end = .
                0x0000000000000040                . = ALIGN (0x4)
 *(SORT_BY_ALIGNMENT(.gnu.linkonce.irq_vector_table*))
 .gnu.linkonce.irq_vector_table
                0x0000000000000040       0xc0 zephyr/CMakeFiles/zephyr_final.dir/isr_tables.c.obj
                0x0000000000000040                _irq_vector_table
                0x0000000000000100                _vector_end = .
                0x0000000000000200                . = 0x200
 *fill*         0x0000000000000100      0x100 00
                0x0000000000000200                _fw_info_start = .
 *(SORT_BY_NAME(SORT_BY_ALIGNMENT(.firmware_info*)))
 .firmware_info
                0x0000000000000200       0x3c modules/nrf/subsys/fw_info/lib..__nrf__subsys__fw_info.a(fw_info.c.obj)
                0x0000000000000200                m_firmware_info
 .firmware_info.1
                0x000000000000023c       0x70 modules/nrf/subsys/bootloader/bl_crypto/lib..__nrf__subsys__bootloader__bl_crypto.a(bl_crypto.c.obj)
                0x000000000000023c                bl_secp256r1_ext_api
                0x000000000000025c                bl_sha256_ext_api
                0x000000000000028c                bl_rot_verify_ext_api
 .firmware_info.1
                0x00000000000002ac       0x20 modules/nrf/subsys/bootloader/bl_validation/lib..__nrf__subsys__bootloader__bl_validation.a(bl_validation.c.obj)
                0x00000000000002ac                bl_validate_fw_ext_api
 .firmware_info.1
                0x00000000000002cc       0x20 modules/nrf/subsys/fw_info/lib..__nrf__subsys__fw_info.a(fw_info.c.obj)
                0x00000000000002cc                ext_api_provide_ext_api
                0x00000000000000ec                _fw_info_size = ABSOLUTE ((. - _fw_info_start))

text            0x00000000000002ec     0x5708
                0x00000000000002ec                __text_region_start = .
 *(SORT_BY_ALIGNMENT(.text))
 .text          0x00000000000002ec       0x5c C:/ncs/sdk/nrfxlib/crypto/nrf_oberon/lib/cortex-m4/hard-float/liboberon_3.0.16.a(ocrypto_constant_time.s.obj)
                0x00000000000002ec                ocrypto_constant_time_equal
                0x0000000000000314                ocrypto_constant_time_is_zero
                0x0000000000000330                ocrypto_constant_time_xor
 .text          0x0000000000000348       0x30 c:/ncs/toolchains/0b393f9e1b/opt/zephyr-sdk/arm-zephyr-eabi/bin/../lib/gcc/arm-zephyr-eabi/12.2.0/thumb/v7e-m+fp/hard\libgcc.a(_aeabi_uldivmod.o)
                0x0000000000000348                __aeabi_uldivmod
 .text          0x0000000000000378        0x4 c:/ncs/toolchains/0b393f9e1b/opt/zephyr-sdk/arm-zephyr-eabi/bin/../lib/gcc/arm-zephyr-eabi/12.2.0/thumb/v7e-m+fp/hard\libgcc.a(_dvmd_tls.o)
                0x0000000000000378                __aeabi_idiv0
                0x0000000000000378                __aeabi_ldiv0
 .text          0x000000000000037c      0x2a0 c:/ncs/toolchains/0b393f9e1b/opt/zephyr-sdk/arm-zephyr-eabi/bin/../lib/gcc/arm-zephyr-eabi/12.2.0/thumb/v7e-m+fp/hard\libgcc.a(_udivmoddi4.o)
                0x000000000000037c                __udivmoddi4
 *(SORT_BY_ALIGNMENT(.text.*))
 .text.fw_info_find
                0x000000000000061c       0x48 app/libapp.a(main.c.obj)
 .text.validate_and_boot
                0x0000000000000664       0x9c app/libapp.a(main.c.obj)
 .text.main     0x0000000000000700       0x68 app/libapp.a(main.c.obj)
                0x0000000000000700                main
 .text.char_out
                0x0000000000000768        0xc zephyr/libzephyr.a(printk.c.obj)
 .text.__printk_hook_install
                0x0000000000000774        0xc zephyr/libzephyr.a(printk.c.obj)
                0x0000000000000774                __printk_hook_install
 .text.vprintk  0x0000000000000780       0x30 zephyr/libzephyr.a(printk.c.obj)
                0x0000000000000780                vprintk
 .text.boot_banner
                0x00000000000007b0       0x1c zephyr/libzephyr.a(banner.c.obj)
                0x00000000000007b0                boot_banner
 .text.nrf_cc3xx_platform_abort_init
                0x00000000000007cc        0xc zephyr/libzephyr.a(nrf_cc3xx_platform_abort_zephyr.c.obj)
                0x00000000000007cc                nrf_cc3xx_platform_abort_init
 .text.z_SysNmiOnReset
                0x00000000000007d8        0x8 zephyr/arch/arch/arm/core/libarch__arm__core.a(nmi_on_reset.S.obj)
                0x00000000000007d8                z_SysNmiOnReset
 .text.usage_fault.constprop.0
                0x00000000000007e0       0x54 zephyr/arch/arch/arm/core/cortex_m/libarch__arm__core__cortex_m.a(fault.c.obj)
 .text.bus_fault.constprop.0
                0x0000000000000834       0x6c zephyr/arch/arch/arm/core/cortex_m/libarch__arm__core__cortex_m.a(fault.c.obj)
 .text.mem_manage_fault.constprop.0
                0x00000000000008a0       0x78 zephyr/arch/arch/arm/core/cortex_m/libarch__arm__core__cortex_m.a(fault.c.obj)
 .text.z_arm_fault
                0x0000000000000918      0x124 zephyr/arch/arch/arm/core/cortex_m/libarch__arm__core__cortex_m.a(fault.c.obj)
                0x0000000000000918                z_arm_fault
 .text.z_arm_fault_init
                0x0000000000000a3c       0x18 zephyr/arch/arch/arm/core/cortex_m/libarch__arm__core__cortex_m.a(fault.c.obj)
                0x0000000000000a3c                z_arm_fault_init
 .text.__fault  0x0000000000000a54       0x14 zephyr/arch/arch/arm/core/cortex_m/libarch__arm__core__cortex_m.a(fault_s.S.obj)
                0x0000000000000a54                z_arm_usage_fault
                0x0000000000000a54                z_arm_mpu_fault
                0x0000000000000a54                z_arm_exc_spurious
                0x0000000000000a54                z_arm_debug_monitor
                0x0000000000000a54                z_arm_hard_fault
                0x0000000000000a54                z_arm_bus_fault
 .text._reset_section
                0x0000000000000a68       0x54 zephyr/arch/arch/arm/core/cortex_m/libarch__arm__core__cortex_m.a(reset.S.obj)
                0x0000000000000a68                __start
                0x0000000000000a68                z_arm_reset
 .text.z_arm_init_arch_hw_at_boot
                0x0000000000000abc       0x60 zephyr/arch/arch/arm/core/cortex_m/libarch__arm__core__cortex_m.a(scb.c.obj)
                0x0000000000000abc                z_arm_init_arch_hw_at_boot
 .text.z_arm_svc
                0x0000000000000b1c       0x24 zephyr/arch/arch/arm/core/cortex_m/libarch__arm__core__cortex_m.a(swap_helper.S.obj)
                0x0000000000000b1c                z_arm_svc
 .text.arch_irq_enable
                0x0000000000000b40       0x1c zephyr/arch/arch/arm/core/cortex_m/libarch__arm__core__cortex_m.a(irq_manage.c.obj)
                0x0000000000000b40                arch_irq_enable
 .text.arch_irq_is_enabled
                0x0000000000000b5c       0x1c zephyr/arch/arch/arm/core/cortex_m/libarch__arm__core__cortex_m.a(irq_manage.c.obj)
                0x0000000000000b5c                arch_irq_is_enabled
 .text.z_arm_irq_priority_set
                0x0000000000000b78       0x30 zephyr/arch/arch/arm/core/cortex_m/libarch__arm__core__cortex_m.a(irq_manage.c.obj)
                0x0000000000000b78                z_arm_irq_priority_set
 .text.z_prep_c
                0x0000000000000ba8       0x5c zephyr/arch/arch/arm/core/cortex_m/libarch__arm__core__cortex_m.a(prep_c.c.obj)
                0x0000000000000ba8                z_prep_c
 .text.z_arm_switch_to_main_no_multithreading
                0x0000000000000c04       0x38 zephyr/arch/arch/arm/core/cortex_m/libarch__arm__core__cortex_m.a(thread.c.obj)
                0x0000000000000c04                z_arm_switch_to_main_no_multithreading
 .text.z_arm_cpu_idle_init
                0x0000000000000c3c        0xc zephyr/arch/arch/arm/core/cortex_m/libarch__arm__core__cortex_m.a(cpu_idle.c.obj)
                0x0000000000000c3c                z_arm_cpu_idle_init
 .text.z_arm_interrupt_init
                0x0000000000000c48       0x18 zephyr/arch/arch/arm/core/cortex_m/libarch__arm__core__cortex_m.a(irq_init.c.obj)
                0x0000000000000c48                z_arm_interrupt_init
 .text._isr_wrapper
                0x0000000000000c60       0x24 zephyr/arch/arch/arm/core/cortex_m/libarch__arm__core__cortex_m.a(isr_wrapper.c.obj)
                0x0000000000000c60                _isr_wrapper
 .text.z_impl_zephyr_fputc
                0x0000000000000c84       0x10 zephyr/lib/libc/picolibc/liblib__libc__picolibc.a(stdio.c.obj)
                0x0000000000000c84                z_impl_zephyr_fputc
 .text.__stdout_hook_install
                0x0000000000000c94       0x18 zephyr/lib/libc/picolibc/liblib__libc__picolibc.a(stdio.c.obj)
                0x0000000000000c94                __stdout_hook_install
 .text.malloc_prepare
                0x0000000000000cac       0x24 zephyr/lib/libc/common/liblib__libc__common.a(malloc.c.obj)
 .text.nordicsemi_nrf52_init
                0x0000000000000cd0       0x44 zephyr/soc/soc/nrf52840/libsoc__nordic.a(soc.c.obj)
 .text.arch_busy_wait
                0x0000000000000d14       0x14 zephyr/soc/soc/nrf52840/libsoc__nordic.a(soc.c.obj)
                0x0000000000000d14                arch_busy_wait
 .text.onoff_stop
                0x0000000000000d28       0x30 zephyr/drivers/clock_control/libdrivers__clock_control.a(clock_control_nrf.c.obj)
 .text.onoff_start
                0x0000000000000d58       0x44 zephyr/drivers/clock_control/libdrivers__clock_control.a(clock_control_nrf.c.obj)
 .text.generic_hfclk_stop
                0x0000000000000d9c       0x34 zephyr/drivers/clock_control/libdrivers__clock_control.a(clock_control_nrf.c.obj)
 .text.clk_init
                0x0000000000000dd0       0x58 zephyr/drivers/clock_control/libdrivers__clock_control.a(clock_control_nrf.c.obj)
 .text.clkstarted_handle.constprop.0
                0x0000000000000e28       0x4c zephyr/drivers/clock_control/libdrivers__clock_control.a(clock_control_nrf.c.obj)
 .text.generic_hfclk_start
                0x0000000000000e74       0x7c zephyr/drivers/clock_control/libdrivers__clock_control.a(clock_control_nrf.c.obj)
 .text.clock_event_handler
                0x0000000000000ef0       0x1c zephyr/drivers/clock_control/libdrivers__clock_control.a(clock_control_nrf.c.obj)
 .text.uart_console_init
                0x0000000000000f0c       0x28 zephyr/drivers/console/libdrivers__console.a(uart_console.c.obj)
 .text.console_out
                0x0000000000000f34       0x28 zephyr/drivers/console/libdrivers__console.a(uart_console.c.obj)
 .text.nrf_gpio_pin_port_decode
                0x0000000000000f5c       0x20 zephyr/drivers/pinctrl/libdrivers__pinctrl.a(pinctrl_nrf.c.obj)
 .text.pinctrl_configure_pins
                0x0000000000000f7c      0x1a4 zephyr/drivers/pinctrl/libdrivers__pinctrl.a(pinctrl_nrf.c.obj)
                0x0000000000000f7c                pinctrl_configure_pins
 .text.uarte_nrfx_poll_out
                0x0000000000001120       0xac zephyr/drivers/serial/libdrivers__serial.a(uart_nrfx_uarte.c.obj)
 .text.uarte_0_init
                0x00000000000011cc      0x108 zephyr/drivers/serial/libdrivers__serial.a(uart_nrfx_uarte.c.obj)
 .text.find_free_region
                0x00000000000012d4       0x3c modules/nrf/lib/fprotect/lib..__nrf__lib__fprotect.a(fprotect_acl.c.obj)
 .text.bl_boot  0x0000000000001310      0x164 modules/nrf/subsys/bootloader/bl_boot/lib..__nrf__subsys__bootloader__bl_boot.a(bl_boot.c.obj)
                0x0000000000001310                bl_boot
 .text.cc310_bl_backend_enable
                0x0000000000001474       0x10 modules/nrf/subsys/bootloader/bl_crypto/lib..__nrf__subsys__bootloader__bl_crypto.a(bl_crypto_cc310_common.c.obj)
                0x0000000000001474                cc310_bl_backend_enable
 .text.cc310_bl_backend_disable
                0x0000000000001484       0x10 modules/nrf/subsys/bootloader/bl_crypto/lib..__nrf__subsys__bootloader__bl_crypto.a(bl_crypto_cc310_common.c.obj)
                0x0000000000001484                cc310_bl_backend_disable
 .text.cc310_bl_init
                0x0000000000001494       0x3c modules/nrf/subsys/bootloader/bl_crypto/lib..__nrf__subsys__bootloader__bl_crypto.a(bl_crypto_cc310_common.c.obj)
                0x0000000000001494                cc310_bl_init
 .text.sha256_update
                0x00000000000014d0       0x64 modules/nrf/subsys/bootloader/bl_crypto/lib..__nrf__subsys__bootloader__bl_crypto.a(bl_crypto_cc310_hash.c.obj)
 .text.bl_sha256_init
                0x0000000000001534       0x18 modules/nrf/subsys/bootloader/bl_crypto/lib..__nrf__subsys__bootloader__bl_crypto.a(bl_crypto_cc310_hash.c.obj)
                0x0000000000001534                bl_sha256_init
 .text.fw_info_check
                0x000000000000154c       0x28 modules/nrf/subsys/bootloader/bl_validation/lib..__nrf__subsys__bootloader__bl_validation.a(bl_validation.c.obj)
 .text.fw_info_find
                0x0000000000001574       0x20 modules/nrf/subsys/bootloader/bl_validation/lib..__nrf__subsys__bootloader__bl_validation.a(bl_validation.c.obj)
 .text.set_monotonic_version
                0x0000000000001594       0x74 modules/nrf/subsys/bootloader/bl_validation/lib..__nrf__subsys__bootloader__bl_validation.a(bl_validation.c.obj)
                0x0000000000001594                set_monotonic_version
 .text.get_monotonic_version
                0x0000000000001608       0x38 modules/nrf/subsys/bootloader/bl_validation/lib..__nrf__subsys__bootloader__bl_validation.a(bl_validation.c.obj)
                0x0000000000001608                get_monotonic_version
 .text.validate_firmware
                0x0000000000001640      0x360 modules/nrf/subsys/bootloader/bl_validation/lib..__nrf__subsys__bootloader__bl_validation.a(bl_validation.c.obj)
 .text.key_is_valid
                0x00000000000019a0       0x48 modules/nrf/subsys/bootloader/bl_storage/lib..__nrf__subsys__bootloader__bl_storage.a(bl_storage.c.obj)
 .text.invalidate_public_key
                0x00000000000019e8       0x24 modules/nrf/subsys/bootloader/bl_storage/lib..__nrf__subsys__bootloader__bl_storage.a(bl_storage.c.obj)
                0x00000000000019e8                invalidate_public_key
 .text.fw_info_ext_api_provide
                0x0000000000001a0c       0xe0 modules/nrf/subsys/fw_info/lib..__nrf__subsys__fw_info.a(fw_info.c.obj)
                0x0000000000001a0c                fw_info_ext_api_provide
 .text.check_ext_api_requests
                0x0000000000001aec       0xa0 modules/nrf/subsys/fw_info/lib..__nrf__subsys__fw_info.a(fw_info.c.obj)
 .text.fw_info_invalidate
                0x0000000000001b8c       0x1c modules/nrf/subsys/fw_info/lib..__nrf__subsys__fw_info.a(fw_info.c.obj)
                0x0000000000001b8c                fw_info_invalidate
 .text.nrf52_errata_98
                0x0000000000001ba8       0x24 modules/hal_nordic/modules/hal_nordic/nrfx/libmodules__hal_nordic__nrfx.a(system_nrf52840.c.obj)
 .text.nvmc_wait
                0x0000000000001bcc       0x10 modules/hal_nordic/modules/hal_nordic/nrfx/libmodules__hal_nordic__nrfx.a(system_nrf52840.c.obj)
                0x0000000000001bcc                nvmc_wait
 .text.SystemInit
                0x0000000000001bdc      0x1d8 modules/hal_nordic/modules/hal_nordic/nrfx/libmodules__hal_nordic__nrfx.a(system_nrf52840.c.obj)
                0x0000000000001bdc                SystemInit
 .text.nrfx_flag32_alloc
                0x0000000000001db4       0x48 modules/hal_nordic/modules/hal_nordic/nrfx/libmodules__hal_nordic__nrfx.a(nrfx_flag32_allocator.c.obj)
                0x0000000000001db4                nrfx_flag32_alloc
 .text.nrfx_gppi_channels_enable
                0x0000000000001dfc        0xc modules/hal_nordic/modules/hal_nordic/nrfx/libmodules__hal_nordic__nrfx.a(nrfx_gppi_ppi.c.obj)
                0x0000000000001dfc                nrfx_gppi_channels_enable
 .text.clock_stop
                0x0000000000001e08       0xc4 modules/hal_nordic/modules/hal_nordic/nrfx/libmodules__hal_nordic__nrfx.a(nrfx_clock.c.obj)
 .text.nrfx_clock_init
                0x0000000000001ecc       0x20 modules/hal_nordic/modules/hal_nordic/nrfx/libmodules__hal_nordic__nrfx.a(nrfx_clock.c.obj)
                0x0000000000001ecc                nrfx_clock_init
 .text.nrfx_clock_enable
                0x0000000000001eec       0x24 modules/hal_nordic/modules/hal_nordic/nrfx/libmodules__hal_nordic__nrfx.a(nrfx_clock.c.obj)
                0x0000000000001eec                nrfx_clock_enable
 .text.nrfx_clock_start
                0x0000000000001f10       0xa8 modules/hal_nordic/modules/hal_nordic/nrfx/libmodules__hal_nordic__nrfx.a(nrfx_clock.c.obj)
                0x0000000000001f10                nrfx_clock_start
 .text.nrfx_power_clock_irq_handler
                0x0000000000001fb8       0x7c modules/hal_nordic/modules/hal_nordic/nrfx/libmodules__hal_nordic__nrfx.a(nrfx_clock.c.obj)
                0x0000000000001fb8                nrfx_power_clock_irq_handler
 .text.nvmc_word_write
                0x0000000000002034       0x18 modules/hal_nordic/modules/hal_nordic/nrfx/libmodules__hal_nordic__nrfx.a(nrfx_nvmc.c.obj)
 .text.nrfx_nvmc_word_write
                0x000000000000204c       0x1c modules/hal_nordic/modules/hal_nordic/nrfx/libmodules__hal_nordic__nrfx.a(nrfx_nvmc.c.obj)
                0x000000000000204c                nrfx_nvmc_word_write
 .text.nrfx_ppi_channel_alloc
                0x0000000000002068        0xc modules/hal_nordic/modules/hal_nordic/nrfx/libmodules__hal_nordic__nrfx.a(nrfx_ppi.c.obj)
                0x0000000000002068                nrfx_ppi_channel_alloc
 .text._DoInit  0x0000000000002074       0x68 modules/segger/libmodules__segger.a(SEGGER_RTT.c.obj)
 .text.SEGGER_RTT_Init
                0x00000000000020dc       0x40 modules/segger/libmodules__segger.a(SEGGER_RTT.c.obj)
                0x00000000000020dc                SEGGER_RTT_Init
 .text.z_sys_init_run_level
                0x000000000000211c       0x2c zephyr/kernel/libkernel.a(init.c.obj)
 .text.bg_thread_main
                0x0000000000002148       0x34 zephyr/kernel/libkernel.a(init.c.obj)
 .text.z_bss_zero
                0x000000000000217c       0x18 zephyr/kernel/libkernel.a(init.c.obj)
                0x000000000000217c                z_bss_zero
 .text.z_cstart
                0x0000000000002194       0x70 zephyr/kernel/libkernel.a(init.c.obj)
                0x0000000000002194                z_cstart
 .text.z_data_copy
                0x0000000000002204       0x38 zephyr/kernel/libkernel.a(xip.c.obj)
                0x0000000000002204                z_data_copy
 .text.verify_context_ecdsa_verify_secp256r1
                0x000000000000223c       0x20 C:/ncs/sdk/nrfxlib/crypto/nrf_cc310_bl/lib/cortex-m4/hard-float/no-interrupts/libnrf_cc310_bl_0.9.12.a(nrf_cc310_bl_ecdsa_verify_secp256r1.c.obj)
 .text.nrf_cc310_bl_ecdsa_verify_init_secp256r1
                0x000000000000225c       0x4c C:/ncs/sdk/nrfxlib/crypto/nrf_cc310_bl/lib/cortex-m4/hard-float/no-interrupts/libnrf_cc310_bl_0.9.12.a(nrf_cc310_bl_ecdsa_verify_secp256r1.c.obj)
                0x000000000000225c                nrf_cc310_bl_ecdsa_verify_init_secp256r1
 .text.nrf_cc310_bl_ecdsa_verify_hash_secp256r1
                0x00000000000022a8      0x168 C:/ncs/sdk/nrfxlib/crypto/nrf_cc310_bl/lib/cortex-m4/hard-float/no-interrupts/libnrf_cc310_bl_0.9.12.a(nrf_cc310_bl_ecdsa_verify_secp256r1.c.obj)
                0x00000000000022a8                nrf_cc310_bl_ecdsa_verify_hash_secp256r1
 .text.set_digest_in_hw_sha256
                0x0000000000002410       0x38 C:/ncs/sdk/nrfxlib/crypto/nrf_cc310_bl/lib/cortex-m4/hard-float/no-interrupts/libnrf_cc310_bl_0.9.12.a(nrf_cc310_bl_hash_sha256.c.obj)
 .text.read_digest_in_hw_sha256
                0x0000000000002448       0x54 C:/ncs/sdk/nrfxlib/crypto/nrf_cc310_bl/lib/cortex-m4/hard-float/no-interrupts/libnrf_cc310_bl_0.9.12.a(nrf_cc310_bl_hash_sha256.c.obj)
 .text.verify_context_hash_sha256
                0x000000000000249c       0x20 C:/ncs/sdk/nrfxlib/crypto/nrf_cc310_bl/lib/cortex-m4/hard-float/no-interrupts/libnrf_cc310_bl_0.9.12.a(nrf_cc310_bl_hash_sha256.c.obj)
 .text.nrf_cc310_bl_hash_sha256_init
                0x00000000000024bc       0x34 C:/ncs/sdk/nrfxlib/crypto/nrf_cc310_bl/lib/cortex-m4/hard-float/no-interrupts/libnrf_cc310_bl_0.9.12.a(nrf_cc310_bl_hash_sha256.c.obj)
                0x00000000000024bc                nrf_cc310_bl_hash_sha256_init
 .text.nrf_cc310_bl_hash_sha256_update
                0x00000000000024f0       0xb0 C:/ncs/sdk/nrfxlib/crypto/nrf_cc310_bl/lib/cortex-m4/hard-float/no-interrupts/libnrf_cc310_bl_0.9.12.a(nrf_cc310_bl_hash_sha256.c.obj)
                0x00000000000024f0                nrf_cc310_bl_hash_sha256_update
 .text.nrf_cc310_bl_hash_sha256_finalize
                0x00000000000025a0       0x60 C:/ncs/sdk/nrfxlib/crypto/nrf_cc310_bl/lib/cortex-m4/hard-float/no-interrupts/libnrf_cc310_bl_0.9.12.a(nrf_cc310_bl_hash_sha256.c.obj)
                0x00000000000025a0                nrf_cc310_bl_hash_sha256_finalize
 .text.nrf_cc310_bl_init
                0x0000000000002600       0x34 C:/ncs/sdk/nrfxlib/crypto/nrf_cc310_bl/lib/cortex-m4/hard-float/no-interrupts/libnrf_cc310_bl_0.9.12.a(nrf_cc310_bl_init.c.obj)
                0x0000000000002600                nrf_cc310_bl_init
 .text.PkaSetRegsMapTab
                0x0000000000002634       0x48 C:/ncs/sdk/nrfxlib/crypto/nrf_cc310_bl/lib/cortex-m4/hard-float/no-interrupts/libnrf_cc310_bl_0.9.12.a(pka.c.obj)
                0x0000000000002634                PkaSetRegsMapTab
 .text.PkaGetRegEffectiveSizeInBits
                0x000000000000267c       0x8c C:/ncs/sdk/nrfxlib/crypto/nrf_cc310_bl/lib/cortex-m4/hard-float/no-interrupts/libnrf_cc310_bl_0.9.12.a(pka.c.obj)
                0x000000000000267c                PkaGetRegEffectiveSizeInBits
 .text.PkaGetNextMsBit
                0x0000000000002708       0x74 C:/ncs/sdk/nrfxlib/crypto/nrf_cc310_bl/lib/cortex-m4/hard-float/no-interrupts/libnrf_cc310_bl_0.9.12.a(pka.c.obj)
                0x0000000000002708                PkaGetNextMsBit
 .text.PkaSetRegsSizesTab
                0x000000000000277c       0x3c C:/ncs/sdk/nrfxlib/crypto/nrf_cc310_bl/lib/cortex-m4/hard-float/no-interrupts/libnrf_cc310_bl_0.9.12.a(pka.c.obj)
                0x000000000000277c                PkaSetRegsSizesTab
 .text.PkaInitPka
                0x00000000000027b8       0x74 C:/ncs/sdk/nrfxlib/crypto/nrf_cc310_bl/lib/cortex-m4/hard-float/no-interrupts/libnrf_cc310_bl_0.9.12.a(pka.c.obj)
                0x00000000000027b8                PkaInitPka
 .text.PkaClearBlockOfRegs
                0x000000000000282c      0x130 C:/ncs/sdk/nrfxlib/crypto/nrf_cc310_bl/lib/cortex-m4/hard-float/no-interrupts/libnrf_cc310_bl_0.9.12.a(pka.c.obj)
                0x000000000000282c                PkaClearBlockOfRegs
 .text.PkaFinishAndMutexUnlock
                0x000000000000295c       0x24 C:/ncs/sdk/nrfxlib/crypto/nrf_cc310_bl/lib/cortex-m4/hard-float/no-interrupts/libnrf_cc310_bl_0.9.12.a(pka.c.obj)
                0x000000000000295c                PkaFinishAndMutexUnlock
 .text.PkaCopyDataIntoPkaReg
                0x0000000000002980       0xb8 C:/ncs/sdk/nrfxlib/crypto/nrf_cc310_bl/lib/cortex-m4/hard-float/no-interrupts/libnrf_cc310_bl_0.9.12.a(pka.c.obj)
                0x0000000000002980                PkaCopyDataIntoPkaReg
 .text.PkaEcdsaVerify
                0x0000000000002a38      0x284 C:/ncs/sdk/nrfxlib/crypto/nrf_cc310_bl/lib/cortex-m4/hard-float/no-interrupts/libnrf_cc310_bl_0.9.12.a(pka_ec_wrst_dsa_verify.c.obj)
                0x0000000000002a38                PkaEcdsaVerify
 .text.nrf_cc310_bl_hash_update_internal
                0x0000000000002cbc       0xf0 C:/ncs/sdk/nrfxlib/crypto/nrf_cc310_bl/lib/cortex-m4/hard-float/no-interrupts/libnrf_cc310_bl_0.9.12.a(nrf_cc310_bl_hash.c.obj)
                0x0000000000002cbc                nrf_cc310_bl_hash_update_internal
 .text.PkaDoubleMdf2Mdf
                0x0000000000002dac      0x1ac C:/ncs/sdk/nrfxlib/crypto/nrf_cc310_bl/lib/cortex-m4/hard-float/no-interrupts/libnrf_cc310_bl_0.9.12.a(pka_ec_wrst.c.obj)
                0x0000000000002dac                PkaDoubleMdf2Mdf
 .text.PkaDoubleMdf2Jcb
                0x0000000000002f58      0x178 C:/ncs/sdk/nrfxlib/crypto/nrf_cc310_bl/lib/cortex-m4/hard-float/no-interrupts/libnrf_cc310_bl_0.9.12.a(pka_ec_wrst.c.obj)
                0x0000000000002f58                PkaDoubleMdf2Jcb
 .text.PkaAddJcbAfn2Mdf
                0x00000000000030d0      0x194 C:/ncs/sdk/nrfxlib/crypto/nrf_cc310_bl/lib/cortex-m4/hard-float/no-interrupts/libnrf_cc310_bl_0.9.12.a(pka_ec_wrst.c.obj)
                0x00000000000030d0                PkaAddJcbAfn2Mdf
 .text.PkaJcb2Afn
                0x0000000000003264       0xb0 C:/ncs/sdk/nrfxlib/crypto/nrf_cc310_bl/lib/cortex-m4/hard-float/no-interrupts/libnrf_cc310_bl_0.9.12.a(pka_ec_wrst.c.obj)
                0x0000000000003264                PkaJcb2Afn
 .text.PkaAddAff
                0x0000000000003314      0x114 C:/ncs/sdk/nrfxlib/crypto/nrf_cc310_bl/lib/cortex-m4/hard-float/no-interrupts/libnrf_cc310_bl_0.9.12.a(pka_ec_wrst.c.obj)
                0x0000000000003314                PkaAddAff
 .text.PkaSum2ScalarMullt
                0x0000000000003428      0x1e4 C:/ncs/sdk/nrfxlib/crypto/nrf_cc310_bl/lib/cortex-m4/hard-float/no-interrupts/libnrf_cc310_bl_0.9.12.a(pka_ec_wrst.c.obj)
                0x0000000000003428                PkaSum2ScalarMullt
 .text.SaSi_HalClearInterruptBit
                0x000000000000360c        0xc C:/ncs/sdk/nrfxlib/crypto/nrf_cc310_bl/lib/cortex-m4/hard-float/no-interrupts/libnrf_cc310_bl_0.9.12.a(ssi_hal.c.obj)
                0x000000000000360c                SaSi_HalClearInterruptBit
 .text.SaSi_HalMaskInterrupt
                0x0000000000003618        0xc C:/ncs/sdk/nrfxlib/crypto/nrf_cc310_bl/lib/cortex-m4/hard-float/no-interrupts/libnrf_cc310_bl_0.9.12.a(ssi_hal.c.obj)
                0x0000000000003618                SaSi_HalMaskInterrupt
 .text.SaSi_HalWaitInterrupt
                0x0000000000003624       0x18 C:/ncs/sdk/nrfxlib/crypto/nrf_cc310_bl/lib/cortex-m4/hard-float/no-interrupts/libnrf_cc310_bl_0.9.12.a(ssi_hal.c.obj)
                0x0000000000003624                SaSi_HalWaitInterrupt
 .text.nrf_cc3xx_platform_init_no_rng
                0x000000000000363c       0x38 C:/ncs/sdk/nrfxlib/crypto/nrf_cc310_platform/lib/cortex-m4/hard-float/no-interrupts/libnrf_cc310_platform_0.9.19.a(nrf_cc3xx_platform.c.obj)
                0x000000000000363c                nrf_cc3xx_platform_init_no_rng
 .text.nrf_cc3xx_platform_abort
                0x0000000000003674       0x24 C:/ncs/sdk/nrfxlib/crypto/nrf_cc310_platform/lib/cortex-m4/hard-float/no-interrupts/libnrf_cc310_platform_0.9.19.a(nrf_cc3xx_platform_abort.c.obj)
 .text.CC_PalAbort
                0x0000000000003698       0x38 C:/ncs/sdk/nrfxlib/crypto/nrf_cc310_platform/lib/cortex-m4/hard-float/no-interrupts/libnrf_cc310_platform_0.9.19.a(nrf_cc3xx_platform_abort.c.obj)
                0x0000000000003698                CC_PalAbort
 .text.nrf_cc3xx_platform_set_abort
                0x00000000000036d0       0x10 C:/ncs/sdk/nrfxlib/crypto/nrf_cc310_platform/lib/cortex-m4/hard-float/no-interrupts/libnrf_cc310_platform_0.9.19.a(nrf_cc3xx_platform_abort.c.obj)
                0x00000000000036d0                nrf_cc3xx_platform_set_abort
 .text.CC_LibInitNoRng
                0x00000000000036e0       0x64 C:/ncs/sdk/nrfxlib/crypto/nrf_cc310_platform/lib/cortex-m4/hard-float/no-interrupts/libnrf_cc310_platform_0.9.19.a(cc_lib.c.obj)
                0x00000000000036e0                CC_LibInitNoRng
 .text.CC_HalInit
                0x0000000000003744        0x4 C:/ncs/sdk/nrfxlib/crypto/nrf_cc310_platform/lib/cortex-m4/hard-float/no-interrupts/libnrf_cc310_platform_0.9.19.a(cc_hal.c.obj)
                0x0000000000003744                CC_HalInit
 .text.CC_HalTerminate
                0x0000000000003748        0x4 C:/ncs/sdk/nrfxlib/crypto/nrf_cc310_platform/lib/cortex-m4/hard-float/no-interrupts/libnrf_cc310_platform_0.9.19.a(cc_hal.c.obj)
                0x0000000000003748                CC_HalTerminate
 .text.CC_HalMaskInterrupt
                0x000000000000374c        0xc C:/ncs/sdk/nrfxlib/crypto/nrf_cc310_platform/lib/cortex-m4/hard-float/no-interrupts/libnrf_cc310_platform_0.9.19.a(cc_hal.c.obj)
                0x000000000000374c                CC_HalMaskInterrupt
 .text.CC_PalInit
                0x0000000000003758       0x5c C:/ncs/sdk/nrfxlib/crypto/nrf_cc310_platform/lib/cortex-m4/hard-float/no-interrupts/libnrf_cc310_platform_0.9.19.a(cc_pal.c.obj)
                0x0000000000003758                CC_PalInit
 .text.CC_PalTerminate
                0x00000000000037b4       0x34 C:/ncs/sdk/nrfxlib/crypto/nrf_cc310_platform/lib/cortex-m4/hard-float/no-interrupts/libnrf_cc310_platform_0.9.19.a(cc_pal.c.obj)
                0x00000000000037b4                CC_PalTerminate
 .text.CC_PalDmaInit
                0x00000000000037e8        0x4 C:/ncs/sdk/nrfxlib/crypto/nrf_cc310_platform/lib/cortex-m4/hard-float/no-interrupts/libnrf_cc310_platform_0.9.19.a(cc_pal_dma.c.obj)
                0x00000000000037e8                CC_PalDmaInit
 .text.CC_PalDmaTerminate
                0x00000000000037ec        0x4 C:/ncs/sdk/nrfxlib/crypto/nrf_cc310_platform/lib/cortex-m4/hard-float/no-interrupts/libnrf_cc310_platform_0.9.19.a(cc_pal_dma.c.obj)
                0x00000000000037ec                CC_PalDmaTerminate
 .text.CC_PalMutexCreate
                0x00000000000037f0       0x14 C:/ncs/sdk/nrfxlib/crypto/nrf_cc310_platform/lib/cortex-m4/hard-float/no-interrupts/libnrf_cc310_platform_0.9.19.a(cc_pal_mutex.c.obj)
                0x00000000000037f0                CC_PalMutexCreate
 .text.CC_PalMutexDestroy
                0x0000000000003804       0x14 C:/ncs/sdk/nrfxlib/crypto/nrf_cc310_platform/lib/cortex-m4/hard-float/no-interrupts/libnrf_cc310_platform_0.9.19.a(cc_pal_mutex.c.obj)
                0x0000000000003804                CC_PalMutexDestroy
 .text.CC_PalPowerSaveModeInit
                0x0000000000003818       0x3c C:/ncs/sdk/nrfxlib/crypto/nrf_cc310_platform/lib/cortex-m4/hard-float/no-interrupts/libnrf_cc310_platform_0.9.19.a(cc_pal_pm.c.obj)
                0x0000000000003818                CC_PalPowerSaveModeInit
 .text.CC_PalPowerSaveModeSelect
                0x0000000000003854       0x84 C:/ncs/sdk/nrfxlib/crypto/nrf_cc310_platform/lib/cortex-m4/hard-float/no-interrupts/libnrf_cc310_platform_0.9.19.a(cc_pal_pm.c.obj)
                0x0000000000003854                CC_PalPowerSaveModeSelect
 .text.mutex_free
                0x00000000000038d8       0x34 C:/ncs/sdk/nrfxlib/crypto/nrf_cc310_platform/lib/cortex-m4/hard-float/no-interrupts/libnrf_cc310_platform_0.9.19.a(nrf_cc3xx_platform_mutex.c.obj)
 .text.mutex_lock
                0x000000000000390c       0x48 C:/ncs/sdk/nrfxlib/crypto/nrf_cc310_platform/lib/cortex-m4/hard-float/no-interrupts/libnrf_cc310_platform_0.9.19.a(nrf_cc3xx_platform_mutex.c.obj)
 .text.mutex_unlock
                0x0000000000003954       0x38 C:/ncs/sdk/nrfxlib/crypto/nrf_cc310_platform/lib/cortex-m4/hard-float/no-interrupts/libnrf_cc310_platform_0.9.19.a(nrf_cc3xx_platform_mutex.c.obj)
 .text.mutex_init
                0x000000000000398c       0x20 C:/ncs/sdk/nrfxlib/crypto/nrf_cc310_platform/lib/cortex-m4/hard-float/no-interrupts/libnrf_cc310_platform_0.9.19.a(nrf_cc3xx_platform_mutex.c.obj)
 .text.skip_to_arg
                0x00000000000039ac      0x138 c:\ncs\toolchains\0b393f9e1b\opt\zephyr-sdk\arm-zephyr-eabi\bin\../lib/gcc/../../picolibc/arm-zephyr-eabi/lib/thumb/v7e-m+fp/hard\libc.a(libc_tinystdio_vfprintf.c.o)
 .text.vfprintf
                0x0000000000003ae4      0x9bc c:\ncs\toolchains\0b393f9e1b\opt\zephyr-sdk\arm-zephyr-eabi\bin\../lib/gcc/../../picolibc/arm-zephyr-eabi/lib/thumb/v7e-m+fp/hard\libc.a(libc_tinystdio_vfprintf.c.o)
                0x0000000000003ae4                __d_vfprintf
 .text.div10    0x00000000000044a0       0x28 c:\ncs\toolchains\0b393f9e1b\opt\zephyr-sdk\arm-zephyr-eabi\bin\../lib/gcc/../../picolibc/arm-zephyr-eabi/lib/thumb/v7e-m+fp/hard\libc.a(libc_tinystdio_dtoa_ryu.c.o)
 .text.__dtoa_engine
                0x00000000000044c8      0x4b0 c:\ncs\toolchains\0b393f9e1b\opt\zephyr-sdk\arm-zephyr-eabi\bin\../lib/gcc/../../picolibc/arm-zephyr-eabi/lib/thumb/v7e-m+fp/hard\libc.a(libc_tinystdio_dtoa_ryu.c.o)
                0x00000000000044c8                __dtoa_engine
 .text.__log10Pow2
                0x0000000000004978        0xc c:\ncs\toolchains\0b393f9e1b\opt\zephyr-sdk\arm-zephyr-eabi\bin\../lib/gcc/../../picolibc/arm-zephyr-eabi/lib/thumb/v7e-m+fp/hard\libc.a(libc_tinystdio_ryu_log10.c.o)
                0x0000000000004978                __log10Pow2
 .text.__log10Pow5
                0x0000000000004984        0xc c:\ncs\toolchains\0b393f9e1b\opt\zephyr-sdk\arm-zephyr-eabi\bin\../lib/gcc/../../picolibc/arm-zephyr-eabi/lib/thumb/v7e-m+fp/hard\libc.a(libc_tinystdio_ryu_log10.c.o)
                0x0000000000004984                __log10Pow5
 .text.__pow5bits
                0x0000000000004990       0x10 c:\ncs\toolchains\0b393f9e1b\opt\zephyr-sdk\arm-zephyr-eabi\bin\../lib/gcc/../../picolibc/arm-zephyr-eabi/lib/thumb/v7e-m+fp/hard\libc.a(libc_tinystdio_ryu_pow5bits.c.o)
                0x0000000000004990                __pow5bits
 .text.__pow5Factor
                0x00000000000049a0       0x30 c:\ncs\toolchains\0b393f9e1b\opt\zephyr-sdk\arm-zephyr-eabi\bin\../lib/gcc/../../picolibc/arm-zephyr-eabi/lib/thumb/v7e-m+fp/hard\libc.a(libc_tinystdio_ryu_table.c.o)
                0x00000000000049a0                __pow5Factor
 .text.__double_computePow5
                0x00000000000049d0       0xe8 c:\ncs\toolchains\0b393f9e1b\opt\zephyr-sdk\arm-zephyr-eabi\bin\../lib/gcc/../../picolibc/arm-zephyr-eabi/lib/thumb/v7e-m+fp/hard\libc.a(libc_tinystdio_ryu_table.c.o)
                0x00000000000049d0                __double_computePow5
 .text.__double_computeInvPow5
                0x0000000000004ab8       0xf8 c:\ncs\toolchains\0b393f9e1b\opt\zephyr-sdk\arm-zephyr-eabi\bin\../lib/gcc/../../picolibc/arm-zephyr-eabi/lib/thumb/v7e-m+fp/hard\libc.a(libc_tinystdio_ryu_table.c.o)
                0x0000000000004ab8                __double_computeInvPow5
 .text._OffsetAbsSyms
                0x0000000000004bb0        0x2 zephyr/CMakeFiles/offsets.dir/./arch/arm/core/offsets/offsets.c.obj
                0x0000000000004bb0                _OffsetAbsSyms
 .text.chunk_field
                0x0000000000004bb2       0x16 zephyr/libzephyr.a(heap.c.obj)
 .text.chunk_set
                0x0000000000004bc8       0x16 zephyr/libzephyr.a(heap.c.obj)
 .text.chunk_size
                0x0000000000004bde        0xc zephyr/libzephyr.a(heap.c.obj)
 .text.set_chunk_used
                0x0000000000004bea       0x30 zephyr/libzephyr.a(heap.c.obj)
 .text.set_chunk_size
                0x0000000000004c1a        0x8 zephyr/libzephyr.a(heap.c.obj)
 .text.bucket_idx.isra.0
                0x0000000000004c22       0x1c zephyr/libzephyr.a(heap.c.obj)
 .text.free_list_add
                0x0000000000004c3e       0x84 zephyr/libzephyr.a(heap.c.obj)
 .text.sys_heap_init
                0x0000000000004cc2       0xb0 zephyr/libzephyr.a(heap.c.obj)
                0x0000000000004cc2                sys_heap_init
 .text.arch_printk_char_out
                0x0000000000004d72        0x4 zephyr/libzephyr.a(printk.c.obj)
                0x0000000000004d72                arch_printk_char_out
 .text.printk   0x0000000000004d76       0x1a zephyr/libzephyr.a(printk.c.obj)
                0x0000000000004d76                printk
 .text.onoff_manager_init
                0x0000000000004d90       0x26 zephyr/libzephyr.a(onoff.c.obj)
                0x0000000000004d90                onoff_manager_init
 .text._ConfigAbsSyms
                0x0000000000004db6        0x2 zephyr/libzephyr.a(configs.c.obj)
                0x0000000000004db6                _ConfigAbsSyms
 .text.z_log_minimal_printk
                0x0000000000004db8       0x1a zephyr/libzephyr.a(log_minimal.c.obj)
                0x0000000000004db8                z_log_minimal_printk
 .text.abort_function
                0x0000000000004dd2        0x2 zephyr/libzephyr.a(nrf_cc3xx_platform_abort_zephyr.c.obj)
 .text.nrf_cc3xx_platform_mutex_init
                0x0000000000004dd4        0x2 zephyr/libzephyr.a(nrf_cc3xx_platform_no_mutex_zephyr.c.obj)
                0x0000000000004dd4                nrf_cc3xx_platform_mutex_init
 .text.z_arm_fatal_error
                0x0000000000004dd6        0xc zephyr/arch/arch/arm/core/libarch__arm__core.a(fatal.c.obj)
                0x0000000000004dd6                z_arm_fatal_error
 .text.z_do_kernel_oops
                0x0000000000004de2        0x8 zephyr/arch/arch/arm/core/libarch__arm__core.a(fatal.c.obj)
                0x0000000000004de2                z_do_kernel_oops
 .text.z_arm_nmi
                0x0000000000004dea        0xe zephyr/arch/arch/arm/core/libarch__arm__core.a(nmi.c.obj)
                0x0000000000004dea                z_arm_nmi
 .text._HandlerModeExit
                0x0000000000004df8        0x2 zephyr/arch/arch/arm/core/cortex_m/libarch__arm__core__cortex_m.a(exc_exit.c.obj)
                0x0000000000004df8                z_arm_int_exit
                0x0000000000004df8                z_arm_exc_exit
 .text.z_irq_spurious
                0x0000000000004dfa        0x8 zephyr/arch/arch/arm/core/cortex_m/libarch__arm__core__cortex_m.a(irq_manage.c.obj)
                0x0000000000004dfa                z_irq_spurious
 .text.arch_irq_unlock_outlined
                0x0000000000004e02        0xe zephyr/arch/arch/arm/core/cortex_m/libarch__arm__core__cortex_m.a(thread.c.obj)
                0x0000000000004e02                arch_irq_unlock_outlined
 .text.arch_irq_lock_outlined
                0x0000000000004e10       0x10 zephyr/arch/arch/arm/core/cortex_m/libarch__arm__core__cortex_m.a(thread.c.obj)
                0x0000000000004e10                arch_irq_lock_outlined
 .text.picolibc_put
                0x0000000000004e20        0xa zephyr/lib/libc/picolibc/liblib__libc__picolibc.a(stdio.c.obj)
 .text.get_status
                0x0000000000004e2a       0x12 zephyr/drivers/clock_control/libdrivers__clock_control.a(clock_control_nrf.c.obj)
 .text.stop     0x0000000000004e3c       0x50 zephyr/drivers/clock_control/libdrivers__clock_control.a(clock_control_nrf.c.obj)
 .text.api_stop
                0x0000000000004e8c        0x6 zephyr/drivers/clock_control/libdrivers__clock_control.a(clock_control_nrf.c.obj)
 .text.async_start
                0x0000000000004e92       0x5a zephyr/drivers/clock_control/libdrivers__clock_control.a(clock_control_nrf.c.obj)
 .text.api_start
                0x0000000000004eec        0xe zephyr/drivers/clock_control/libdrivers__clock_control.a(clock_control_nrf.c.obj)
 .text.api_blocking_start
                0x0000000000004efa        0x6 zephyr/drivers/clock_control/libdrivers__clock_control.a(clock_control_nrf.c.obj)
 .text.onoff_started_callback
                0x0000000000004f00       0x14 zephyr/drivers/clock_control/libdrivers__clock_control.a(clock_control_nrf.c.obj)
 .text.lfclk_start
                0x0000000000004f14        0x6 zephyr/drivers/clock_control/libdrivers__clock_control.a(clock_control_nrf.c.obj)
 .text.lfclk_stop
                0x0000000000004f1a        0x6 zephyr/drivers/clock_control/libdrivers__clock_control.a(clock_control_nrf.c.obj)
 .text.pinctrl_lookup_state
                0x0000000000004f20       0x26 zephyr/drivers/pinctrl/libdrivers__pinctrl.a(common.c.obj)
                0x0000000000004f20                pinctrl_lookup_state
 .text.uarte_nrfx_err_check
                0x0000000000004f46        0xe zephyr/drivers/serial/libdrivers__serial.a(uart_nrfx_uarte.c.obj)
 .text.uarte_nrfx_poll_in
                0x0000000000004f54       0x26 zephyr/drivers/serial/libdrivers__serial.a(uart_nrfx_uarte.c.obj)
 .text.is_tx_ready.isra.0
                0x0000000000004f7a       0x20 zephyr/drivers/serial/libdrivers__serial.a(uart_nrfx_uarte.c.obj)
 .text.uarte_nrfx_isr_int
                0x0000000000004f9a       0x42 zephyr/drivers/serial/libdrivers__serial.a(uart_nrfx_uarte.c.obj)
 .text.fprotect_set_permission
                0x0000000000004fdc       0x7e modules/nrf/lib/fprotect/lib..__nrf__lib__fprotect.a(fprotect_acl.c.obj)
 .text.fprotect_area
                0x000000000000505a        0x6 modules/nrf/lib/fprotect/lib..__nrf__lib__fprotect.a(fprotect_acl.c.obj)
                0x000000000000505a                fprotect_area
 .text.bl_sha256_verify
                0x0000000000005060       0x2e modules/nrf/subsys/bootloader/bl_crypto/lib..__nrf__subsys__bootloader__bl_crypto.a(bl_crypto.c.obj)
                0x0000000000005060                bl_sha256_verify
 .text.root_of_trust_verify
                0x000000000000508e       0x68 modules/nrf/subsys/bootloader/bl_crypto/lib..__nrf__subsys__bootloader__bl_crypto.a(bl_crypto.c.obj)
 .text.bl_root_of_trust_verify_external
                0x00000000000050f6       0x12 modules/nrf/subsys/bootloader/bl_crypto/lib..__nrf__subsys__bootloader__bl_crypto.a(bl_crypto.c.obj)
                0x00000000000050f6                bl_root_of_trust_verify_external
 .text.bl_crypto_init
                0x0000000000005108        0xe modules/nrf/subsys/bootloader/bl_crypto/lib..__nrf__subsys__bootloader__bl_crypto.a(bl_crypto.c.obj)
                0x0000000000005108                bl_crypto_init
 .text.bl_root_of_trust_verify
                0x0000000000005116       0x12 modules/nrf/subsys/bootloader/bl_crypto/lib..__nrf__subsys__bootloader__bl_crypto.a(bl_crypto.c.obj)
                0x0000000000005116                bl_root_of_trust_verify
 .text.crypto_init_signing
                0x0000000000005128        0x4 modules/nrf/subsys/bootloader/bl_crypto/lib..__nrf__subsys__bootloader__bl_crypto.a(bl_crypto_cc310_ecdsa.c.obj)
                0x0000000000005128                crypto_init_signing
 .text.bl_secp256r1_validate
                0x000000000000512c       0x56 modules/nrf/subsys/bootloader/bl_crypto/lib..__nrf__subsys__bootloader__bl_crypto.a(bl_crypto_cc310_ecdsa.c.obj)
                0x000000000000512c                bl_secp256r1_validate
 .text.hash_blocks
                0x0000000000005182       0x62 modules/nrf/subsys/bootloader/bl_crypto/lib..__nrf__subsys__bootloader__bl_crypto.a(bl_crypto_cc310_hash.c.obj)
 .text.crypto_init_hash
                0x00000000000051e4        0x4 modules/nrf/subsys/bootloader/bl_crypto/lib..__nrf__subsys__bootloader__bl_crypto.a(bl_crypto_cc310_hash.c.obj)
                0x00000000000051e4                crypto_init_hash
 .text.bl_sha256_update
                0x00000000000051e8        0x6 modules/nrf/subsys/bootloader/bl_crypto/lib..__nrf__subsys__bootloader__bl_crypto.a(bl_crypto_cc310_hash.c.obj)
                0x00000000000051e8                bl_sha256_update
 .text.bl_sha256_finalize
                0x00000000000051ee       0x38 modules/nrf/subsys/bootloader/bl_crypto/lib..__nrf__subsys__bootloader__bl_crypto.a(bl_crypto_cc310_hash.c.obj)
                0x00000000000051ee                bl_sha256_finalize
 .text.get_hash
                0x0000000000005226       0x2e modules/nrf/subsys/bootloader/bl_crypto/lib..__nrf__subsys__bootloader__bl_crypto.a(bl_crypto_cc310_hash.c.obj)
                0x0000000000005226                get_hash
 .text.bl_validate_firmware
                0x0000000000005254       0x1c modules/nrf/subsys/bootloader/bl_validation/lib..__nrf__subsys__bootloader__bl_validation.a(bl_validation.c.obj)
                0x0000000000005254                bl_validate_firmware
 .text.bl_validate_firmware_local
                0x0000000000005270        0xa modules/nrf/subsys/bootloader/bl_validation/lib..__nrf__subsys__bootloader__bl_validation.a(bl_validation.c.obj)
                0x0000000000005270                bl_validate_firmware_local
 .text.get_counter_struct
                0x000000000000527a       0x58 modules/nrf/subsys/bootloader/bl_storage/lib..__nrf__subsys__bootloader__bl_storage.a(bl_storage.c.obj)
 .text.s0_address_read
                0x00000000000052d2        0x8 modules/nrf/subsys/bootloader/bl_storage/lib..__nrf__subsys__bootloader__bl_storage.a(bl_storage.c.obj)
                0x00000000000052d2                s0_address_read
 .text.s1_address_read
                0x00000000000052da        0x8 modules/nrf/subsys/bootloader/bl_storage/lib..__nrf__subsys__bootloader__bl_storage.a(bl_storage.c.obj)
                0x00000000000052da                s1_address_read
 .text.num_public_keys_read
                0x00000000000052e2        0x8 modules/nrf/subsys/bootloader/bl_storage/lib..__nrf__subsys__bootloader__bl_storage.a(bl_storage.c.obj)
                0x00000000000052e2                num_public_keys_read
 .text.verify_public_keys
                0x00000000000052ea       0x52 modules/nrf/subsys/bootloader/bl_storage/lib..__nrf__subsys__bootloader__bl_storage.a(bl_storage.c.obj)
                0x00000000000052ea                verify_public_keys
 .text.public_key_data_read
                0x000000000000533c       0x5c modules/nrf/subsys/bootloader/bl_storage/lib..__nrf__subsys__bootloader__bl_storage.a(bl_storage.c.obj)
                0x000000000000533c                public_key_data_read
 .text.num_monotonic_counter_slots
                0x0000000000005398       0x2c modules/nrf/subsys/bootloader/bl_storage/lib..__nrf__subsys__bootloader__bl_storage.a(bl_storage.c.obj)
                0x0000000000005398                num_monotonic_counter_slots
 .text.get_counter
                0x00000000000053c4       0x58 modules/nrf/subsys/bootloader/bl_storage/lib..__nrf__subsys__bootloader__bl_storage.a(bl_storage.c.obj)
                0x00000000000053c4                get_counter
 .text.get_monotonic_counter
                0x000000000000541c        0x6 modules/nrf/subsys/bootloader/bl_storage/lib..__nrf__subsys__bootloader__bl_storage.a(bl_storage.c.obj)
                0x000000000000541c                get_monotonic_counter
 .text.set_monotonic_counter
                0x0000000000005422       0x38 modules/nrf/subsys/bootloader/bl_storage/lib..__nrf__subsys__bootloader__bl_storage.a(bl_storage.c.obj)
                0x0000000000005422                set_monotonic_counter
 .text.skip_ext_apis
                0x000000000000545a       0x16 modules/nrf/subsys/fw_info/lib..__nrf__subsys__fw_info.a(fw_info.c.obj)
                0x000000000000545a                skip_ext_apis
 .text.hw_cc3xx_init_internal
                0x0000000000005470        0x4 modules/nrf/drivers/hw_cc3xx/lib..__nrf__drivers__hw_cc3xx.a(hw_cc3xx.c.obj)
 .text.hw_cc3xx_init
                0x0000000000005474       0x12 modules/nrf/drivers/hw_cc3xx/lib..__nrf__drivers__hw_cc3xx.a(hw_cc3xx.c.obj)
 .text.nrfx_isr
                0x0000000000005486        0x2 modules/hal_nordic/modules/hal_nordic/nrfx/libmodules__hal_nordic__nrfx.a(nrfx_glue.c.obj)
                0x0000000000005486                nrfx_isr
 .text.nrfx_busy_wait
                0x0000000000005488        0x4 modules/hal_nordic/modules/hal_nordic/nrfx/libmodules__hal_nordic__nrfx.a(nrfx_glue.c.obj)
                0x0000000000005488                nrfx_busy_wait
 .text.nrfx_gppi_channel_endpoints_setup
                0x000000000000548c       0x14 modules/hal_nordic/modules/hal_nordic/nrfx/libmodules__hal_nordic__nrfx.a(nrfx_gppi_ppi.c.obj)
                0x000000000000548c                nrfx_gppi_channel_endpoints_setup
 .text.nrfx_gppi_channel_alloc
                0x00000000000054a0        0x4 modules/hal_nordic/modules/hal_nordic/nrfx/libmodules__hal_nordic__nrfx.a(nrfx_gppi_ppi.c.obj)
                0x00000000000054a0                nrfx_gppi_channel_alloc
 .text.nrfx_clock_stop
                0x00000000000054a4        0x4 modules/hal_nordic/modules/hal_nordic/nrfx/libmodules__hal_nordic__nrfx.a(nrfx_clock.c.obj)
                0x00000000000054a4                nrfx_clock_stop
 .text.partial_word_create
                0x00000000000054a8       0x1c modules/hal_nordic/modules/hal_nordic/nrfx/libmodules__hal_nordic__nrfx.a(nrfx_nvmc.c.obj)
 .text.nrfx_nvmc_halfword_write
                0x00000000000054c4       0x20 modules/hal_nordic/modules/hal_nordic/nrfx/libmodules__hal_nordic__nrfx.a(nrfx_nvmc.c.obj)
                0x00000000000054c4                nrfx_nvmc_halfword_write
 .text.nrfx_nvmc_otp_halfword_read
                0x00000000000054e4       0x10 modules/hal_nordic/modules/hal_nordic/nrfx/libmodules__hal_nordic__nrfx.a(nrfx_nvmc.c.obj)
                0x00000000000054e4                nrfx_nvmc_otp_halfword_read
 .text.rtt_init
                0x00000000000054f4        0xa modules/segger/libmodules__segger.a(SEGGER_RTT_zephyr.c.obj)
 .text.z_impl_k_busy_wait
                0x00000000000054fe        0x8 zephyr/kernel/libkernel.a(busy_wait.c.obj)
                0x00000000000054fe                z_impl_k_busy_wait
 .text.z_device_state_init
                0x0000000000005506        0x2 zephyr/kernel/libkernel.a(device.c.obj)
                0x0000000000005506                z_device_state_init
 .text.z_impl_device_is_ready
                0x0000000000005508       0x16 zephyr/kernel/libkernel.a(device.c.obj)
                0x0000000000005508                z_impl_device_is_ready
 .text.arch_system_halt
                0x000000000000551e       0x10 zephyr/kernel/libkernel.a(fatal.c.obj)
                0x000000000000551e                arch_system_halt
 .text.k_sys_fatal_error_handler
                0x000000000000552e        0x6 zephyr/kernel/libkernel.a(fatal.c.obj)
                0x000000000000552e                k_sys_fatal_error_handler
 .text.z_fatal_error
                0x0000000000005534       0x1e zephyr/kernel/libkernel.a(fatal.c.obj)
                0x0000000000005534                z_fatal_error
 .text.do_device_init
                0x0000000000005552       0x30 zephyr/kernel/libkernel.a(init.c.obj)
 .text.z_early_memset
                0x0000000000005582        0x4 zephyr/kernel/libkernel.a(init.c.obj)
                0x0000000000005582                z_early_memset
 .text.z_early_memcpy
                0x0000000000005586        0x4 zephyr/kernel/libkernel.a(init.c.obj)
                0x0000000000005586                z_early_memcpy
 .text.z_init_static
                0x000000000000558a        0x2 zephyr/kernel/libkernel.a(init_static.c.obj)
                0x000000000000558a                z_init_static
 .text.k_is_in_isr
                0x000000000000558c        0xc zephyr/kernel/libkernel.a(nothread.c.obj)
                0x000000000000558c                k_is_in_isr
 .text.nrf_cc310_bl_ecdsa_verify_secp256r1
                0x0000000000005598       0x26 C:/ncs/sdk/nrfxlib/crypto/nrf_cc310_bl/lib/cortex-m4/hard-float/no-interrupts/libnrf_cc310_bl_0.9.12.a(nrf_cc310_bl_ecdsa_verify_secp256r1.c.obj)
                0x0000000000005598                nrf_cc310_bl_ecdsa_verify_secp256r1
 .text.PkaInitAndMutexLock
                0x00000000000055be        0x8 C:/ncs/sdk/nrfxlib/crypto/nrf_cc310_bl/lib/cortex-m4/hard-float/no-interrupts/libnrf_cc310_bl_0.9.12.a(pka.c.obj)
                0x00000000000055be                PkaInitAndMutexLock
 .text.SaSi_PalMemCopy
                0x00000000000055c6        0x4 C:/ncs/sdk/nrfxlib/crypto/nrf_cc310_bl/lib/cortex-m4/hard-float/no-interrupts/libnrf_cc310_bl_0.9.12.a(ssi_pal_mem.c.obj)
                0x00000000000055c6                SaSi_PalMemCopy
 .text.SaSi_PalMemSet
                0x00000000000055ca        0x4 C:/ncs/sdk/nrfxlib/crypto/nrf_cc310_bl/lib/cortex-m4/hard-float/no-interrupts/libnrf_cc310_bl_0.9.12.a(ssi_pal_mem.c.obj)
                0x00000000000055ca                SaSi_PalMemSet
 .text.SaSi_PalMemSetZero
                0x00000000000055ce        0x8 C:/ncs/sdk/nrfxlib/crypto/nrf_cc310_bl/lib/cortex-m4/hard-float/no-interrupts/libnrf_cc310_bl_0.9.12.a(ssi_pal_mem.c.obj)
                0x00000000000055ce                SaSi_PalMemSetZero
 .text.CRYS_COMMON_ReverseMemcpy32
                0x00000000000055d6       0x1a C:/ncs/sdk/nrfxlib/crypto/nrf_cc310_bl/lib/cortex-m4/hard-float/no-interrupts/libnrf_cc310_bl_0.9.12.a(crys_common_conv_endian.c.obj)
                0x00000000000055d6                CRYS_COMMON_ReverseMemcpy32
 .text.memcpy   0x00000000000055f0       0x1c c:\ncs\toolchains\0b393f9e1b\opt\zephyr-sdk\arm-zephyr-eabi\bin\../lib/gcc/../../picolibc/arm-zephyr-eabi/lib/thumb/v7e-m+fp/hard\libc.a(memcpy.c.o)
                0x00000000000055f0                __aeabi_memcpy
                0x00000000000055f0                __aeabi_memcpy4
                0x00000000000055f0                __aeabi_memcpy8
                0x00000000000055f0                memcpy
 .text.memmove  0x000000000000560c       0x34 c:\ncs\toolchains\0b393f9e1b\opt\zephyr-sdk\arm-zephyr-eabi\bin\../lib/gcc/../../picolibc/arm-zephyr-eabi/lib/thumb/v7e-m+fp/hard\libc.a(memmove.c.o)
                0x000000000000560c                __aeabi_memmove8
                0x000000000000560c                __aeabi_memmove
                0x000000000000560c                __aeabi_memmove4
                0x000000000000560c                memmove
 .text.memset   0x0000000000005640       0x10 c:\ncs\toolchains\0b393f9e1b\opt\zephyr-sdk\arm-zephyr-eabi\bin\../lib/gcc/../../picolibc/arm-zephyr-eabi/lib/thumb/v7e-m+fp/hard\libc.a(memset.c.o)
                0x0000000000005640                memset
 .text.memcmp   0x0000000000005650       0x20 c:\ncs\toolchains\0b393f9e1b\opt\zephyr-sdk\arm-zephyr-eabi\bin\../lib/gcc/../../picolibc/arm-zephyr-eabi/lib/thumb/v7e-m+fp/hard\libc.a(libc_string_memcmp.c.o)
                0x0000000000005650                memcmp
 .text.strnlen  0x0000000000005670       0x18 c:\ncs\toolchains\0b393f9e1b\opt\zephyr-sdk\arm-zephyr-eabi\bin\../lib/gcc/../../picolibc/arm-zephyr-eabi/lib/thumb/v7e-m+fp/hard\libc.a(libc_string_strnlen.c.o)
                0x0000000000005670                strnlen
 .text.__ultoa_invert
                0x0000000000005688       0x50 c:\ncs\toolchains\0b393f9e1b\opt\zephyr-sdk\arm-zephyr-eabi\bin\../lib/gcc/../../picolibc/arm-zephyr-eabi/lib/thumb/v7e-m+fp/hard\libc.a(libc_tinystdio_vfprintf.c.o)
 .text.mulShiftAll64
                0x00000000000056d8      0x17a c:\ncs\toolchains\0b393f9e1b\opt\zephyr-sdk\arm-zephyr-eabi\bin\../lib/gcc/../../picolibc/arm-zephyr-eabi/lib/thumb/v7e-m+fp/hard\libc.a(libc_tinystdio_dtoa_ryu.c.o)
 .text.__umul128
                0x0000000000005852       0x36 c:\ncs\toolchains\0b393f9e1b\opt\zephyr-sdk\arm-zephyr-eabi\bin\../lib/gcc/../../picolibc/arm-zephyr-eabi/lib/thumb/v7e-m+fp/hard\libc.a(libc_tinystdio_ryu_umul128.c.o)
                0x0000000000005852                __umul128
 .text.__shiftright128
                0x0000000000005888       0x3e c:\ncs\toolchains\0b393f9e1b\opt\zephyr-sdk\arm-zephyr-eabi\bin\../lib/gcc/../../picolibc/arm-zephyr-eabi/lib/thumb/v7e-m+fp/hard\libc.a(libc_tinystdio_ryu_umul128.c.o)
                0x0000000000005888                __shiftright128
 .text.__dtox_engine
                0x00000000000058c6      0x12e c:\ncs\toolchains\0b393f9e1b\opt\zephyr-sdk\arm-zephyr-eabi\bin\../lib/gcc/../../picolibc/arm-zephyr-eabi/lib/thumb/v7e-m+fp/hard\libc.a(libc_tinystdio_dtox_engine.c.o)
                0x00000000000058c6                __dtox_engine
 *(SORT_BY_ALIGNMENT(.TEXT.*))
 *(SORT_BY_ALIGNMENT(.gnu.linkonce.t.*))
 *(SORT_BY_ALIGNMENT(.glue_7t))
 .glue_7t       0x00000000000059f4        0x0 linker stubs
 *(SORT_BY_ALIGNMENT(.glue_7))
 .glue_7        0x00000000000059f4        0x0 linker stubs
 *(SORT_BY_ALIGNMENT(.vfp11_veneer))
 .vfp11_veneer  0x00000000000059f4        0x0 linker stubs
 *(SORT_BY_ALIGNMENT(.v4_bx))
 .v4_bx         0x00000000000059f4        0x0 linker stubs
                0x00000000000059f4                . = ALIGN (0x4)
                0x00000000000059f4                __text_region_end = .

.ARM.exidx      0x00000000000059f4        0x8
                0x00000000000059f4                __exidx_start = .
 *(SORT_BY_ALIGNMENT(.ARM.exidx*) SORT_BY_ALIGNMENT(gnu.linkonce.armexidx.*))
 .ARM.exidx     0x00000000000059f4        0x8 c:/ncs/toolchains/0b393f9e1b/opt/zephyr-sdk/arm-zephyr-eabi/bin/../lib/gcc/arm-zephyr-eabi/12.2.0/thumb/v7e-m+fp/hard\libgcc.a(_udivmoddi4.o)
                0x00000000000059fc                __exidx_end = .
                0x00000000000059fc                __rodata_region_start = .

initlevel       0x00000000000059fc       0x48
                0x00000000000059fc                __init_start = .
                0x00000000000059fc                __init_EARLY_start = .
 *(SORT_BY_NAME(SORT_BY_ALIGNMENT(.z_init_EARLY?_*)))
 *(SORT_BY_NAME(SORT_BY_ALIGNMENT(.z_init_EARLY??_*)))
                0x00000000000059fc                __init_PRE_KERNEL_1_start = .
 *(SORT_BY_NAME(SORT_BY_ALIGNMENT(.z_init_PRE_KERNEL_1?_*)))
 .z_init_PRE_KERNEL_10_0_
                0x00000000000059fc        0x8 zephyr/soc/soc/nrf52840/libsoc__nordic.a(soc.c.obj)
 *(SORT_BY_NAME(SORT_BY_ALIGNMENT(.z_init_PRE_KERNEL_1??_*)))
 .z_init_PRE_KERNEL_130_00075_
                0x0000000000005a04        0x8 zephyr/drivers/clock_control/libdrivers__clock_control.a(clock_control_nrf.c.obj)
 .z_init_PRE_KERNEL_130_0_
                0x0000000000005a0c        0x8 modules/segger/libmodules__segger.a(SEGGER_RTT_zephyr.c.obj)
 .z_init_PRE_KERNEL_140_0_
                0x0000000000005a14        0x8 modules/nrf/drivers/hw_cc3xx/lib..__nrf__drivers__hw_cc3xx.a(hw_cc3xx.c.obj)
 .z_init_PRE_KERNEL_150_00113_
                0x0000000000005a1c        0x8 zephyr/drivers/serial/libdrivers__serial.a(uart_nrfx_uarte.c.obj)
 .z_init_PRE_KERNEL_160_0_
                0x0000000000005a24        0x8 zephyr/drivers/console/libdrivers__console.a(uart_console.c.obj)
                0x0000000000005a2c                __init_PRE_KERNEL_2_start = .
 *(SORT_BY_NAME(SORT_BY_ALIGNMENT(.z_init_PRE_KERNEL_2?_*)))
 *(SORT_BY_NAME(SORT_BY_ALIGNMENT(.z_init_PRE_KERNEL_2??_*)))
                0x0000000000005a2c                __init_POST_KERNEL_start = .
 *(SORT_BY_NAME(SORT_BY_ALIGNMENT(.z_init_POST_KERNEL?_*)))
 *(SORT_BY_NAME(SORT_BY_ALIGNMENT(.z_init_POST_KERNEL??_*)))
 .z_init_POST_KERNEL35_0_
                0x0000000000005a2c        0x8 zephyr/lib/libc/common/liblib__libc__common.a(malloc.c.obj)
 .z_init_POST_KERNEL40_0_
                0x0000000000005a34        0x8 modules/nrf/drivers/hw_cc3xx/lib..__nrf__drivers__hw_cc3xx.a(hw_cc3xx.c.obj)
 .z_init_POST_KERNEL90_0_
                0x0000000000005a3c        0x8 modules/nrf/subsys/fw_info/lib..__nrf__subsys__fw_info.a(fw_info.c.obj)
                0x0000000000005a44                __init_APPLICATION_start = .
 *(SORT_BY_NAME(SORT_BY_ALIGNMENT(.z_init_APPLICATION?_*)))
 *(SORT_BY_NAME(SORT_BY_ALIGNMENT(.z_init_APPLICATION??_*)))
                0x0000000000005a44                __init_SMP_start = .
 *(SORT_BY_NAME(SORT_BY_ALIGNMENT(.z_init_SMP?_*)))
 *(SORT_BY_NAME(SORT_BY_ALIGNMENT(.z_init_SMP??_*)))
                0x0000000000005a44                __init_end = .
                0x0000000000005a44                __deferred_init_list_start = .
 *(SORT_BY_ALIGNMENT(.z_deferred_init*))
                0x0000000000005a44                __deferred_init_list_end = .

device_area     0x0000000000005a44       0x28
                0x0000000000005a44                _device_list_start = .
 *(SORT_BY_NAME(SORT_BY_ALIGNMENT(._device.static.*_?_*)))
 *(SORT_BY_NAME(SORT_BY_ALIGNMENT(._device.static.*_??_*)))
 ._device.static.1_30_
                0x0000000000005a44       0x14 zephyr/drivers/clock_control/libdrivers__clock_control.a(clock_control_nrf.c.obj)
                0x0000000000005a44                __device_dts_ord_75
 ._device.static.1_50_
                0x0000000000005a58       0x14 zephyr/drivers/serial/libdrivers__serial.a(uart_nrfx_uarte.c.obj)
                0x0000000000005a58                __device_dts_ord_113
                0x0000000000005a6c                _device_list_end = .

sw_isr_table    0x0000000000005a6c      0x180
                0x0000000000005a6c                . = ALIGN (0x4)
 *(SORT_BY_ALIGNMENT(.gnu.linkonce.sw_isr_table*))
 .gnu.linkonce.sw_isr_table
                0x0000000000005a6c      0x180 zephyr/CMakeFiles/zephyr_final.dir/isr_tables.c.obj
                0x0000000000005a6c                _sw_isr_table

initlevel_error
                0x00000000000059fc        0x0
 *(SORT_BY_NAME(SORT_BY_ALIGNMENT(.z_init_[_A-Z0-9]*)))
                0x0000000000000001                ASSERT ((SIZEOF (initlevel_error) == 0x0), Undefined initialization levels used.)

app_shmem_regions
                0x0000000000005bec        0x0
                0x0000000000005bec                __app_shmem_regions_start = .
 *(SORT_BY_NAME(SORT_BY_ALIGNMENT(.app_regions.*)))
                0x0000000000005bec                __app_shmem_regions_end = .

k_p4wq_initparam_area
                0x0000000000005bec        0x0
                0x0000000000005bec                _k_p4wq_initparam_list_start = .
 *(SORT_BY_NAME(SORT_BY_ALIGNMENT(._k_p4wq_initparam.static.*)))
                0x0000000000005bec                _k_p4wq_initparam_list_end = .

_static_thread_data_area
                0x0000000000005bec        0x0
                0x0000000000005bec                __static_thread_data_list_start = .
 *(SORT_BY_NAME(SORT_BY_ALIGNMENT(.__static_thread_data.static.*)))
                0x0000000000005bec                __static_thread_data_list_end = .

device_deps     0x0000000000005bec        0x0
                0x0000000000005bec                __device_deps_start = .
 *(SORT_BY_NAME(SORT_BY_ALIGNMENT(.__device_deps_pass2*)))
                0x0000000000005bec                __device_deps_end = .

shared_irq_driver_api_area
                0x0000000000005bec        0x0
                0x0000000000005bec                _shared_irq_driver_api_list_start = .
 *(SORT_BY_NAME(SORT_BY_ALIGNMENT(._shared_irq_driver_api.static.*)))
                0x0000000000005bec                _shared_irq_driver_api_list_end = .

crypto_driver_api_area
                0x0000000000005bec        0x0
                0x0000000000005bec                _crypto_driver_api_list_start = .
 *(SORT_BY_NAME(SORT_BY_ALIGNMENT(._crypto_driver_api.static.*)))
                0x0000000000005bec                _crypto_driver_api_list_end = .

adc_driver_api_area
                0x0000000000005bec        0x0
                0x0000000000005bec                _adc_driver_api_list_start = .
 *(SORT_BY_NAME(SORT_BY_ALIGNMENT(._adc_driver_api.static.*)))
                0x0000000000005bec                _adc_driver_api_list_end = .

auxdisplay_driver_api_area
                0x0000000000005bec        0x0
                0x0000000000005bec                _auxdisplay_driver_api_list_start = .
 *(SORT_BY_NAME(SORT_BY_ALIGNMENT(._auxdisplay_driver_api.static.*)))
                0x0000000000005bec                _auxdisplay_driver_api_list_end = .

bbram_driver_api_area
                0x0000000000005bec        0x0
                0x0000000000005bec                _bbram_driver_api_list_start = .
 *(SORT_BY_NAME(SORT_BY_ALIGNMENT(._bbram_driver_api.static.*)))
                0x0000000000005bec                _bbram_driver_api_list_end = .

bt_hci_driver_api_area
                0x0000000000005bec        0x0
                0x0000000000005bec                _bt_hci_driver_api_list_start = .
 *(SORT_BY_NAME(SORT_BY_ALIGNMENT(._bt_hci_driver_api.static.*)))
                0x0000000000005bec                _bt_hci_driver_api_list_end = .

can_driver_api_area
                0x0000000000005bec        0x0
                0x0000000000005bec                _can_driver_api_list_start = .
 *(SORT_BY_NAME(SORT_BY_ALIGNMENT(._can_driver_api.static.*)))
                0x0000000000005bec                _can_driver_api_list_end = .

cellular_driver_api_area
                0x0000000000005bec        0x0
                0x0000000000005bec                _cellular_driver_api_list_start = .
 *(SORT_BY_NAME(SORT_BY_ALIGNMENT(._cellular_driver_api.static.*)))
                0x0000000000005bec                _cellular_driver_api_list_end = .

charger_driver_api_area
                0x0000000000005bec        0x0
                0x0000000000005bec                _charger_driver_api_list_start = .
 *(SORT_BY_NAME(SORT_BY_ALIGNMENT(._charger_driver_api.static.*)))
                0x0000000000005bec                _charger_driver_api_list_end = .

clock_control_driver_api_area
                0x0000000000005bec       0x1c
                0x0000000000005bec                _clock_control_driver_api_list_start = .
 *(SORT_BY_NAME(SORT_BY_ALIGNMENT(._clock_control_driver_api.static.*)))
 ._clock_control_driver_api.static.clock_control_api_
                0x0000000000005bec       0x1c zephyr/drivers/clock_control/libdrivers__clock_control.a(clock_control_nrf.c.obj)
                0x0000000000005c08                _clock_control_driver_api_list_end = .

comparator_driver_api_area
                0x0000000000005c08        0x0
                0x0000000000005c08                _comparator_driver_api_list_start = .
 *(SORT_BY_NAME(SORT_BY_ALIGNMENT(._comparator_driver_api.static.*)))
                0x0000000000005c08                _comparator_driver_api_list_end = .

coredump_driver_api_area
                0x0000000000005c08        0x0
                0x0000000000005c08                _coredump_driver_api_list_start = .
 *(SORT_BY_NAME(SORT_BY_ALIGNMENT(._coredump_driver_api.static.*)))
                0x0000000000005c08                _coredump_driver_api_list_end = .

counter_driver_api_area
                0x0000000000005c08        0x0
                0x0000000000005c08                _counter_driver_api_list_start = .
 *(SORT_BY_NAME(SORT_BY_ALIGNMENT(._counter_driver_api.static.*)))
                0x0000000000005c08                _counter_driver_api_list_end = .

dac_driver_api_area
                0x0000000000005c08        0x0
                0x0000000000005c08                _dac_driver_api_list_start = .
 *(SORT_BY_NAME(SORT_BY_ALIGNMENT(._dac_driver_api.static.*)))
                0x0000000000005c08                _dac_driver_api_list_end = .

dai_driver_api_area
                0x0000000000005c08        0x0
                0x0000000000005c08                _dai_driver_api_list_start = .
 *(SORT_BY_NAME(SORT_BY_ALIGNMENT(._dai_driver_api.static.*)))
                0x0000000000005c08                _dai_driver_api_list_end = .

display_driver_api_area
                0x0000000000005c08        0x0
                0x0000000000005c08                _display_driver_api_list_start = .
 *(SORT_BY_NAME(SORT_BY_ALIGNMENT(._display_driver_api.static.*)))
                0x0000000000005c08                _display_driver_api_list_end = .

dma_driver_api_area
                0x0000000000005c08        0x0
                0x0000000000005c08                _dma_driver_api_list_start = .
 *(SORT_BY_NAME(SORT_BY_ALIGNMENT(._dma_driver_api.static.*)))
                0x0000000000005c08                _dma_driver_api_list_end = .

edac_driver_api_area
                0x0000000000005c08        0x0
                0x0000000000005c08                _edac_driver_api_list_start = .
 *(SORT_BY_NAME(SORT_BY_ALIGNMENT(._edac_driver_api.static.*)))
                0x0000000000005c08                _edac_driver_api_list_end = .

eeprom_driver_api_area
                0x0000000000005c08        0x0
                0x0000000000005c08                _eeprom_driver_api_list_start = .
 *(SORT_BY_NAME(SORT_BY_ALIGNMENT(._eeprom_driver_api.static.*)))
                0x0000000000005c08                _eeprom_driver_api_list_end = .

emul_bbram_driver_api_area
                0x0000000000005c08        0x0
                0x0000000000005c08                _emul_bbram_driver_api_list_start = .
 *(SORT_BY_NAME(SORT_BY_ALIGNMENT(._emul_bbram_driver_api.static.*)))
                0x0000000000005c08                _emul_bbram_driver_api_list_end = .

fuel_gauge_emul_driver_api_area
                0x0000000000005c08        0x0
                0x0000000000005c08                _fuel_gauge_emul_driver_api_list_start = .
 *(SORT_BY_NAME(SORT_BY_ALIGNMENT(._fuel_gauge_emul_driver_api.static.*)))
                0x0000000000005c08                _fuel_gauge_emul_driver_api_list_end = .

emul_sensor_driver_api_area
                0x0000000000005c08        0x0
                0x0000000000005c08                _emul_sensor_driver_api_list_start = .
 *(SORT_BY_NAME(SORT_BY_ALIGNMENT(._emul_sensor_driver_api.static.*)))
                0x0000000000005c08                _emul_sensor_driver_api_list_end = .

entropy_driver_api_area
                0x0000000000005c08        0x0
                0x0000000000005c08                _entropy_driver_api_list_start = .
 *(SORT_BY_NAME(SORT_BY_ALIGNMENT(._entropy_driver_api.static.*)))
                0x0000000000005c08                _entropy_driver_api_list_end = .

espi_driver_api_area
                0x0000000000005c08        0x0
                0x0000000000005c08                _espi_driver_api_list_start = .
 *(SORT_BY_NAME(SORT_BY_ALIGNMENT(._espi_driver_api.static.*)))
                0x0000000000005c08                _espi_driver_api_list_end = .

espi_saf_driver_api_area
                0x0000000000005c08        0x0
                0x0000000000005c08                _espi_saf_driver_api_list_start = .
 *(SORT_BY_NAME(SORT_BY_ALIGNMENT(._espi_saf_driver_api.static.*)))
                0x0000000000005c08                _espi_saf_driver_api_list_end = .

flash_driver_api_area
                0x0000000000005c08        0x0
                0x0000000000005c08                _flash_driver_api_list_start = .
 *(SORT_BY_NAME(SORT_BY_ALIGNMENT(._flash_driver_api.static.*)))
                0x0000000000005c08                _flash_driver_api_list_end = .

fpga_driver_api_area
                0x0000000000005c08        0x0
                0x0000000000005c08                _fpga_driver_api_list_start = .
 *(SORT_BY_NAME(SORT_BY_ALIGNMENT(._fpga_driver_api.static.*)))
                0x0000000000005c08                _fpga_driver_api_list_end = .

fuel_gauge_driver_api_area
                0x0000000000005c08        0x0
                0x0000000000005c08                _fuel_gauge_driver_api_list_start = .
 *(SORT_BY_NAME(SORT_BY_ALIGNMENT(._fuel_gauge_driver_api.static.*)))
                0x0000000000005c08                _fuel_gauge_driver_api_list_end = .

gnss_driver_api_area
                0x0000000000005c08        0x0
                0x0000000000005c08                _gnss_driver_api_list_start = .
 *(SORT_BY_NAME(SORT_BY_ALIGNMENT(._gnss_driver_api.static.*)))
                0x0000000000005c08                _gnss_driver_api_list_end = .

gpio_driver_api_area
                0x0000000000005c08        0x0
                0x0000000000005c08                _gpio_driver_api_list_start = .
 *(SORT_BY_NAME(SORT_BY_ALIGNMENT(._gpio_driver_api.static.*)))
                0x0000000000005c08                _gpio_driver_api_list_end = .

haptics_driver_api_area
                0x0000000000005c08        0x0
                0x0000000000005c08                _haptics_driver_api_list_start = .
 *(SORT_BY_NAME(SORT_BY_ALIGNMENT(._haptics_driver_api.static.*)))
                0x0000000000005c08                _haptics_driver_api_list_end = .

hwspinlock_driver_api_area
                0x0000000000005c08        0x0
                0x0000000000005c08                _hwspinlock_driver_api_list_start = .
 *(SORT_BY_NAME(SORT_BY_ALIGNMENT(._hwspinlock_driver_api.static.*)))
                0x0000000000005c08                _hwspinlock_driver_api_list_end = .

i2c_driver_api_area
                0x0000000000005c08        0x0
                0x0000000000005c08                _i2c_driver_api_list_start = .
 *(SORT_BY_NAME(SORT_BY_ALIGNMENT(._i2c_driver_api.static.*)))
                0x0000000000005c08                _i2c_driver_api_list_end = .

i2c_target_driver_api_area
                0x0000000000005c08        0x0
                0x0000000000005c08                _i2c_target_driver_api_list_start = .
 *(SORT_BY_NAME(SORT_BY_ALIGNMENT(._i2c_target_driver_api.static.*)))
                0x0000000000005c08                _i2c_target_driver_api_list_end = .

i2s_driver_api_area
                0x0000000000005c08        0x0
                0x0000000000005c08                _i2s_driver_api_list_start = .
 *(SORT_BY_NAME(SORT_BY_ALIGNMENT(._i2s_driver_api.static.*)))
                0x0000000000005c08                _i2s_driver_api_list_end = .

i3c_driver_api_area
                0x0000000000005c08        0x0
                0x0000000000005c08                _i3c_driver_api_list_start = .
 *(SORT_BY_NAME(SORT_BY_ALIGNMENT(._i3c_driver_api.static.*)))
                0x0000000000005c08                _i3c_driver_api_list_end = .

ipm_driver_api_area
                0x0000000000005c08        0x0
                0x0000000000005c08                _ipm_driver_api_list_start = .
 *(SORT_BY_NAME(SORT_BY_ALIGNMENT(._ipm_driver_api.static.*)))
                0x0000000000005c08                _ipm_driver_api_list_end = .

kscan_driver_api_area
                0x0000000000005c08        0x0
                0x0000000000005c08                _kscan_driver_api_list_start = .
 *(SORT_BY_NAME(SORT_BY_ALIGNMENT(._kscan_driver_api.static.*)))
                0x0000000000005c08                _kscan_driver_api_list_end = .

led_driver_api_area
                0x0000000000005c08        0x0
                0x0000000000005c08                _led_driver_api_list_start = .
 *(SORT_BY_NAME(SORT_BY_ALIGNMENT(._led_driver_api.static.*)))
                0x0000000000005c08                _led_driver_api_list_end = .

led_strip_driver_api_area
                0x0000000000005c08        0x0
                0x0000000000005c08                _led_strip_driver_api_list_start = .
 *(SORT_BY_NAME(SORT_BY_ALIGNMENT(._led_strip_driver_api.static.*)))
                0x0000000000005c08                _led_strip_driver_api_list_end = .

lora_driver_api_area
                0x0000000000005c08        0x0
                0x0000000000005c08                _lora_driver_api_list_start = .
 *(SORT_BY_NAME(SORT_BY_ALIGNMENT(._lora_driver_api.static.*)))
                0x0000000000005c08                _lora_driver_api_list_end = .

mbox_driver_api_area
                0x0000000000005c08        0x0
                0x0000000000005c08                _mbox_driver_api_list_start = .
 *(SORT_BY_NAME(SORT_BY_ALIGNMENT(._mbox_driver_api.static.*)))
                0x0000000000005c08                _mbox_driver_api_list_end = .

mdio_driver_api_area
                0x0000000000005c08        0x0
                0x0000000000005c08                _mdio_driver_api_list_start = .
 *(SORT_BY_NAME(SORT_BY_ALIGNMENT(._mdio_driver_api.static.*)))
                0x0000000000005c08                _mdio_driver_api_list_end = .

mipi_dbi_driver_api_area
                0x0000000000005c08        0x0
                0x0000000000005c08                _mipi_dbi_driver_api_list_start = .
 *(SORT_BY_NAME(SORT_BY_ALIGNMENT(._mipi_dbi_driver_api.static.*)))
                0x0000000000005c08                _mipi_dbi_driver_api_list_end = .

mipi_dsi_driver_api_area
                0x0000000000005c08        0x0
                0x0000000000005c08                _mipi_dsi_driver_api_list_start = .
 *(SORT_BY_NAME(SORT_BY_ALIGNMENT(._mipi_dsi_driver_api.static.*)))
                0x0000000000005c08                _mipi_dsi_driver_api_list_end = .

mspi_driver_api_area
                0x0000000000005c08        0x0
                0x0000000000005c08                _mspi_driver_api_list_start = .
 *(SORT_BY_NAME(SORT_BY_ALIGNMENT(._mspi_driver_api.static.*)))
                0x0000000000005c08                _mspi_driver_api_list_end = .

peci_driver_api_area
                0x0000000000005c08        0x0
                0x0000000000005c08                _peci_driver_api_list_start = .
 *(SORT_BY_NAME(SORT_BY_ALIGNMENT(._peci_driver_api.static.*)))
                0x0000000000005c08                _peci_driver_api_list_end = .

ps2_driver_api_area
                0x0000000000005c08        0x0
                0x0000000000005c08                _ps2_driver_api_list_start = .
 *(SORT_BY_NAME(SORT_BY_ALIGNMENT(._ps2_driver_api.static.*)))
                0x0000000000005c08                _ps2_driver_api_list_end = .

ptp_clock_driver_api_area
                0x0000000000005c08        0x0
                0x0000000000005c08                _ptp_clock_driver_api_list_start = .
 *(SORT_BY_NAME(SORT_BY_ALIGNMENT(._ptp_clock_driver_api.static.*)))
                0x0000000000005c08                _ptp_clock_driver_api_list_end = .

pwm_driver_api_area
                0x0000000000005c08        0x0
                0x0000000000005c08                _pwm_driver_api_list_start = .
 *(SORT_BY_NAME(SORT_BY_ALIGNMENT(._pwm_driver_api.static.*)))
                0x0000000000005c08                _pwm_driver_api_list_end = .

regulator_parent_driver_api_area
                0x0000000000005c08        0x0
                0x0000000000005c08                _regulator_parent_driver_api_list_start = .
 *(SORT_BY_NAME(SORT_BY_ALIGNMENT(._regulator_parent_driver_api.static.*)))
                0x0000000000005c08                _regulator_parent_driver_api_list_end = .

regulator_driver_api_area
                0x0000000000005c08        0x0
                0x0000000000005c08                _regulator_driver_api_list_start = .
 *(SORT_BY_NAME(SORT_BY_ALIGNMENT(._regulator_driver_api.static.*)))
                0x0000000000005c08                _regulator_driver_api_list_end = .

reset_driver_api_area
                0x0000000000005c08        0x0
                0x0000000000005c08                _reset_driver_api_list_start = .
 *(SORT_BY_NAME(SORT_BY_ALIGNMENT(._reset_driver_api.static.*)))
                0x0000000000005c08                _reset_driver_api_list_end = .

retained_mem_driver_api_area
                0x0000000000005c08        0x0
                0x0000000000005c08                _retained_mem_driver_api_list_start = .
 *(SORT_BY_NAME(SORT_BY_ALIGNMENT(._retained_mem_driver_api.static.*)))
                0x0000000000005c08                _retained_mem_driver_api_list_end = .

rtc_driver_api_area
                0x0000000000005c08        0x0
                0x0000000000005c08                _rtc_driver_api_list_start = .
 *(SORT_BY_NAME(SORT_BY_ALIGNMENT(._rtc_driver_api.static.*)))
                0x0000000000005c08                _rtc_driver_api_list_end = .

sdhc_driver_api_area
                0x0000000000005c08        0x0
                0x0000000000005c08                _sdhc_driver_api_list_start = .
 *(SORT_BY_NAME(SORT_BY_ALIGNMENT(._sdhc_driver_api.static.*)))
                0x0000000000005c08                _sdhc_driver_api_list_end = .

sensor_driver_api_area
                0x0000000000005c08        0x0
                0x0000000000005c08                _sensor_driver_api_list_start = .
 *(SORT_BY_NAME(SORT_BY_ALIGNMENT(._sensor_driver_api.static.*)))
                0x0000000000005c08                _sensor_driver_api_list_end = .

smbus_driver_api_area
                0x0000000000005c08        0x0
                0x0000000000005c08                _smbus_driver_api_list_start = .
 *(SORT_BY_NAME(SORT_BY_ALIGNMENT(._smbus_driver_api.static.*)))
                0x0000000000005c08                _smbus_driver_api_list_end = .

spi_driver_api_area
                0x0000000000005c08        0x0
                0x0000000000005c08                _spi_driver_api_list_start = .
 *(SORT_BY_NAME(SORT_BY_ALIGNMENT(._spi_driver_api.static.*)))
                0x0000000000005c08                _spi_driver_api_list_end = .

stepper_driver_api_area
                0x0000000000005c08        0x0
                0x0000000000005c08                _stepper_driver_api_list_start = .
 *(SORT_BY_NAME(SORT_BY_ALIGNMENT(._stepper_driver_api.static.*)))
                0x0000000000005c08                _stepper_driver_api_list_end = .

syscon_driver_api_area
                0x0000000000005c08        0x0
                0x0000000000005c08                _syscon_driver_api_list_start = .
 *(SORT_BY_NAME(SORT_BY_ALIGNMENT(._syscon_driver_api.static.*)))
                0x0000000000005c08                _syscon_driver_api_list_end = .

tee_driver_api_area
                0x0000000000005c08        0x0
                0x0000000000005c08                _tee_driver_api_list_start = .
 *(SORT_BY_NAME(SORT_BY_ALIGNMENT(._tee_driver_api.static.*)))
                0x0000000000005c08                _tee_driver_api_list_end = .

video_driver_api_area
                0x0000000000005c08        0x0
                0x0000000000005c08                _video_driver_api_list_start = .
 *(SORT_BY_NAME(SORT_BY_ALIGNMENT(._video_driver_api.static.*)))
                0x0000000000005c08                _video_driver_api_list_end = .

w1_driver_api_area
                0x0000000000005c08        0x0
                0x0000000000005c08                _w1_driver_api_list_start = .
 *(SORT_BY_NAME(SORT_BY_ALIGNMENT(._w1_driver_api.static.*)))
                0x0000000000005c08                _w1_driver_api_list_end = .

wdt_driver_api_area
                0x0000000000005c08        0x0
                0x0000000000005c08                _wdt_driver_api_list_start = .
 *(SORT_BY_NAME(SORT_BY_ALIGNMENT(._wdt_driver_api.static.*)))
                0x0000000000005c08                _wdt_driver_api_list_end = .

can_transceiver_driver_api_area
                0x0000000000005c08        0x0
                0x0000000000005c08                _can_transceiver_driver_api_list_start = .
 *(SORT_BY_NAME(SORT_BY_ALIGNMENT(._can_transceiver_driver_api.static.*)))
                0x0000000000005c08                _can_transceiver_driver_api_list_end = .

nrf_clock_control_driver_api_area
                0x0000000000005c08        0x0
                0x0000000000005c08                _nrf_clock_control_driver_api_list_start = .
 *(SORT_BY_NAME(SORT_BY_ALIGNMENT(._nrf_clock_control_driver_api.static.*)))
                0x0000000000005c08                _nrf_clock_control_driver_api_list_end = .

i3c_target_driver_api_area
                0x0000000000005c08        0x0
                0x0000000000005c08                _i3c_target_driver_api_list_start = .
 *(SORT_BY_NAME(SORT_BY_ALIGNMENT(._i3c_target_driver_api.static.*)))
                0x0000000000005c08                _i3c_target_driver_api_list_end = .

its_driver_api_area
                0x0000000000005c08        0x0
                0x0000000000005c08                _its_driver_api_list_start = .
 *(SORT_BY_NAME(SORT_BY_ALIGNMENT(._its_driver_api.static.*)))
                0x0000000000005c08                _its_driver_api_list_end = .

vtd_driver_api_area
                0x0000000000005c08        0x0
                0x0000000000005c08                _vtd_driver_api_list_start = .
 *(SORT_BY_NAME(SORT_BY_ALIGNMENT(._vtd_driver_api.static.*)))
                0x0000000000005c08                _vtd_driver_api_list_end = .

tgpio_driver_api_area
                0x0000000000005c08        0x0
                0x0000000000005c08                _tgpio_driver_api_list_start = .
 *(SORT_BY_NAME(SORT_BY_ALIGNMENT(._tgpio_driver_api.static.*)))
                0x0000000000005c08                _tgpio_driver_api_list_end = .

pcie_ctrl_driver_api_area
                0x0000000000005c08        0x0
                0x0000000000005c08                _pcie_ctrl_driver_api_list_start = .
 *(SORT_BY_NAME(SORT_BY_ALIGNMENT(._pcie_ctrl_driver_api.static.*)))
                0x0000000000005c08                _pcie_ctrl_driver_api_list_end = .

pcie_ep_driver_api_area
                0x0000000000005c08        0x0
                0x0000000000005c08                _pcie_ep_driver_api_list_start = .
 *(SORT_BY_NAME(SORT_BY_ALIGNMENT(._pcie_ep_driver_api.static.*)))
                0x0000000000005c08                _pcie_ep_driver_api_list_end = .

svc_driver_api_area
                0x0000000000005c08        0x0
                0x0000000000005c08                _svc_driver_api_list_start = .
 *(SORT_BY_NAME(SORT_BY_ALIGNMENT(._svc_driver_api.static.*)))
                0x0000000000005c08                _svc_driver_api_list_end = .

uart_driver_api_area
                0x0000000000005c08        0xc
                0x0000000000005c08                _uart_driver_api_list_start = .
 *(SORT_BY_NAME(SORT_BY_ALIGNMENT(._uart_driver_api.static.*)))
 ._uart_driver_api.static.uart_nrfx_uarte_driver_api_
                0x0000000000005c08        0xc zephyr/drivers/serial/libdrivers__serial.a(uart_nrfx_uarte.c.obj)
                0x0000000000005c14                _uart_driver_api_list_end = .

bc12_emul_driver_api_area
                0x0000000000005c14        0x0
                0x0000000000005c14                _bc12_emul_driver_api_list_start = .
 *(SORT_BY_NAME(SORT_BY_ALIGNMENT(._bc12_emul_driver_api.static.*)))
                0x0000000000005c14                _bc12_emul_driver_api_list_end = .

bc12_driver_api_area
                0x0000000000005c14        0x0
                0x0000000000005c14                _bc12_driver_api_list_start = .
 *(SORT_BY_NAME(SORT_BY_ALIGNMENT(._bc12_driver_api.static.*)))
                0x0000000000005c14                _bc12_driver_api_list_end = .

usbc_ppc_driver_api_area
                0x0000000000005c14        0x0
                0x0000000000005c14                _usbc_ppc_driver_api_list_start = .
 *(SORT_BY_NAME(SORT_BY_ALIGNMENT(._usbc_ppc_driver_api.static.*)))
                0x0000000000005c14                _usbc_ppc_driver_api_list_end = .

tcpc_driver_api_area
                0x0000000000005c14        0x0
                0x0000000000005c14                _tcpc_driver_api_list_start = .
 *(SORT_BY_NAME(SORT_BY_ALIGNMENT(._tcpc_driver_api.static.*)))
                0x0000000000005c14                _tcpc_driver_api_list_end = .

usbc_vbus_driver_api_area
                0x0000000000005c14        0x0
                0x0000000000005c14                _usbc_vbus_driver_api_list_start = .
 *(SORT_BY_NAME(SORT_BY_ALIGNMENT(._usbc_vbus_driver_api.static.*)))
                0x0000000000005c14                _usbc_vbus_driver_api_list_end = .

ivshmem_driver_api_area
                0x0000000000005c14        0x0
                0x0000000000005c14                _ivshmem_driver_api_list_start = .
 *(SORT_BY_NAME(SORT_BY_ALIGNMENT(._ivshmem_driver_api.static.*)))
                0x0000000000005c14                _ivshmem_driver_api_list_end = .

ethphy_driver_api_area
                0x0000000000005c14        0x0
                0x0000000000005c14                _ethphy_driver_api_list_start = .
 *(SORT_BY_NAME(SORT_BY_ALIGNMENT(._ethphy_driver_api.static.*)))
                0x0000000000005c14                _ethphy_driver_api_list_end = .

ztest           0x0000000000005c14        0x0
                0x0000000000005c14                _ztest_expected_result_entry_list_start = .
 *(SORT_BY_NAME(SORT_BY_ALIGNMENT(._ztest_expected_result_entry.static.*)))
                0x0000000000005c14                _ztest_expected_result_entry_list_end = .
                0x0000000000005c14                _ztest_suite_node_list_start = .
 *(SORT_BY_NAME(SORT_BY_ALIGNMENT(._ztest_suite_node.static.*)))
                0x0000000000005c14                _ztest_suite_node_list_end = .
                0x0000000000005c14                _ztest_unit_test_list_start = .
 *(SORT_BY_NAME(SORT_BY_ALIGNMENT(._ztest_unit_test.static.*)))
                0x0000000000005c14                _ztest_unit_test_list_end = .
                0x0000000000005c14                _ztest_test_rule_list_start = .
 *(SORT_BY_NAME(SORT_BY_ALIGNMENT(._ztest_test_rule.static.*)))
                0x0000000000005c14                _ztest_test_rule_list_end = .

init_array      0x0000000000005c14        0x0
 *(SORT_BY_NAME(SORT_BY_ALIGNMENT(.ctors*)))
 *(SORT_BY_NAME(SORT_BY_ALIGNMENT(.init_array*)))
                0x0000000000000001                ASSERT ((SIZEOF (init_array) == 0x0), GNU-style constructors required but STATIC_INIT_GNU not enabled)

bt_l2cap_fixed_chan_area
                0x0000000000005c14        0x0
                0x0000000000005c14                _bt_l2cap_fixed_chan_list_start = .
 *(SORT_BY_NAME(SORT_BY_ALIGNMENT(._bt_l2cap_fixed_chan.static.*)))
                0x0000000000005c14                _bt_l2cap_fixed_chan_list_end = .

bt_gatt_service_static_area
                0x0000000000005c14        0x0
                0x0000000000005c14                _bt_gatt_service_static_list_start = .
 *(SORT_BY_NAME(SORT_BY_ALIGNMENT(._bt_gatt_service_static.static.*)))
                0x0000000000005c14                _bt_gatt_service_static_list_end = .

log_strings_area
                0x0000000000005c14        0x0
                0x0000000000005c14                _log_strings_list_start = .
 *(SORT_BY_NAME(SORT_BY_ALIGNMENT(._log_strings.static.*)))
                0x0000000000005c14                _log_strings_list_end = .

log_stmesp_ptr_area
                0x0000000000005c14        0x0
                0x0000000000005c14                _log_stmesp_ptr_list_start = .
 *(SORT_BY_NAME(SORT_BY_ALIGNMENT(._log_stmesp_ptr.static.*)))
                0x0000000000005c14                _log_stmesp_ptr_list_end = .

log_stmesp_str_area
                0x0000000000005c14        0x0
                0x0000000000005c14                _log_stmesp_str_list_start = .
 *(SORT_BY_NAME(SORT_BY_ALIGNMENT(._log_stmesp_str.static.*)))
                0x0000000000005c14                _log_stmesp_str_list_end = .

log_const_area  0x0000000000005c14        0x8
                0x0000000000005c14                _log_const_list_start = .
 *(SORT_BY_NAME(SORT_BY_ALIGNMENT(._log_const.static.*)))
 ._log_const.static.log_const_bl_validation_
                0x0000000000005c14        0x8 modules/nrf/subsys/bootloader/bl_validation/lib..__nrf__subsys__bootloader__bl_validation.a(bl_validation.c.obj)
                0x0000000000005c14                log_const_bl_validation
                0x0000000000005c1c                _log_const_list_end = .
