Archive member included to satisfy reference by file (symbol)

app/libapp.a(main.c.obj)      (--whole-archive)
zephyr/libzephyr.a(heap.c.obj)
                              (--whole-archive)
zephyr/libzephyr.a(cbprintf_packaged.c.obj)
                              (--whole-archive)
zephyr/libzephyr.a(printk.c.obj)
                              (--whole-archive)
zephyr/libzephyr.a(sem.c.obj)
                              (--whole-archive)
zephyr/libzephyr.a(thread_entry.c.obj)
                              (--whole-archive)
zephyr/libzephyr.a(cbprintf_complete.c.obj)
                              (--whole-archive)
zephyr/libzephyr.a(assert.c.obj)
                              (--whole-archive)
zephyr/libzephyr.a(dec.c.obj)
                              (--whole-archive)
zephyr/libzephyr.a(hex.c.obj)
                              (--whole-archive)
zephyr/libzephyr.a(rb.c.obj)  (--whole-archive)
zephyr/libzephyr.a(timeutil.c.obj)
                              (--whole-archive)
zephyr/libzephyr.a(bitarray.c.obj)
                              (--whole-archive)
zephyr/libzephyr.a(onoff.c.obj)
                              (--whole-archive)
zephyr/libzephyr.a(notify.c.obj)
                              (--whole-archive)
zephyr/libzephyr.a(last_section_id.c.obj)
                              (--whole-archive)
zephyr/libzephyr.a(configs.c.obj)
                              (--whole-archive)
zephyr/libzephyr.a(mem_attr.c.obj)
                              (--whole-archive)
zephyr/libzephyr.a(tracing_none.c.obj)
                              (--whole-archive)
zephyr/libzephyr.a(banner.c.obj)
                              (--whole-archive)
zephyr/libzephyr.a(flash_map_partition_manager.c.obj)
                              (--whole-archive)
zephyr/libzephyr.a(nrf_cc3xx_platform_abort_zephyr.c.obj)
                              (--whole-archive)
zephyr/libzephyr.a(nrf_cc3xx_platform_mutex_zephyr.c.obj)
                              (--whole-archive)
zephyr/arch/common/libarch__common.a(sw_isr_common.c.obj)
                              (--whole-archive)
zephyr/arch/arch/arm/core/libarch__arm__core.a(fatal.c.obj)
                              (--whole-archive)
zephyr/arch/arch/arm/core/libarch__arm__core.a(nmi.c.obj)
                              (--whole-archive)
zephyr/arch/arch/arm/core/libarch__arm__core.a(nmi_on_reset.S.obj)
                              (--whole-archive)
zephyr/arch/arch/arm/core/libarch__arm__core.a(tls.c.obj)
                              (--whole-archive)
zephyr/arch/arch/arm/core/cortex_m/libarch__arm__core__cortex_m.a(exc_exit.c.obj)
                              (--whole-archive)
zephyr/arch/arch/arm/core/cortex_m/libarch__arm__core__cortex_m.a(fault.c.obj)
                              (--whole-archive)
zephyr/arch/arch/arm/core/cortex_m/libarch__arm__core__cortex_m.a(fault_s.S.obj)
                              (--whole-archive)
zephyr/arch/arch/arm/core/cortex_m/libarch__arm__core__cortex_m.a(fpu.c.obj)
                              (--whole-archive)
zephyr/arch/arch/arm/core/cortex_m/libarch__arm__core__cortex_m.a(reset.S.obj)
                              (--whole-archive)
zephyr/arch/arch/arm/core/cortex_m/libarch__arm__core__cortex_m.a(scb.c.obj)
                              (--whole-archive)
zephyr/arch/arch/arm/core/cortex_m/libarch__arm__core__cortex_m.a(thread_abort.c.obj)
                              (--whole-archive)
zephyr/arch/arch/arm/core/cortex_m/libarch__arm__core__cortex_m.a(vector_table.S.obj)
                              (--whole-archive)
zephyr/arch/arch/arm/core/cortex_m/libarch__arm__core__cortex_m.a(swap_helper.S.obj)
                              (--whole-archive)
zephyr/arch/arch/arm/core/cortex_m/libarch__arm__core__cortex_m.a(irq_manage.c.obj)
                              (--whole-archive)
zephyr/arch/arch/arm/core/cortex_m/libarch__arm__core__cortex_m.a(prep_c.c.obj)
                              (--whole-archive)
zephyr/arch/arch/arm/core/cortex_m/libarch__arm__core__cortex_m.a(thread.c.obj)
                              (--whole-archive)
zephyr/arch/arch/arm/core/cortex_m/libarch__arm__core__cortex_m.a(cpu_idle.c.obj)
                              (--whole-archive)
zephyr/arch/arch/arm/core/cortex_m/libarch__arm__core__cortex_m.a(irq_init.c.obj)
                              (--whole-archive)
zephyr/arch/arch/arm/core/cortex_m/libarch__arm__core__cortex_m.a(isr_wrapper.c.obj)
                              (--whole-archive)
zephyr/arch/arch/arm/core/cortex_m/libarch__arm__core__cortex_m.a(__aeabi_read_tp.S.obj)
                              (--whole-archive)
zephyr/arch/arch/arm/core/mpu/libarch__arm__core__mpu.a(arm_core_mpu.c.obj)
                              (--whole-archive)
zephyr/arch/arch/arm/core/mpu/libarch__arm__core__mpu.a(arm_mpu.c.obj)
                              (--whole-archive)
zephyr/arch/arch/arm/core/mpu/libarch__arm__core__mpu.a(arm_mpu_regions.c.obj)
                              (--whole-archive)
[...]
Memory Configuration

Name             Origin             Length             Attributes
FLASH            0x0000000000021200 0x000000000006ee00 xr
RAM              0x0000000020000000 0x0000000000040000 xw
IDT_LIST         0x00000000ffff7fff 0x0000000000008000 xw
*default*        0x0000000000000000 0xffffffffffffffff

Linker script and memory map

                0x0000000000024fec                vfprintf = __l_vfprintf
                0x0000000000000000                vfscanf = __l_vfscanf
LOAD zephyr/CMakeFiles/zephyr_final.dir/misc/empty_file.c.obj
LOAD zephyr/CMakeFiles/zephyr_final.dir/isr_tables.c.obj
LOAD zephyr/CMakeFiles/offsets.dir/./arch/arm/core/offsets/offsets.c.obj
LOAD app/libapp.a
LOAD zephyr/libzephyr.a
LOAD zephyr/arch/common/libarch__common.a
LOAD zephyr/arch/arch/arm/core/libarch__arm__core.a
LOAD zephyr/arch/arch/arm/core/cortex_m/libarch__arm__core__cortex_m.a
LOAD zephyr/arch/arch/arm/core/mpu/libarch__arm__core__mpu.a
LOAD zephyr/lib/libc/picolibc/liblib__libc__picolibc.a
LOAD zephyr/lib/libc/common/liblib__libc__common.a
LOAD zephyr/soc/soc/nrf52840/libsoc__nordic.a
LOAD zephyr/drivers/clock_control/libdrivers__clock_control.a
LOAD zephyr/drivers/console/libdrivers__console.a
LOAD zephyr/drivers/gpio/libdrivers__gpio.a
LOAD zephyr/drivers/pinctrl/libdrivers__pinctrl.a
LOAD zephyr/drivers/serial/libdrivers__serial.a
LOAD zephyr/drivers/timer/libdrivers__timer.a
LOAD modules/nrf/drivers/hw_cc3xx/lib..__nrf__drivers__hw_cc3xx.a
LOAD modules/hal_nordic/modules/hal_nordic/nrfx/libmodules__hal_nordic__nrfx.a
LOAD modules/segger/libmodules__segger.a
LOAD zephyr/kernel/libkernel.a
LOAD zephyr/arch/common/libisr_tables.a
LOAD C:/ncs/sdk/nrfxlib/crypto/nrf_cc310_platform/lib/cortex-m4/soft-float/no-interrupts/libnrf_cc310_platform_0.9.19.a
LOAD c:\ncs\toolchains\0b393f9e1b\opt\zephyr-sdk\arm-zephyr-eabi\bin\../lib/gcc/../../picolibc/arm-zephyr-eabi/lib/thumb/v7e-m/nofp\libc.a
LOAD c:/ncs/toolchains/0b393f9e1b/opt/zephyr-sdk/arm-zephyr-eabi/bin/../lib/gcc/arm-zephyr-eabi/12.2.0/thumb/v7e-m/nofp\libgcc.a
                0x0000000000000007                _image_1_primary_slot_id = 0x7
                0x0000000000000020                _region_min_align = 0x20

.rel.plt        0x0000000000021200        0x0
 *(SORT_BY_ALIGNMENT(.rel.plt))
                [!provide]                        PROVIDE (__rel_iplt_start = .)
 *(SORT_BY_ALIGNMENT(.rel.iplt))
 .rel.iplt      0x0000000000021200        0x0 zephyr/CMakeFiles/zephyr_final.dir/isr_tables.c.obj
                [!provide]                        PROVIDE (__rel_iplt_end = .)

.rela.plt       0x0000000000000000        0x0
 *(SORT_BY_ALIGNMENT(.rela.plt))
                [!provide]                        PROVIDE (__rela_iplt_start = .)
 *(SORT_BY_ALIGNMENT(.rela.iplt))
                [!provide]                        PROVIDE (__rela_iplt_end = .)

.rel.dyn
 *(SORT_BY_ALIGNMENT(.rel.*))

.rela.dyn
 *(SORT_BY_ALIGNMENT(.rela.*))

/DISCARD/
 *(SORT_BY_ALIGNMENT(.plt))

/DISCARD/
 *(SORT_BY_ALIGNMENT(.iplt))
                0x0000000000021200                __rom_region_start = 0x21200

rom_start       0x0000000000021200      0x100
                0x0000000000021200                __rom_start_address = .
 FILL mask 0x00
                0x0000000000021200                . = (. + (0x0 - (. - __rom_start_address)))
                0x0000000000021200                . = ALIGN (0x4)
                0x0000000000021200                . = ALIGN (0x80)
                0x0000000000021200                . = ALIGN (0x100)
                0x0000000000021200                _vector_start = .
 *(SORT_BY_ALIGNMENT(.exc_vector_table))
 *(SORT_BY_ALIGNMENT(.exc_vector_table.*))
 .exc_vector_table._vector_table_section
                0x0000000000021200       0x40 zephyr/arch/arch/arm/core/cortex_m/libarch__arm__core__cortex_m.a(vector_table.S.obj)
                0x0000000000021200                _vector_table
 *(SORT_BY_ALIGNMENT(.vectors))
                0x0000000000021300                _vector_end = .
                0x0000000000021240                . = ALIGN (0x4)
 *(SORT_BY_ALIGNMENT(.gnu.linkonce.irq_vector_table*))
 .gnu.linkonce.irq_vector_table
                0x0000000000021240       0xc0 zephyr/CMakeFiles/zephyr_final.dir/isr_tables.c.obj
                0x0000000000021240                _irq_vector_table
                0x0000000000021300                _vector_end = .

text            0x0000000000021300     0x4d78
                0x0000000000021300                __text_region_start = .
 *(SORT_BY_ALIGNMENT(.text))
 *(SORT_BY_ALIGNMENT(.text.*))
 .text.main     0x0000000000021300       0x28 app/libapp.a(main.c.obj)
                0x0000000000021300                main
 .text.char_out
                0x0000000000021328        0xc zephyr/libzephyr.a(printk.c.obj)
 .text.__printk_hook_install
                0x0000000000021334        0xc zephyr/libzephyr.a(printk.c.obj)
                0x0000000000021334                __printk_hook_install
 .text.vprintk  0x0000000000021340       0x30 zephyr/libzephyr.a(printk.c.obj)
                0x0000000000021340                vprintk
 .text.z_thread_entry
                0x0000000000021370       0x34 zephyr/libzephyr.a(thread_entry.c.obj)
                0x0000000000021370                z_thread_entry
 .text.process_event
                0x00000000000213a4      0x21c zephyr/libzephyr.a(onoff.c.obj)
 .text.mem_attr_get_regions
                0x00000000000215c0        0xc zephyr/libzephyr.a(mem_attr.c.obj)
                0x00000000000215c0                mem_attr_get_regions
 .text.boot_banner
                0x00000000000215cc       0x1c zephyr/libzephyr.a(banner.c.obj)
                0x00000000000215cc                boot_banner
 .text.nrf_cc3xx_platform_abort_init
                0x00000000000215e8        0xc zephyr/libzephyr.a(nrf_cc3xx_platform_abort_zephyr.c.obj)
                0x00000000000215e8                nrf_cc3xx_platform_abort_init
 .text.mutex_free_platform
                0x00000000000215f4       0x54 zephyr/libzephyr.a(nrf_cc3xx_platform_mutex_zephyr.c.obj)
 .text.mutex_lock_platform
                0x0000000000021648       0x60 zephyr/libzephyr.a(nrf_cc3xx_platform_mutex_zephyr.c.obj)
 .text.mutex_unlock_platform
                0x00000000000216a8       0x58 zephyr/libzephyr.a(nrf_cc3xx_platform_mutex_zephyr.c.obj)
 .text.mutex_init_platform
                0x0000000000021700       0x94 zephyr/libzephyr.a(nrf_cc3xx_platform_mutex_zephyr.c.obj)
 .text.nrf_cc3xx_platform_mutex_init
                0x0000000000021794       0x2c zephyr/libzephyr.a(nrf_cc3xx_platform_mutex_zephyr.c.obj)
                0x0000000000021794                nrf_cc3xx_platform_mutex_init
 .text.z_SysNmiOnReset
                0x00000000000217c0        0x8 zephyr/arch/arch/arm/core/libarch__arm__core.a(nmi_on_reset.S.obj)
                0x00000000000217c0                z_SysNmiOnReset
 .text.arch_tls_stack_setup
                0x00000000000217c8       0x40 zephyr/arch/arch/arm/core/libarch__arm__core.a(tls.c.obj)
                0x00000000000217c8                arch_tls_stack_setup
 .text._HandlerModeExit
                0x0000000000021808       0x28 zephyr/arch/arch/arm/core/cortex_m/libarch__arm__core__cortex_m.a(exc_exit.c.obj)
                0x0000000000021808                z_arm_int_exit
                0x0000000000021808                z_arm_exc_exit
 .text.mem_manage_fault
                0x0000000000021830       0xa0 zephyr/arch/arch/arm/core/cortex_m/libarch__arm__core__cortex_m.a(fault.c.obj)
 .text.usage_fault.constprop.0
                0x00000000000218d0       0x54 zephyr/arch/arch/arm/core/cortex_m/libarch__arm__core__cortex_m.a(fault.c.obj)
 .text.bus_fault.constprop.0
                0x0000000000021924       0x6c zephyr/arch/arch/arm/core/cortex_m/libarch__arm__core__cortex_m.a(fault.c.obj)
 .text.z_arm_fault
                0x0000000000021990      0x128 zephyr/arch/arch/arm/core/cortex_m/libarch__arm__core__cortex_m.a(fault.c.obj)
                0x0000000000021990                z_arm_fault
 .text.z_arm_fault_init
                0x0000000000021ab8       0x18 zephyr/arch/arch/arm/core/cortex_m/libarch__arm__core__cortex_m.a(fault.c.obj)
                0x0000000000021ab8                z_arm_fault_init
 .text.__fault  0x0000000000021ad0       0x14 zephyr/arch/arch/arm/core/cortex_m/libarch__arm__core__cortex_m.a(fault_s.S.obj)
                0x0000000000021ad0                z_arm_usage_fault
                0x0000000000021ad0                z_arm_mpu_fault
                0x0000000000021ad0                z_arm_exc_spurious
                0x0000000000021ad0                z_arm_debug_monitor
                0x0000000000021ad0                z_arm_hard_fault
                0x0000000000021ad0                z_arm_bus_fault
 .text._reset_section
                0x0000000000021ae4       0x54 zephyr/arch/arch/arm/core/cortex_m/libarch__arm__core__cortex_m.a(reset.S.obj)
                0x0000000000021ae4                __start
                0x0000000000021ae4                z_arm_reset
 .text.z_arm_clear_arm_mpu_config
                0x0000000000021b38       0x24 zephyr/arch/arch/arm/core/cortex_m/libarch__arm__core__cortex_m.a(scb.c.obj)
                0x0000000000021b38                z_arm_clear_arm_mpu_config
 .text.z_arm_init_arch_hw_at_boot
                0x0000000000021b5c       0x64 zephyr/arch/arch/arm/core/cortex_m/libarch__arm__core__cortex_m.a(scb.c.obj)
                0x0000000000021b5c                z_arm_init_arch_hw_at_boot
 .text.z_impl_k_thread_abort
                0x0000000000021bc0       0x2c zephyr/arch/arch/arm/core/cortex_m/libarch__arm__core__cortex_m.a(thread_abort.c.obj)
                0x0000000000021bc0                z_impl_k_thread_abort
 .text.z_arm_pendsv
                0x0000000000021bec       0x64 zephyr/arch/arch/arm/core/cortex_m/libarch__arm__core__cortex_m.a(swap_helper.S.obj)
                0x0000000000021bec                z_arm_pendsv
 .text.z_arm_svc
                0x0000000000021c50       0x24 zephyr/arch/arch/arm/core/cortex_m/libarch__arm__core__cortex_m.a(swap_helper.S.obj)
                0x0000000000021c50                z_arm_svc
 .text.arch_irq_enable
                0x0000000000021c74       0x1c zephyr/arch/arch/arm/core/cortex_m/libarch__arm__core__cortex_m.a(irq_manage.c.obj)
                0x0000000000021c74                arch_irq_enable
 .text.arch_irq_is_enabled
                0x0000000000021c90       0x1c zephyr/arch/arch/arm/core/cortex_m/libarch__arm__core__cortex_m.a(irq_manage.c.obj)
                0x0000000000021c90                arch_irq_is_enabled
 .text.z_arm_irq_priority_set
                0x0000000000021cac       0x30 zephyr/arch/arch/arm/core/cortex_m/libarch__arm__core__cortex_m.a(irq_manage.c.obj)
                0x0000000000021cac                z_arm_irq_priority_set
 .text.z_prep_c
                0x0000000000021cdc       0x38 zephyr/arch/arch/arm/core/cortex_m/libarch__arm__core__cortex_m.a(prep_c.c.obj)
                0x0000000000021cdc                z_prep_c
 .text.arch_new_thread
                0x0000000000021d14       0x38 zephyr/arch/arch/arm/core/cortex_m/libarch__arm__core__cortex_m.a(thread.c.obj)
                0x0000000000021d14                arch_new_thread
 .text.z_check_thread_stack_fail
                0x0000000000021d4c       0x2c zephyr/arch/arch/arm/core/cortex_m/libarch__arm__core__cortex_m.a(thread.c.obj)
                0x0000000000021d4c                z_check_thread_stack_fail
 .text.arch_switch_to_main_thread
                0x0000000000021d78       0x3c zephyr/arch/arch/arm/core/cortex_m/libarch__arm__core__cortex_m.a(thread.c.obj)
                0x0000000000021d78                arch_switch_to_main_thread
 .text.z_arm_cpu_idle_init
                0x0000000000021db4        0xc zephyr/arch/arch/arm/core/cortex_m/libarch__arm__core__cortex_m.a(cpu_idle.c.obj)
                0x0000000000021db4                z_arm_cpu_idle_init
 .text.z_arm_interrupt_init
                0x0000000000021dc0       0x18 zephyr/arch/arch/arm/core/cortex_m/libarch__arm__core__cortex_m.a(irq_init.c.obj)
                0x0000000000021dc0                z_arm_interrupt_init
 .text._isr_wrapper
                0x0000000000021dd8       0x24 zephyr/arch/arch/arm/core/cortex_m/libarch__arm__core__cortex_m.a(isr_wrapper.c.obj)
                0x0000000000021dd8                _isr_wrapper
 .text.z_arm_configure_static_mpu_regions
                0x0000000000021dfc       0x18 zephyr/arch/arch/arm/core/mpu/libarch__arm__core__mpu.a(arm_core_mpu.c.obj)
                0x0000000000021dfc                z_arm_configure_static_mpu_regions
 .text.z_arm_configure_dynamic_mpu_regions
                0x0000000000021e14       0x20 zephyr/arch/arch/arm/core/mpu/libarch__arm__core__mpu.a(arm_core_mpu.c.obj)
                0x0000000000021e14                z_arm_configure_dynamic_mpu_regions
 .text.region_init
                0x0000000000021e34       0x28 zephyr/arch/arch/arm/core/mpu/libarch__arm__core__mpu.a(arm_mpu.c.obj)
 .text.mpu_configure_regions
                0x0000000000021e5c       0x6c zephyr/arch/arch/arm/core/mpu/libarch__arm__core__mpu.a(arm_mpu.c.obj)
 .text.arm_core_mpu_enable
                0x0000000000021ec8       0x18 zephyr/arch/arch/arm/core/mpu/libarch__arm__core__mpu.a(arm_mpu.c.obj)
                0x0000000000021ec8                arm_core_mpu_enable
 .text.arm_core_mpu_disable
                0x0000000000021ee0       0x14 zephyr/arch/arch/arm/core/mpu/libarch__arm__core__mpu.a(arm_mpu.c.obj)
                0x0000000000021ee0                arm_core_mpu_disable
 .text.arm_core_mpu_configure_static_mpu_regions
                0x0000000000021ef4       0x14 zephyr/arch/arch/arm/core/mpu/libarch__arm__core__mpu.a(arm_mpu.c.obj)
                0x0000000000021ef4                arm_core_mpu_configure_static_mpu_regions
 .text.arm_core_mpu_configure_dynamic_mpu_regions
                0x0000000000021f08       0x38 zephyr/arch/arch/arm/core/mpu/libarch__arm__core__mpu.a(arm_mpu.c.obj)
                0x0000000000021f08                arm_core_mpu_configure_dynamic_mpu_regions
 .text.z_arm_mpu_init
                0x0000000000021f40      0x168 zephyr/arch/arch/arm/core/mpu/libarch__arm__core__mpu.a(arm_mpu.c.obj)
                0x0000000000021f40                z_arm_mpu_init
 .text.z_impl_zephyr_fputc
                0x00000000000220a8       0x10 zephyr/lib/libc/picolibc/liblib__libc__picolibc.a(stdio.c.obj)
                0x00000000000220a8                z_impl_zephyr_fputc
 .text.__stdout_hook_install
                0x00000000000220b8       0x18 zephyr/lib/libc/picolibc/liblib__libc__picolibc.a(stdio.c.obj)
                0x00000000000220b8                __stdout_hook_install
 .text.malloc_prepare
                0x00000000000220d0       0x24 zephyr/lib/libc/common/liblib__libc__common.a(malloc.c.obj)
 .text.nordicsemi_nrf52_init
                0x00000000000220f4       0x44 zephyr/soc/soc/nrf52840/libsoc__nordic.a(soc.c.obj)
 .text.arch_busy_wait
                0x0000000000022138       0x14 zephyr/soc/soc/nrf52840/libsoc__nordic.a(soc.c.obj)
                0x0000000000022138                arch_busy_wait
 .text.onoff_stop
                0x000000000002214c       0x30 zephyr/drivers/clock_control/libdrivers__clock_control.a(clock_control_nrf.c.obj)
 .text.onoff_start
                0x000000000002217c       0x44 zephyr/drivers/clock_control/libdrivers__clock_control.a(clock_control_nrf.c.obj)
 .text.generic_hfclk_stop
                0x00000000000221c0       0x34 zephyr/drivers/clock_control/libdrivers__clock_control.a(clock_control_nrf.c.obj)
 .text.clk_init
                0x00000000000221f4       0x58 zephyr/drivers/clock_control/libdrivers__clock_control.a(clock_control_nrf.c.obj)
 .text.api_blocking_start
                0x000000000002224c       0x34 zephyr/drivers/clock_control/libdrivers__clock_control.a(clock_control_nrf.c.obj)
 .text.clkstarted_handle.constprop.0
                0x0000000000022280       0x4c zephyr/drivers/clock_control/libdrivers__clock_control.a(clock_control_nrf.c.obj)
 .text.generic_hfclk_start
                0x00000000000222cc       0x78 zephyr/drivers/clock_control/libdrivers__clock_control.a(clock_control_nrf.c.obj)
 .text.clock_event_handler
                0x0000000000022344       0x1c zephyr/drivers/clock_control/libdrivers__clock_control.a(clock_control_nrf.c.obj)
 .text.z_nrf_clock_control_lf_on
                0x0000000000022360       0xfc zephyr/drivers/clock_control/libdrivers__clock_control.a(clock_control_nrf.c.obj)
                0x0000000000022360                z_nrf_clock_control_lf_on
 .text.uart_console_init
                0x000000000002245c       0x28 zephyr/drivers/console/libdrivers__console.a(uart_console.c.obj)
 .text.console_out
                0x0000000000022484       0x28 zephyr/drivers/console/libdrivers__console.a(uart_console.c.obj)
 .text.gpio_nrfx_pin_interrupt_configure
                0x00000000000224ac      0x100 zephyr/drivers/gpio/libdrivers__gpio.a(gpio_nrfx.c.obj)
 .text.gpio_nrfx_init
                0x00000000000225ac       0x48 zephyr/drivers/gpio/libdrivers__gpio.a(gpio_nrfx.c.obj)
 .text.nrfx_gpio_handler
                0x00000000000225f4       0x4c zephyr/drivers/gpio/libdrivers__gpio.a(gpio_nrfx.c.obj)
 .text.gpio_nrfx_pin_configure
                0x0000000000022640      0x18c zephyr/drivers/gpio/libdrivers__gpio.a(gpio_nrfx.c.obj)
 .text.nrf_gpio_pin_port_decode
                0x00000000000227cc       0x20 zephyr/drivers/pinctrl/libdrivers__pinctrl.a(pinctrl_nrf.c.obj)
 .text.pinctrl_configure_pins
                0x00000000000227ec      0x1a4 zephyr/drivers/pinctrl/libdrivers__pinctrl.a(pinctrl_nrf.c.obj)
                0x00000000000227ec                pinctrl_configure_pins
 .text.uarte_nrfx_poll_out
                0x0000000000022990       0xb4 zephyr/drivers/serial/libdrivers__serial.a(uart_nrfx_uarte.c.obj)
 .text.uarte_0_init
                0x0000000000022a44      0x108 zephyr/drivers/serial/libdrivers__serial.a(uart_nrfx_uarte.c.obj)
 .text.compare_int_lock
                0x0000000000022b4c       0x48 zephyr/drivers/timer/libdrivers__timer.a(nrf_rtc_timer.c.obj)
 .text.sys_clock_timeout_handler
                0x0000000000022b94       0x48 zephyr/drivers/timer/libdrivers__timer.a(nrf_rtc_timer.c.obj)
 .text.compare_int_unlock
                0x0000000000022bdc       0x5c zephyr/drivers/timer/libdrivers__timer.a(nrf_rtc_timer.c.obj)
 .text.z_nrf_rtc_timer_read
                0x0000000000022c38       0x44 zephyr/drivers/timer/libdrivers__timer.a(nrf_rtc_timer.c.obj)
                0x0000000000022c38                z_nrf_rtc_timer_read
 .text.compare_set
                0x0000000000022c7c      0x130 zephyr/drivers/timer/libdrivers__timer.a(nrf_rtc_timer.c.obj)
 .text.sys_clock_driver_init
                0x0000000000022dac       0x90 zephyr/drivers/timer/libdrivers__timer.a(nrf_rtc_timer.c.obj)
 .text.rtc_nrf_isr
                0x0000000000022e3c       0xd4 zephyr/drivers/timer/libdrivers__timer.a(nrf_rtc_timer.c.obj)
                0x0000000000022e3c                rtc_nrf_isr
 .text.sys_clock_set_timeout
                0x0000000000022f10       0x5c zephyr/drivers/timer/libdrivers__timer.a(nrf_rtc_timer.c.obj)
                0x0000000000022f10                sys_clock_set_timeout
 .text.sys_clock_elapsed
                0x0000000000022f6c       0x14 zephyr/drivers/timer/libdrivers__timer.a(nrf_rtc_timer.c.obj)
                0x0000000000022f6c                sys_clock_elapsed
 .text.nrf52_errata_98
                0x0000000000022f80       0x24 modules/hal_nordic/modules/hal_nordic/nrfx/libmodules__hal_nordic__nrfx.a(system_nrf52840.c.obj)
 .text.nvmc_wait
                0x0000000000022fa4       0x10 modules/hal_nordic/modules/hal_nordic/nrfx/libmodules__hal_nordic__nrfx.a(system_nrf52840.c.obj)
                0x0000000000022fa4                nvmc_wait
 .text.SystemInit
                0x0000000000022fb4      0x1bc modules/hal_nordic/modules/hal_nordic/nrfx/libmodules__hal_nordic__nrfx.a(system_nrf52840.c.obj)
                0x0000000000022fb4                SystemInit
 .text.nrfx_flag32_alloc
                0x0000000000023170       0x48 modules/hal_nordic/modules/hal_nordic/nrfx/libmodules__hal_nordic__nrfx.a(nrfx_flag32_allocator.c.obj)
                0x0000000000023170                nrfx_flag32_alloc
 .text.nrfx_flag32_free
                0x00000000000231b8       0x40 modules/hal_nordic/modules/hal_nordic/nrfx/libmodules__hal_nordic__nrfx.a(nrfx_flag32_allocator.c.obj)
                0x00000000000231b8                nrfx_flag32_free
 .text.nrfx_gppi_channels_enable
                0x00000000000231f8        0xc modules/hal_nordic/modules/hal_nordic/nrfx/libmodules__hal_nordic__nrfx.a(nrfx_gppi_ppi.c.obj)
                0x00000000000231f8                nrfx_gppi_channels_enable
 .text.clock_stop
                0x0000000000023204       0xc4 modules/hal_nordic/modules/hal_nordic/nrfx/libmodules__hal_nordic__nrfx.a(nrfx_clock.c.obj)
 .text.nrfx_clock_init
                0x00000000000232c8       0x20 modules/hal_nordic/modules/hal_nordic/nrfx/libmodules__hal_nordic__nrfx.a(nrfx_clock.c.obj)
                0x00000000000232c8                nrfx_clock_init
 .text.nrfx_clock_enable
                0x00000000000232e8       0x24 modules/hal_nordic/modules/hal_nordic/nrfx/libmodules__hal_nordic__nrfx.a(nrfx_clock.c.obj)
                0x00000000000232e8                nrfx_clock_enable
 .text.nrfx_clock_start
                0x000000000002330c       0xa8 modules/hal_nordic/modules/hal_nordic/nrfx/libmodules__hal_nordic__nrfx.a(nrfx_clock.c.obj)
                0x000000000002330c                nrfx_clock_start
 .text.nrfx_power_clock_irq_handler
                0x00000000000233b4       0x7c modules/hal_nordic/modules/hal_nordic/nrfx/libmodules__hal_nordic__nrfx.a(nrfx_clock.c.obj)
                0x00000000000233b4                nrfx_power_clock_irq_handler
 .text.nrf_gpio_pin_port_decode
                0x0000000000023430       0x20 modules/hal_nordic/modules/hal_nordic/nrfx/libmodules__hal_nordic__nrfx.a(nrfx_gpiote.c.obj)
 .text.get_pin_idx
                0x0000000000023450       0x14 modules/hal_nordic/modules/hal_nordic/nrfx/libmodules__hal_nordic__nrfx.a(nrfx_gpiote.c.obj)
 .text.call_handler.constprop.0
                0x0000000000023464       0x40 modules/hal_nordic/modules/hal_nordic/nrfx/libmodules__hal_nordic__nrfx.a(nrfx_gpiote.c.obj)
 .text.pin_te_get.constprop.0
                0x00000000000234a4       0x18 modules/hal_nordic/modules/hal_nordic/nrfx/libmodules__hal_nordic__nrfx.a(nrfx_gpiote.c.obj)
 .text.pin_is_output.constprop.0
                0x00000000000234bc       0x18 modules/hal_nordic/modules/hal_nordic/nrfx/libmodules__hal_nordic__nrfx.a(nrfx_gpiote.c.obj)
 .text.pin_in_use_by_te.constprop.0
                0x00000000000234d4       0x18 modules/hal_nordic/modules/hal_nordic/nrfx/libmodules__hal_nordic__nrfx.a(nrfx_gpiote.c.obj)
 .text.latch_pending_read_and_check
                0x00000000000234ec       0x40 modules/hal_nordic/modules/hal_nordic/nrfx/libmodules__hal_nordic__nrfx.a(nrfx_gpiote.c.obj)
 .text.release_handler.isra.0
                0x000000000002352c       0x58 modules/hal_nordic/modules/hal_nordic/nrfx/libmodules__hal_nordic__nrfx.a(nrfx_gpiote.c.obj)
 .text.__nrfy_internal_gpiote_events_process.constprop.0
                0x0000000000023584       0x5c modules/hal_nordic/modules/hal_nordic/nrfx/libmodules__hal_nordic__nrfx.a(nrfx_gpiote.c.obj)
 .text.pin_uninit
                0x00000000000235e0       0x80 modules/hal_nordic/modules/hal_nordic/nrfx/libmodules__hal_nordic__nrfx.a(nrfx_gpiote.c.obj)
 .text.nrfx_gpiote_input_configure
                0x0000000000023660      0x174 modules/hal_nordic/modules/hal_nordic/nrfx/libmodules__hal_nordic__nrfx.a(nrfx_gpiote.c.obj)
                0x0000000000023660                nrfx_gpiote_input_configure
 .text.nrfx_gpiote_output_configure
                0x00000000000237d4       0xfc modules/hal_nordic/modules/hal_nordic/nrfx/libmodules__hal_nordic__nrfx.a(nrfx_gpiote.c.obj)
                0x00000000000237d4                nrfx_gpiote_output_configure
 .text.nrfx_gpiote_global_callback_set
                0x00000000000238d0        0xc modules/hal_nordic/modules/hal_nordic/nrfx/libmodules__hal_nordic__nrfx.a(nrfx_gpiote.c.obj)
                0x00000000000238d0                nrfx_gpiote_global_callback_set
 .text.nrfx_gpiote_channel_get
                0x00000000000238dc       0x34 modules/hal_nordic/modules/hal_nordic/nrfx/libmodules__hal_nordic__nrfx.a(nrfx_gpiote.c.obj)
                0x00000000000238dc                nrfx_gpiote_channel_get
 .text.nrfx_gpiote_init
                0x0000000000023910       0x68 modules/hal_nordic/modules/hal_nordic/nrfx/libmodules__hal_nordic__nrfx.a(nrfx_gpiote.c.obj)
                0x0000000000023910                nrfx_gpiote_init
 .text.nrfx_gpiote_init_check
                0x0000000000023978       0x14 modules/hal_nordic/modules/hal_nordic/nrfx/libmodules__hal_nordic__nrfx.a(nrfx_gpiote.c.obj)
                0x0000000000023978                nrfx_gpiote_init_check
 .text.nrfx_gpiote_channel_free
                0x000000000002398c        0xc modules/hal_nordic/modules/hal_nordic/nrfx/libmodules__hal_nordic__nrfx.a(nrfx_gpiote.c.obj)
                0x000000000002398c                nrfx_gpiote_channel_free
 .text.nrfx_gpiote_channel_alloc
                0x0000000000023998        0xc modules/hal_nordic/modules/hal_nordic/nrfx/libmodules__hal_nordic__nrfx.a(nrfx_gpiote.c.obj)
                0x0000000000023998                nrfx_gpiote_channel_alloc
 .text.nrfx_gpiote_trigger_enable
                0x00000000000239a4       0xb0 modules/hal_nordic/modules/hal_nordic/nrfx/libmodules__hal_nordic__nrfx.a(nrfx_gpiote.c.obj)
                0x00000000000239a4                nrfx_gpiote_trigger_enable
 .text.nrfx_gpiote_0_irq_handler
                0x0000000000023a54      0x1bc modules/hal_nordic/modules/hal_nordic/nrfx/libmodules__hal_nordic__nrfx.a(nrfx_gpiote.c.obj)
                0x0000000000023a54                nrfx_gpiote_0_irq_handler
 .text.nrfx_ppi_channel_alloc
                0x0000000000023c10        0xc modules/hal_nordic/modules/hal_nordic/nrfx/libmodules__hal_nordic__nrfx.a(nrfx_ppi.c.obj)
                0x0000000000023c10                nrfx_ppi_channel_alloc
 .text._DoInit  0x0000000000023c1c       0x68 modules/segger/libmodules__segger.a(SEGGER_RTT.c.obj)
 .text.SEGGER_RTT_Init
                0x0000000000023c84       0x3c modules/segger/libmodules__segger.a(SEGGER_RTT.c.obj)
                0x0000000000023c84                SEGGER_RTT_Init
 .text.z_fatal_error
                0x0000000000023cc0       0x30 zephyr/kernel/libkernel.a(fatal.c.obj)
                0x0000000000023cc0                z_fatal_error
 .text.z_sys_init_run_level
                0x0000000000023cf0       0x2c zephyr/kernel/libkernel.a(init.c.obj)
 .text.bg_thread_main
                0x0000000000023d1c       0xc4 zephyr/kernel/libkernel.a(init.c.obj)
 .text.z_bss_zero
                0x0000000000023de0       0x18 zephyr/kernel/libkernel.a(init.c.obj)
                0x0000000000023de0                z_bss_zero
 .text.z_init_cpu
                0x0000000000023df8       0x70 zephyr/kernel/libkernel.a(init.c.obj)
                0x0000000000023df8                z_init_cpu
 .text.z_cstart
                0x0000000000023e68       0xdc zephyr/kernel/libkernel.a(init.c.obj)
                0x0000000000023e68                z_cstart
 .text.init_mem_slab_obj_core_list
                0x0000000000023f44       0x24 zephyr/kernel/libkernel.a(mem_slab.c.obj)
 .text.k_mem_slab_alloc
                0x0000000000023f68       0x5c zephyr/kernel/libkernel.a(mem_slab.c.obj)
                0x0000000000023f68                k_mem_slab_alloc
 .text.z_impl_k_mutex_lock
                0x0000000000023fc4       0xf0 zephyr/kernel/libkernel.a(mutex.c.obj)
                0x0000000000023fc4                z_impl_k_mutex_lock
 .text.z_impl_k_mutex_unlock
                0x00000000000240b4       0xa0 zephyr/kernel/libkernel.a(mutex.c.obj)
                0x00000000000240b4                z_impl_k_mutex_unlock
 .text.z_impl_k_sem_give
                0x0000000000024154       0x68 zephyr/kernel/libkernel.a(sem.c.obj)
                0x0000000000024154                z_impl_k_sem_give
 .text.z_impl_k_sem_take
                0x00000000000241bc       0x4c zephyr/kernel/libkernel.a(sem.c.obj)
                0x00000000000241bc                z_impl_k_sem_take
 .text.z_setup_new_thread
                0x0000000000024208       0x98 zephyr/kernel/libkernel.a(thread.c.obj)
                0x0000000000024208                z_setup_new_thread
 .text.z_swap_irqlock
                0x00000000000242a0       0x30 zephyr/kernel/libkernel.a(sched.c.obj)
 .text.ready_thread
                0x00000000000242d0       0x90 zephyr/kernel/libkernel.a(sched.c.obj)
 .text.unready_thread
                0x0000000000024360       0x54 zephyr/kernel/libkernel.a(sched.c.obj)
 .text.move_thread_to_end_of_prio_q
                0x00000000000243b4       0x90 zephyr/kernel/libkernel.a(sched.c.obj)
                0x00000000000243b4                move_thread_to_end_of_prio_q
 .text.z_pend_curr
                0x0000000000024444       0x58 zephyr/kernel/libkernel.a(sched.c.obj)
                0x0000000000024444                z_pend_curr
 .text.z_thread_prio_set
                0x000000000002449c       0x9c zephyr/kernel/libkernel.a(sched.c.obj)
                0x000000000002449c                z_thread_prio_set
 .text.z_reschedule
                0x0000000000024538       0x24 zephyr/kernel/libkernel.a(sched.c.obj)
                0x0000000000024538                z_reschedule
 .text.z_reschedule_irqlock
                0x000000000002455c       0x28 zephyr/kernel/libkernel.a(sched.c.obj)
                0x000000000002455c                z_reschedule_irqlock
 .text.k_sched_lock
                0x0000000000024584       0x28 zephyr/kernel/libkernel.a(sched.c.obj)
                0x0000000000024584                k_sched_lock
 .text.k_sched_unlock
                0x00000000000245ac       0x68 zephyr/kernel/libkernel.a(sched.c.obj)
                0x00000000000245ac                k_sched_unlock
 .text.z_sched_init
                0x0000000000024614       0x10 zephyr/kernel/libkernel.a(sched.c.obj)
                0x0000000000024614                z_sched_init
 .text.z_impl_k_yield
                0x0000000000024624       0x88 zephyr/kernel/libkernel.a(sched.c.obj)
                0x0000000000024624                z_impl_k_yield
 .text.z_tick_sleep
                0x00000000000246ac       0x80 zephyr/kernel/libkernel.a(sched.c.obj)
 .text.z_impl_k_wakeup
                0x000000000002472c       0x4c zephyr/kernel/libkernel.a(sched.c.obj)
                0x000000000002472c                z_impl_k_wakeup
 .text.z_impl_k_sched_current_thread_query
                0x0000000000024778        0xc zephyr/kernel/libkernel.a(sched.c.obj)
                0x0000000000024778                z_impl_k_sched_current_thread_query
 .text.z_thread_abort
                0x0000000000024784      0x110 zephyr/kernel/libkernel.a(sched.c.obj)
                0x0000000000024784                z_thread_abort
 .text.slice_timeout
                0x0000000000024894       0x20 zephyr/kernel/libkernel.a(timeslicing.c.obj)
 .text.thread_is_sliceable
                0x00000000000248b4       0x3c zephyr/kernel/libkernel.a(timeslicing.c.obj)
                0x00000000000248b4                thread_is_sliceable
 .text.z_reset_time_slice
                0x00000000000248f0       0x50 zephyr/kernel/libkernel.a(timeslicing.c.obj)
                0x00000000000248f0                z_reset_time_slice
 .text.z_time_slice
                0x0000000000024940       0x60 zephyr/kernel/libkernel.a(timeslicing.c.obj)
                0x0000000000024940                z_time_slice
 .text.z_data_copy
                0x00000000000249a0       0x38 zephyr/kernel/libkernel.a(xip.c.obj)
                0x00000000000249a0                z_data_copy
 .text.first    0x00000000000249d8       0x10 zephyr/kernel/libkernel.a(timeout.c.obj)
 .text.elapsed  0x00000000000249e8       0x14 zephyr/kernel/libkernel.a(timeout.c.obj)
 .text.remove_timeout
                0x00000000000249fc       0x38 zephyr/kernel/libkernel.a(timeout.c.obj)
 .text.z_add_timeout
                0x0000000000024a34       0xec zephyr/kernel/libkernel.a(timeout.c.obj)
                0x0000000000024a34                z_add_timeout
 .text.sys_clock_announce
                0x0000000000024b20       0xbc zephyr/kernel/libkernel.a(timeout.c.obj)
                0x0000000000024b20                sys_clock_announce
 .text.sys_clock_tick_get
                0x0000000000024bdc       0x30 zephyr/kernel/libkernel.a(timeout.c.obj)
                0x0000000000024bdc                sys_clock_tick_get
 .text.nrf_cc3xx_platform_init_no_rng
                0x0000000000024c0c       0x38 C:/ncs/sdk/nrfxlib/crypto/nrf_cc310_platform/lib/cortex-m4/soft-float/no-interrupts/libnrf_cc310_platform_0.9.19.a(nrf_cc3xx_platform.c.obj)
                0x0000000000024c0c                nrf_cc3xx_platform_init_no_rng
 .text.nrf_cc3xx_platform_abort
                0x0000000000024c44       0x24 C:/ncs/sdk/nrfxlib/crypto/nrf_cc310_platform/lib/cortex-m4/soft-float/no-interrupts/libnrf_cc310_platform_0.9.19.a(nrf_cc3xx_platform_abort.c.obj)
 .text.CC_PalAbort
                0x0000000000024c68       0x34 C:/ncs/sdk/nrfxlib/crypto/nrf_cc310_platform/lib/cortex-m4/soft-float/no-interrupts/libnrf_cc310_platform_0.9.19.a(nrf_cc3xx_platform_abort.c.obj)
                0x0000000000024c68                CC_PalAbort
 .text.nrf_cc3xx_platform_set_abort
                0x0000000000024c9c       0x10 C:/ncs/sdk/nrfxlib/crypto/nrf_cc310_platform/lib/cortex-m4/soft-float/no-interrupts/libnrf_cc310_platform_0.9.19.a(nrf_cc3xx_platform_abort.c.obj)
                0x0000000000024c9c                nrf_cc3xx_platform_set_abort
 .text.mutex_free
                0x0000000000024cac       0x34 C:/ncs/sdk/nrfxlib/crypto/nrf_cc310_platform/lib/cortex-m4/soft-float/no-interrupts/libnrf_cc310_platform_0.9.19.a(nrf_cc3xx_platform_mutex.c.obj)
 .text.mutex_lock
                0x0000000000024ce0       0x48 C:/ncs/sdk/nrfxlib/crypto/nrf_cc310_platform/lib/cortex-m4/soft-float/no-interrupts/libnrf_cc310_platform_0.9.19.a(nrf_cc3xx_platform_mutex.c.obj)
 .text.mutex_unlock
                0x0000000000024d28       0x38 C:/ncs/sdk/nrfxlib/crypto/nrf_cc310_platform/lib/cortex-m4/soft-float/no-interrupts/libnrf_cc310_platform_0.9.19.a(nrf_cc3xx_platform_mutex.c.obj)
 .text.mutex_init
                0x0000000000024d60       0x20 C:/ncs/sdk/nrfxlib/crypto/nrf_cc310_platform/lib/cortex-m4/soft-float/no-interrupts/libnrf_cc310_platform_0.9.19.a(nrf_cc3xx_platform_mutex.c.obj)
 .text.nrf_cc3xx_platform_set_mutexes
                0x0000000000024d80       0x74 C:/ncs/sdk/nrfxlib/crypto/nrf_cc310_platform/lib/cortex-m4/soft-float/no-interrupts/libnrf_cc310_platform_0.9.19.a(nrf_cc3xx_platform_mutex.c.obj)
                0x0000000000024d80                nrf_cc3xx_platform_set_mutexes
 .text.CC_LibInitNoRng
                0x0000000000024df4       0x64 C:/ncs/sdk/nrfxlib/crypto/nrf_cc310_platform/lib/cortex-m4/soft-float/no-interrupts/libnrf_cc310_platform_0.9.19.a(cc_lib.c.obj)
                0x0000000000024df4                CC_LibInitNoRng
 .text.CC_HalInit
                0x0000000000024e58        0x4 C:/ncs/sdk/nrfxlib/crypto/nrf_cc310_platform/lib/cortex-m4/soft-float/no-interrupts/libnrf_cc310_platform_0.9.19.a(cc_hal.c.obj)
                0x0000000000024e58                CC_HalInit
 .text.CC_HalTerminate
                0x0000000000024e5c        0x4 C:/ncs/sdk/nrfxlib/crypto/nrf_cc310_platform/lib/cortex-m4/soft-float/no-interrupts/libnrf_cc310_platform_0.9.19.a(cc_hal.c.obj)
                0x0000000000024e5c                CC_HalTerminate
 .text.CC_HalMaskInterrupt
                0x0000000000024e60        0xc C:/ncs/sdk/nrfxlib/crypto/nrf_cc310_platform/lib/cortex-m4/soft-float/no-interrupts/libnrf_cc310_platform_0.9.19.a(cc_hal.c.obj)
                0x0000000000024e60                CC_HalMaskInterrupt
 .text.CC_PalInit
                0x0000000000024e6c       0x5c C:/ncs/sdk/nrfxlib/crypto/nrf_cc310_platform/lib/cortex-m4/soft-float/no-interrupts/libnrf_cc310_platform_0.9.19.a(cc_pal.c.obj)
                0x0000000000024e6c                CC_PalInit
 .text.CC_PalTerminate
                0x0000000000024ec8       0x34 C:/ncs/sdk/nrfxlib/crypto/nrf_cc310_platform/lib/cortex-m4/soft-float/no-interrupts/libnrf_cc310_platform_0.9.19.a(cc_pal.c.obj)
                0x0000000000024ec8                CC_PalTerminate
 .text.CC_PalDmaInit
                0x0000000000024efc        0x4 C:/ncs/sdk/nrfxlib/crypto/nrf_cc310_platform/lib/cortex-m4/soft-float/no-interrupts/libnrf_cc310_platform_0.9.19.a(cc_pal_dma.c.obj)
                0x0000000000024efc                CC_PalDmaInit
 .text.CC_PalDmaTerminate
                0x0000000000024f00        0x4 C:/ncs/sdk/nrfxlib/crypto/nrf_cc310_platform/lib/cortex-m4/soft-float/no-interrupts/libnrf_cc310_platform_0.9.19.a(cc_pal_dma.c.obj)
                0x0000000000024f00                CC_PalDmaTerminate
 .text.CC_PalMutexCreate
                0x0000000000024f04       0x14 C:/ncs/sdk/nrfxlib/crypto/nrf_cc310_platform/lib/cortex-m4/soft-float/no-interrupts/libnrf_cc310_platform_0.9.19.a(cc_pal_mutex.c.obj)
                0x0000000000024f04                CC_PalMutexCreate
 .text.CC_PalMutexDestroy
                0x0000000000024f18       0x14 C:/ncs/sdk/nrfxlib/crypto/nrf_cc310_platform/lib/cortex-m4/soft-float/no-interrupts/libnrf_cc310_platform_0.9.19.a(cc_pal_mutex.c.obj)
                0x0000000000024f18                CC_PalMutexDestroy
 .text.CC_PalPowerSaveModeInit
                0x0000000000024f2c       0x3c C:/ncs/sdk/nrfxlib/crypto/nrf_cc310_platform/lib/cortex-m4/soft-float/no-interrupts/libnrf_cc310_platform_0.9.19.a(cc_pal_pm.c.obj)
                0x0000000000024f2c                CC_PalPowerSaveModeInit
 .text.CC_PalPowerSaveModeSelect
                0x0000000000024f68       0x84 C:/ncs/sdk/nrfxlib/crypto/nrf_cc310_platform/lib/cortex-m4/soft-float/no-interrupts/libnrf_cc310_platform_0.9.19.a(cc_pal_pm.c.obj)
                0x0000000000024f68                CC_PalPowerSaveModeSelect
 .text.__l_vfprintf
                0x0000000000024fec      0x4b8 c:\ncs\toolchains\0b393f9e1b\opt\zephyr-sdk\arm-zephyr-eabi\bin\../lib/gcc/../../picolibc/arm-zephyr-eabi/lib/thumb/v7e-m/nofp\libc.a(libc_tinystdio_vflprintf.c.o)
                0x0000000000024fec                __l_vfprintf
 .text._OffsetAbsSyms
                0x00000000000254a4        0x2 zephyr/CMakeFiles/offsets.dir/./arch/arm/core/offsets/offsets.c.obj
                0x00000000000254a4                _OffsetAbsSyms
 .text.chunk_field
                0x00000000000254a6       0x16 zephyr/libzephyr.a(heap.c.obj)
 .text.chunk_set
                0x00000000000254bc       0x16 zephyr/libzephyr.a(heap.c.obj)
 .text.chunk_size
                0x00000000000254d2        0xc zephyr/libzephyr.a(heap.c.obj)
 .text.set_chunk_used
                0x00000000000254de       0x30 zephyr/libzephyr.a(heap.c.obj)
 .text.set_chunk_size
                0x000000000002550e        0x8 zephyr/libzephyr.a(heap.c.obj)
 .text.bucket_idx.isra.0
                0x0000000000025516       0x1c zephyr/libzephyr.a(heap.c.obj)
 .text.free_list_add
                0x0000000000025532       0x84 zephyr/libzephyr.a(heap.c.obj)
 .text.sys_heap_init
                0x00000000000255b6       0xb0 zephyr/libzephyr.a(heap.c.obj)
                0x00000000000255b6                sys_heap_init
 .text.arch_printk_char_out
                0x0000000000025666        0x4 zephyr/libzephyr.a(printk.c.obj)
                0x0000000000025666                arch_printk_char_out
 .text.printk   0x000000000002566a       0x1a zephyr/libzephyr.a(printk.c.obj)
                0x000000000002566a                printk
 .text.process_recheck
                0x0000000000025684       0x38 zephyr/libzephyr.a(onoff.c.obj)
 .text.validate_args
                0x00000000000256bc       0x20 zephyr/libzephyr.a(onoff.c.obj)
 .text.notify_one
                0x00000000000256dc       0x2c zephyr/libzephyr.a(onoff.c.obj)
 .text.transition_complete
                0x0000000000025708       0x1a zephyr/libzephyr.a(onoff.c.obj)
 .text.onoff_manager_init
                0x0000000000025722       0x26 zephyr/libzephyr.a(onoff.c.obj)
                0x0000000000025722                onoff_manager_init
 .text.onoff_request
                0x0000000000025748       0xae zephyr/libzephyr.a(onoff.c.obj)
                0x0000000000025748                onoff_request
 .text.sys_notify_validate
                0x00000000000257f6       0x22 zephyr/libzephyr.a(notify.c.obj)
                0x00000000000257f6                sys_notify_validate
 .text.sys_notify_finalize
                0x0000000000025818       0x1a zephyr/libzephyr.a(notify.c.obj)
                0x0000000000025818                sys_notify_finalize
 .text._ConfigAbsSyms
                0x0000000000025832        0x2 zephyr/libzephyr.a(configs.c.obj)
                0x0000000000025832                _ConfigAbsSyms
 .text.abort_function
                0x0000000000025834        0x2 zephyr/libzephyr.a(nrf_cc3xx_platform_abort_zephyr.c.obj)
 .text.z_arm_fatal_error
                0x0000000000025836        0xc zephyr/arch/arch/arm/core/libarch__arm__core.a(fatal.c.obj)
                0x0000000000025836                z_arm_fatal_error
 .text.z_do_kernel_oops
                0x0000000000025842        0x8 zephyr/arch/arch/arm/core/libarch__arm__core.a(fatal.c.obj)
                0x0000000000025842                z_do_kernel_oops
 .text.z_arm_nmi
                0x000000000002584a        0xe zephyr/arch/arch/arm/core/libarch__arm__core.a(nmi.c.obj)
                0x000000000002584a                z_arm_nmi
 .text.z_irq_spurious
                0x0000000000025858        0x8 zephyr/arch/arch/arm/core/cortex_m/libarch__arm__core__cortex_m.a(irq_manage.c.obj)
                0x0000000000025858                z_irq_spurious
 .text.arch_irq_unlock_outlined
                0x0000000000025860        0xe zephyr/arch/arch/arm/core/cortex_m/libarch__arm__core__cortex_m.a(thread.c.obj)
                0x0000000000025860                arch_irq_unlock_outlined
 .text.arch_cpu_idle
                0x000000000002586e       0x1a zephyr/arch/arch/arm/core/cortex_m/libarch__arm__core__cortex_m.a(cpu_idle.c.obj)
                0x000000000002586e                arch_cpu_idle
 .text.arch_cpu_atomic_idle
                0x0000000000025888       0x1e zephyr/arch/arch/arm/core/cortex_m/libarch__arm__core__cortex_m.a(cpu_idle.c.obj)
                0x0000000000025888                arch_cpu_atomic_idle
 .text.size_to_mpu_rasr_size
                0x00000000000258a6       0x20 zephyr/arch/arch/arm/core/mpu/libarch__arm__core__mpu.a(arm_mpu.c.obj)
 .text.picolibc_put
                0x00000000000258c6        0xa zephyr/lib/libc/picolibc/liblib__libc__picolibc.a(stdio.c.obj)
 .text.get_status
                0x00000000000258d0       0x12 zephyr/drivers/clock_control/libdrivers__clock_control.a(clock_control_nrf.c.obj)
 .text.stop     0x00000000000258e2       0x52 zephyr/drivers/clock_control/libdrivers__clock_control.a(clock_control_nrf.c.obj)
 .text.api_stop
                0x0000000000025934        0x6 zephyr/drivers/clock_control/libdrivers__clock_control.a(clock_control_nrf.c.obj)
 .text.async_start
                0x000000000002593a       0x5c zephyr/drivers/clock_control/libdrivers__clock_control.a(clock_control_nrf.c.obj)
 .text.api_start
                0x0000000000025996        0xe zephyr/drivers/clock_control/libdrivers__clock_control.a(clock_control_nrf.c.obj)
 .text.onoff_started_callback
                0x00000000000259a4       0x12 zephyr/drivers/clock_control/libdrivers__clock_control.a(clock_control_nrf.c.obj)
 .text.lfclk_start
                0x00000000000259b6        0x6 zephyr/drivers/clock_control/libdrivers__clock_control.a(clock_control_nrf.c.obj)
 .text.lfclk_stop
                0x00000000000259bc        0x6 zephyr/drivers/clock_control/libdrivers__clock_control.a(clock_control_nrf.c.obj)
 .text.blocking_start_callback
                0x00000000000259c2        0x6 zephyr/drivers/clock_control/libdrivers__clock_control.a(clock_control_nrf.c.obj)
 .text.gpio_nrfx_port_get_raw
                0x00000000000259c8        0xe zephyr/drivers/gpio/libdrivers__gpio.a(gpio_nrfx.c.obj)
 .text.gpio_nrfx_port_set_masked_raw
                0x00000000000259d6       0x18 zephyr/drivers/gpio/libdrivers__gpio.a(gpio_nrfx.c.obj)
 .text.gpio_nrfx_port_set_bits_raw
                0x00000000000259ee        0xc zephyr/drivers/gpio/libdrivers__gpio.a(gpio_nrfx.c.obj)
 .text.gpio_nrfx_port_clear_bits_raw
                0x00000000000259fa        0xc zephyr/drivers/gpio/libdrivers__gpio.a(gpio_nrfx.c.obj)
 .text.gpio_nrfx_port_toggle_bits
                0x0000000000025a06       0x1a zephyr/drivers/gpio/libdrivers__gpio.a(gpio_nrfx.c.obj)
 .text.gpio_nrfx_manage_callback
                0x0000000000025a20       0x52 zephyr/drivers/gpio/libdrivers__gpio.a(gpio_nrfx.c.obj)
 .text.pinctrl_lookup_state
                0x0000000000025a72       0x26 zephyr/drivers/pinctrl/libdrivers__pinctrl.a(common.c.obj)
                0x0000000000025a72                pinctrl_lookup_state
 .text.uarte_nrfx_err_check
                0x0000000000025a98        0xe zephyr/drivers/serial/libdrivers__serial.a(uart_nrfx_uarte.c.obj)
 .text.uarte_nrfx_poll_in
                0x0000000000025aa6       0x26 zephyr/drivers/serial/libdrivers__serial.a(uart_nrfx_uarte.c.obj)
 .text.is_tx_ready.isra.0
                0x0000000000025acc       0x20 zephyr/drivers/serial/libdrivers__serial.a(uart_nrfx_uarte.c.obj)
 .text.uarte_nrfx_isr_int
                0x0000000000025aec       0x42 zephyr/drivers/serial/libdrivers__serial.a(uart_nrfx_uarte.c.obj)
 .text.event_clear
                0x0000000000025b2e       0x18 zephyr/drivers/timer/libdrivers__timer.a(nrf_rtc_timer.c.obj)
 .text.hw_cc3xx_init_internal
                0x0000000000025b46        0x4 modules/nrf/drivers/hw_cc3xx/lib..__nrf__drivers__hw_cc3xx.a(hw_cc3xx.c.obj)
 .text.hw_cc3xx_init
                0x0000000000025b4a       0x12 modules/nrf/drivers/hw_cc3xx/lib..__nrf__drivers__hw_cc3xx.a(hw_cc3xx.c.obj)
 .text.nrfx_isr
                0x0000000000025b5c        0x2 modules/hal_nordic/modules/hal_nordic/nrfx/libmodules__hal_nordic__nrfx.a(nrfx_glue.c.obj)
                0x0000000000025b5c                nrfx_isr
 .text.nrfx_busy_wait
                0x0000000000025b5e        0x4 modules/hal_nordic/modules/hal_nordic/nrfx/libmodules__hal_nordic__nrfx.a(nrfx_glue.c.obj)
                0x0000000000025b5e                nrfx_busy_wait
 .text.nrfx_gppi_channel_endpoints_setup
                0x0000000000025b62       0x14 modules/hal_nordic/modules/hal_nordic/nrfx/libmodules__hal_nordic__nrfx.a(nrfx_gppi_ppi.c.obj)
                0x0000000000025b62                nrfx_gppi_channel_endpoints_setup
 .text.nrfx_gppi_channel_alloc
                0x0000000000025b76        0x4 modules/hal_nordic/modules/hal_nordic/nrfx/libmodules__hal_nordic__nrfx.a(nrfx_gppi_ppi.c.obj)
                0x0000000000025b76                nrfx_gppi_channel_alloc
 .text.nrfx_clock_stop
                0x0000000000025b7a        0x4 modules/hal_nordic/modules/hal_nordic/nrfx/libmodules__hal_nordic__nrfx.a(nrfx_clock.c.obj)
                0x0000000000025b7a                nrfx_clock_stop
 .text.nrf_gpio_reconfigure
                0x0000000000025b7e       0x92 modules/hal_nordic/modules/hal_nordic/nrfx/libmodules__hal_nordic__nrfx.a(nrfx_gpiote.c.obj)
 .text.nrf_gpio_cfg_sense_set
                0x0000000000025c10       0x1e modules/hal_nordic/modules/hal_nordic/nrfx/libmodules__hal_nordic__nrfx.a(nrfx_gpiote.c.obj)
 .text.pin_trigger_disable
                0x0000000000025c2e       0x48 modules/hal_nordic/modules/hal_nordic/nrfx/libmodules__hal_nordic__nrfx.a(nrfx_gpiote.c.obj)
 .text.nrfx_gpiote_pin_uninit
                0x0000000000025c76        0x4 modules/hal_nordic/modules/hal_nordic/nrfx/libmodules__hal_nordic__nrfx.a(nrfx_gpiote.c.obj)
                0x0000000000025c76                nrfx_gpiote_pin_uninit
 .text.nrfx_gpiote_trigger_disable
                0x0000000000025c7a        0x4 modules/hal_nordic/modules/hal_nordic/nrfx/libmodules__hal_nordic__nrfx.a(nrfx_gpiote.c.obj)
                0x0000000000025c7a                nrfx_gpiote_trigger_disable
 .text.rtt_init
                0x0000000000025c7e        0xa modules/segger/libmodules__segger.a(SEGGER_RTT_zephyr.c.obj)
 .text.z_impl_k_busy_wait
                0x0000000000025c88        0x8 zephyr/kernel/libkernel.a(busy_wait.c.obj)
                0x0000000000025c88                z_impl_k_busy_wait
 .text.z_device_state_init
                0x0000000000025c90        0x2 zephyr/kernel/libkernel.a(device.c.obj)
                0x0000000000025c90                z_device_state_init
 .text.z_impl_device_is_ready
                0x0000000000025c92       0x16 zephyr/kernel/libkernel.a(device.c.obj)
                0x0000000000025c92                z_impl_device_is_ready
 .text.arch_system_halt
                0x0000000000025ca8       0x10 zephyr/kernel/libkernel.a(fatal.c.obj)
                0x0000000000025ca8                arch_system_halt
 .text.k_sys_fatal_error_handler
                0x0000000000025cb8        0x6 zephyr/kernel/libkernel.a(fatal.c.obj)
                0x0000000000025cb8                k_sys_fatal_error_handler
 .text.do_device_init
                0x0000000000025cbe       0x30 zephyr/kernel/libkernel.a(init.c.obj)
 .text.z_early_memset
                0x0000000000025cee        0x4 zephyr/kernel/libkernel.a(init.c.obj)
                0x0000000000025cee                z_early_memset
 .text.z_early_memcpy
                0x0000000000025cf2        0x4 zephyr/kernel/libkernel.a(init.c.obj)
                0x0000000000025cf2                z_early_memcpy
 .text.z_init_static
                0x0000000000025cf6        0x2 zephyr/kernel/libkernel.a(init_static.c.obj)
                0x0000000000025cf6                z_init_static
 .text.create_free_list
                0x0000000000025cf8       0x34 zephyr/kernel/libkernel.a(mem_slab.c.obj)
 .text.k_mem_slab_init
                0x0000000000025d2c       0x1c zephyr/kernel/libkernel.a(mem_slab.c.obj)
                0x0000000000025d2c                k_mem_slab_init
 .text.k_mem_slab_free
                0x0000000000025d48       0x6e zephyr/kernel/libkernel.a(mem_slab.c.obj)
                0x0000000000025d48                k_mem_slab_free
 .text.idle     0x0000000000025db6       0x16 zephyr/kernel/libkernel.a(idle.c.obj)
                0x0000000000025db6                idle
 .text.adjust_owner_prio.isra.0
                0x0000000000025dcc       0x10 zephyr/kernel/libkernel.a(mutex.c.obj)
 .text.z_impl_k_mutex_init
                0x0000000000025ddc        0xe zephyr/kernel/libkernel.a(mutex.c.obj)
                0x0000000000025ddc                z_impl_k_mutex_init
 .text.k_is_in_isr
                0x0000000000025dea        0xc zephyr/kernel/libkernel.a(thread.c.obj)
                0x0000000000025dea                k_is_in_isr
 .text.sys_dlist_remove
                0x0000000000025df6       0x10 zephyr/kernel/libkernel.a(sched.c.obj)
 .text.unpend_thread_no_timeout
                0x0000000000025e06       0x14 zephyr/kernel/libkernel.a(sched.c.obj)
 .text.add_to_waitq_locked
                0x0000000000025e1a       0x50 zephyr/kernel/libkernel.a(sched.c.obj)
 .text.z_ready_thread
                0x0000000000025e6a       0x1e zephyr/kernel/libkernel.a(sched.c.obj)
                0x0000000000025e6a                z_ready_thread
 .text.z_sched_wake_thread
                0x0000000000025e88       0x3a zephyr/kernel/libkernel.a(sched.c.obj)
                0x0000000000025e88                z_sched_wake_thread
 .text.z_thread_timeout
                0x0000000000025ec2        0x8 zephyr/kernel/libkernel.a(sched.c.obj)
                0x0000000000025ec2                z_thread_timeout
 .text.z_impl_k_sleep
                0x0000000000025eca       0x32 zephyr/kernel/libkernel.a(sched.c.obj)
                0x0000000000025eca                z_impl_k_sleep
 .text.next_timeout
                0x0000000000025efc       0x32 zephyr/kernel/libkernel.a(timeout.c.obj)
 .text.z_abort_timeout
                0x0000000000025f2e       0x42 zephyr/kernel/libkernel.a(timeout.c.obj)
                0x0000000000025f2e                z_abort_timeout
 .text.sys_clock_tick_get_32
                0x0000000000025f70        0x8 zephyr/kernel/libkernel.a(timeout.c.obj)
                0x0000000000025f70                sys_clock_tick_get_32
 .text.memcpy   0x0000000000025f78       0x1c c:\ncs\toolchains\0b393f9e1b\opt\zephyr-sdk\arm-zephyr-eabi\bin\../lib/gcc/../../picolibc/arm-zephyr-eabi/lib/thumb/v7e-m/nofp\libc.a(memcpy.c.o)
                0x0000000000025f78                __aeabi_memcpy
                0x0000000000025f78                __aeabi_memcpy4
                0x0000000000025f78                __aeabi_memcpy8
                0x0000000000025f78                memcpy
 .text.memset   0x0000000000025f94       0x10 c:\ncs\toolchains\0b393f9e1b\opt\zephyr-sdk\arm-zephyr-eabi\bin\../lib/gcc/../../picolibc/arm-zephyr-eabi/lib/thumb/v7e-m/nofp\libc.a(memset.c.o)
                0x0000000000025f94                memset
 .text.strnlen  0x0000000000025fa4       0x18 c:\ncs\toolchains\0b393f9e1b\opt\zephyr-sdk\arm-zephyr-eabi\bin\../lib/gcc/../../picolibc/arm-zephyr-eabi/lib/thumb/v7e-m/nofp\libc.a(libc_string_strnlen.c.o)
                0x0000000000025fa4                strnlen
 .text.__ultoa_invert
                0x0000000000025fbc       0xae c:\ncs\toolchains\0b393f9e1b\opt\zephyr-sdk\arm-zephyr-eabi\bin\../lib/gcc/../../picolibc/arm-zephyr-eabi/lib/thumb/v7e-m/nofp\libc.a(libc_tinystdio_vflprintf.c.o)
 *(SORT_BY_ALIGNMENT(.TEXT.*))
 *fill*         0x000000000002606a        0x2 
 .TEXT.__aeabi_read_tp
                0x000000000002606c        0xc zephyr/arch/arch/arm/core/cortex_m/libarch__arm__core__cortex_m.a(__aeabi_read_tp.S.obj)
                0x000000000002606c                __aeabi_read_tp
 *(SORT_BY_ALIGNMENT(.gnu.linkonce.t.*))
 *(SORT_BY_ALIGNMENT(.glue_7t))
 .glue_7t       0x0000000000026078        0x0 linker stubs
 *(SORT_BY_ALIGNMENT(.glue_7))
 .glue_7        0x0000000000026078        0x0 linker stubs
 *(SORT_BY_ALIGNMENT(.vfp11_veneer))
 .vfp11_veneer  0x0000000000026078        0x0 linker stubs
 *(SORT_BY_ALIGNMENT(.v4_bx))
 .v4_bx         0x0000000000026078        0x0 linker stubs
                0x0000000000026078                . = ALIGN (0x4)
                0x0000000000026078                __text_region_end = .

.ARM.exidx      0x0000000000026078        0x0
                0x0000000000026078                __exidx_start = .
 *(SORT_BY_ALIGNMENT(.ARM.exidx*) SORT_BY_ALIGNMENT(gnu.linkonce.armexidx.*))
                0x0000000000026078                __exidx_end = .
                0x0000000000026078                __rodata_region_start = .

initlevel       0x0000000000026078       0x60
                0x0000000000026078                __init_start = .
                0x0000000000026078                __init_EARLY_start = .
 *(SORT_BY_NAME(SORT_BY_ALIGNMENT(.z_init_EARLY?_*)))
 *(SORT_BY_NAME(SORT_BY_ALIGNMENT(.z_init_EARLY??_*)))
                0x0000000000026078                __init_PRE_KERNEL_1_start = .
 *(SORT_BY_NAME(SORT_BY_ALIGNMENT(.z_init_PRE_KERNEL_1?_*)))
 .z_init_PRE_KERNEL_10_0_
                0x0000000000026078        0x8 zephyr/soc/soc/nrf52840/libsoc__nordic.a(soc.c.obj)
 *(SORT_BY_NAME(SORT_BY_ALIGNMENT(.z_init_PRE_KERNEL_1??_*)))
 .z_init_PRE_KERNEL_130_00075_
                0x0000000000026080        0x8 zephyr/drivers/clock_control/libdrivers__clock_control.a(clock_control_nrf.c.obj)
 .z_init_PRE_KERNEL_130_0_
                0x0000000000026088        0x8 modules/segger/libmodules__segger.a(SEGGER_RTT_zephyr.c.obj)
 .z_init_PRE_KERNEL_130_0_
                0x0000000000026090        0x8 zephyr/kernel/libkernel.a(mem_slab.c.obj)
 .z_init_PRE_KERNEL_140_00011_
                0x0000000000026098        0x8 zephyr/drivers/gpio/libdrivers__gpio.a(gpio_nrfx.c.obj)
 .z_init_PRE_KERNEL_140_00105_
                0x00000000000260a0        0x8 zephyr/drivers/gpio/libdrivers__gpio.a(gpio_nrfx.c.obj)
 .z_init_PRE_KERNEL_140_0_
                0x00000000000260a8        0x8 modules/nrf/drivers/hw_cc3xx/lib..__nrf__drivers__hw_cc3xx.a(hw_cc3xx.c.obj)
 .z_init_PRE_KERNEL_150_00113_
                0x00000000000260b0        0x8 zephyr/drivers/serial/libdrivers__serial.a(uart_nrfx_uarte.c.obj)
 .z_init_PRE_KERNEL_160_0_
                0x00000000000260b8        0x8 zephyr/drivers/console/libdrivers__console.a(uart_console.c.obj)
                0x00000000000260c0                __init_PRE_KERNEL_2_start = .
 *(SORT_BY_NAME(SORT_BY_ALIGNMENT(.z_init_PRE_KERNEL_2?_*)))
 .z_init_PRE_KERNEL_20_0_
                0x00000000000260c0        0x8 zephyr/drivers/timer/libdrivers__timer.a(nrf_rtc_timer.c.obj)
 *(SORT_BY_NAME(SORT_BY_ALIGNMENT(.z_init_PRE_KERNEL_2??_*)))
                0x00000000000260c8                __init_POST_KERNEL_start = .
 *(SORT_BY_NAME(SORT_BY_ALIGNMENT(.z_init_POST_KERNEL?_*)))
 *(SORT_BY_NAME(SORT_BY_ALIGNMENT(.z_init_POST_KERNEL??_*)))
 .z_init_POST_KERNEL35_0_
                0x00000000000260c8        0x8 zephyr/lib/libc/common/liblib__libc__common.a(malloc.c.obj)
 .z_init_POST_KERNEL40_0_
                0x00000000000260d0        0x8 modules/nrf/drivers/hw_cc3xx/lib..__nrf__drivers__hw_cc3xx.a(hw_cc3xx.c.obj)
                0x00000000000260d8                __init_APPLICATION_start = .
 *(SORT_BY_NAME(SORT_BY_ALIGNMENT(.z_init_APPLICATION?_*)))
 *(SORT_BY_NAME(SORT_BY_ALIGNMENT(.z_init_APPLICATION??_*)))
                0x00000000000260d8                __init_SMP_start = .
 *(SORT_BY_NAME(SORT_BY_ALIGNMENT(.z_init_SMP?_*)))
 *(SORT_BY_NAME(SORT_BY_ALIGNMENT(.z_init_SMP??_*)))
                0x00000000000260d8                __init_end = .
                0x00000000000260d8                __deferred_init_list_start = .
 *(SORT_BY_ALIGNMENT(.z_deferred_init*))
                0x00000000000260d8                __deferred_init_list_end = .

device_area     0x00000000000260d8       0x50
                0x00000000000260d8                _device_list_start = .
 *(SORT_BY_NAME(SORT_BY_ALIGNMENT(._device.static.*_?_*)))
 *(SORT_BY_NAME(SORT_BY_ALIGNMENT(._device.static.*_??_*)))
 ._device.static.1_30_
                0x00000000000260d8       0x14 zephyr/drivers/clock_control/libdrivers__clock_control.a(clock_control_nrf.c.obj)
                0x00000000000260d8                __device_dts_ord_75
 ._device.static.1_40_
                0x00000000000260ec       0x28 zephyr/drivers/gpio/libdrivers__gpio.a(gpio_nrfx.c.obj)
                0x00000000000260ec                __device_dts_ord_105
                0x0000000000026100                __device_dts_ord_11
 ._device.static.1_50_
                0x0000000000026114       0x14 zephyr/drivers/serial/libdrivers__serial.a(uart_nrfx_uarte.c.obj)
                0x0000000000026114                __device_dts_ord_113
                0x0000000000026128                _device_list_end = .

sw_isr_table    0x0000000000026128      0x180
                0x0000000000026128                . = ALIGN (0x4)
 *(SORT_BY_ALIGNMENT(.gnu.linkonce.sw_isr_table*))
 .gnu.linkonce.sw_isr_table
                0x0000000000026128      0x180 zephyr/CMakeFiles/zephyr_final.dir/isr_tables.c.obj
                0x0000000000026128                _sw_isr_table

initlevel_error
                0x0000000000026078        0x0
 *(SORT_BY_NAME(SORT_BY_ALIGNMENT(.z_init_[_A-Z0-9]*)))
                0x0000000000000001                ASSERT ((SIZEOF (initlevel_error) == 0x0), Undefined initialization levels used.)

app_shmem_regions
                0x00000000000262a8        0x0
                0x00000000000262a8                __app_shmem_regions_start = .
 *(SORT_BY_NAME(SORT_BY_ALIGNMENT(.app_regions.*)))
                0x00000000000262a8                __app_shmem_regions_end = .

k_p4wq_initparam_area
                0x00000000000262a8        0x0
                0x00000000000262a8                _k_p4wq_initparam_list_start = .
 *(SORT_BY_NAME(SORT_BY_ALIGNMENT(._k_p4wq_initparam.static.*)))
                0x00000000000262a8                _k_p4wq_initparam_list_end = .

_static_thread_data_area
                0x00000000000262a8        0x0
                0x00000000000262a8                __static_thread_data_list_start = .
 *(SORT_BY_NAME(SORT_BY_ALIGNMENT(.__static_thread_data.static.*)))
                0x00000000000262a8                __static_thread_data_list_end = .

device_deps     0x00000000000262a8        0x0
                0x00000000000262a8                __device_deps_start = .
 *(SORT_BY_NAME(SORT_BY_ALIGNMENT(.__device_deps_pass2*)))
                0x00000000000262a8                __device_deps_end = .

gpio_driver_api_area
                0x00000000000262a8       0x24
                0x00000000000262a8                _gpio_driver_api_list_start = .
 *(SORT_BY_NAME(SORT_BY_ALIGNMENT(._gpio_driver_api.static.*)))
 ._gpio_driver_api.static.gpio_nrfx_drv_api_funcs_
                0x00000000000262a8       0x24 zephyr/drivers/gpio/libdrivers__gpio.a(gpio_nrfx.c.obj)
                0x00000000000262cc                _gpio_driver_api_list_end = .

shared_irq_driver_api_area
                0x00000000000262cc        0x0
                0x00000000000262cc                _shared_irq_driver_api_list_start = .
 *(SORT_BY_NAME(SORT_BY_ALIGNMENT(._shared_irq_driver_api.static.*)))
                0x00000000000262cc                _shared_irq_driver_api_list_end = .

crypto_driver_api_area
                0x00000000000262cc        0x0
                0x00000000000262cc                _crypto_driver_api_list_start = .
 *(SORT_BY_NAME(SORT_BY_ALIGNMENT(._crypto_driver_api.static.*)))
                0x00000000000262cc                _crypto_driver_api_list_end = .

adc_driver_api_area
                0x00000000000262cc        0x0
                0x00000000000262cc                _adc_driver_api_list_start = .
 *(SORT_BY_NAME(SORT_BY_ALIGNMENT(._adc_driver_api.static.*)))
                0x00000000000262cc                _adc_driver_api_list_end = .

auxdisplay_driver_api_area
                0x00000000000262cc        0x0
                0x00000000000262cc                _auxdisplay_driver_api_list_start = .
 *(SORT_BY_NAME(SORT_BY_ALIGNMENT(._auxdisplay_driver_api.static.*)))
                0x00000000000262cc                _auxdisplay_driver_api_list_end = .

bbram_driver_api_area
                0x00000000000262cc        0x0
                0x00000000000262cc                _bbram_driver_api_list_start = .
 *(SORT_BY_NAME(SORT_BY_ALIGNMENT(._bbram_driver_api.static.*)))
                0x00000000000262cc                _bbram_driver_api_list_end = .

bt_hci_driver_api_area
                0x00000000000262cc        0x0
                0x00000000000262cc                _bt_hci_driver_api_list_start = .
 *(SORT_BY_NAME(SORT_BY_ALIGNMENT(._bt_hci_driver_api.static.*)))
                0x00000000000262cc                _bt_hci_driver_api_list_end = .

can_driver_api_area
                0x00000000000262cc        0x0
                0x00000000000262cc                _can_driver_api_list_start = .
 *(SORT_BY_NAME(SORT_BY_ALIGNMENT(._can_driver_api.static.*)))
                0x00000000000262cc                _can_driver_api_list_end = .

cellular_driver_api_area
                0x00000000000262cc        0x0
                0x00000000000262cc                _cellular_driver_api_list_start = .
 *(SORT_BY_NAME(SORT_BY_ALIGNMENT(._cellular_driver_api.static.*)))
                0x00000000000262cc                _cellular_driver_api_list_end = .

charger_driver_api_area
                0x00000000000262cc        0x0
                0x00000000000262cc                _charger_driver_api_list_start = .
 *(SORT_BY_NAME(SORT_BY_ALIGNMENT(._charger_driver_api.static.*)))
                0x00000000000262cc                _charger_driver_api_list_end = .

clock_control_driver_api_area
                0x00000000000262cc       0x1c
                0x00000000000262cc                _clock_control_driver_api_list_start = .
 *(SORT_BY_NAME(SORT_BY_ALIGNMENT(._clock_control_driver_api.static.*)))
 ._clock_control_driver_api.static.clock_control_api_
                0x00000000000262cc       0x1c zephyr/drivers/clock_control/libdrivers__clock_control.a(clock_control_nrf.c.obj)
                0x00000000000262e8                _clock_control_driver_api_list_end = .

comparator_driver_api_area
                0x00000000000262e8        0x0
                0x00000000000262e8                _comparator_driver_api_list_start = .
 *(SORT_BY_NAME(SORT_BY_ALIGNMENT(._comparator_driver_api.static.*)))
                0x00000000000262e8                _comparator_driver_api_list_end = .

coredump_driver_api_area
                0x00000000000262e8        0x0
                0x00000000000262e8                _coredump_driver_api_list_start = .
 *(SORT_BY_NAME(SORT_BY_ALIGNMENT(._coredump_driver_api.static.*)))
                0x00000000000262e8                _coredump_driver_api_list_end = .

counter_driver_api_area
                0x00000000000262e8        0x0
                0x00000000000262e8                _counter_driver_api_list_start = .
 *(SORT_BY_NAME(SORT_BY_ALIGNMENT(._counter_driver_api.static.*)))
                0x00000000000262e8                _counter_driver_api_list_end = .

dac_driver_api_area
                0x00000000000262e8        0x0
                0x00000000000262e8                _dac_driver_api_list_start = .
 *(SORT_BY_NAME(SORT_BY_ALIGNMENT(._dac_driver_api.static.*)))
                0x00000000000262e8                _dac_driver_api_list_end = .

dai_driver_api_area
                0x00000000000262e8        0x0
                0x00000000000262e8                _dai_driver_api_list_start = .
 *(SORT_BY_NAME(SORT_BY_ALIGNMENT(._dai_driver_api.static.*)))
                0x00000000000262e8                _dai_driver_api_list_end = .

display_driver_api_area
                0x00000000000262e8        0x0
                0x00000000000262e8                _display_driver_api_list_start = .
 *(SORT_BY_NAME(SORT_BY_ALIGNMENT(._display_driver_api.static.*)))
                0x00000000000262e8                _display_driver_api_list_end = .

dma_driver_api_area
                0x00000000000262e8        0x0
                0x00000000000262e8                _dma_driver_api_list_start = .
 *(SORT_BY_NAME(SORT_BY_ALIGNMENT(._dma_driver_api.static.*)))
                0x00000000000262e8                _dma_driver_api_list_end = .

edac_driver_api_area
                0x00000000000262e8        0x0
                0x00000000000262e8                _edac_driver_api_list_start = .
 *(SORT_BY_NAME(SORT_BY_ALIGNMENT(._edac_driver_api.static.*)))
                0x00000000000262e8                _edac_driver_api_list_end = .

eeprom_driver_api_area
                0x00000000000262e8        0x0
                0x00000000000262e8                _eeprom_driver_api_list_start = .
 *(SORT_BY_NAME(SORT_BY_ALIGNMENT(._eeprom_driver_api.static.*)))
                0x00000000000262e8                _eeprom_driver_api_list_end = .

emul_bbram_driver_api_area
                0x00000000000262e8        0x0
                0x00000000000262e8                _emul_bbram_driver_api_list_start = .
 *(SORT_BY_NAME(SORT_BY_ALIGNMENT(._emul_bbram_driver_api.static.*)))
                0x00000000000262e8                _emul_bbram_driver_api_list_end = .

fuel_gauge_emul_driver_api_area
                0x00000000000262e8        0x0
                0x00000000000262e8                _fuel_gauge_emul_driver_api_list_start = .
 *(SORT_BY_NAME(SORT_BY_ALIGNMENT(._fuel_gauge_emul_driver_api.static.*)))
                0x00000000000262e8                _fuel_gauge_emul_driver_api_list_end = .

emul_sensor_driver_api_area
                0x00000000000262e8        0x0
                0x00000000000262e8                _emul_sensor_driver_api_list_start = .
 *(SORT_BY_NAME(SORT_BY_ALIGNMENT(._emul_sensor_driver_api.static.*)))
                0x00000000000262e8                _emul_sensor_driver_api_list_end = .

entropy_driver_api_area
                0x00000000000262e8        0x0
                0x00000000000262e8                _entropy_driver_api_list_start = .
 *(SORT_BY_NAME(SORT_BY_ALIGNMENT(._entropy_driver_api.static.*)))
                0x00000000000262e8                _entropy_driver_api_list_end = .

espi_driver_api_area
                0x00000000000262e8        0x0
                0x00000000000262e8                _espi_driver_api_list_start = .
 *(SORT_BY_NAME(SORT_BY_ALIGNMENT(._espi_driver_api.static.*)))
                0x00000000000262e8                _espi_driver_api_list_end = .

espi_saf_driver_api_area
                0x00000000000262e8        0x0
                0x00000000000262e8                _espi_saf_driver_api_list_start = .
 *(SORT_BY_NAME(SORT_BY_ALIGNMENT(._espi_saf_driver_api.static.*)))
                0x00000000000262e8                _espi_saf_driver_api_list_end = .

flash_driver_api_area
                0x00000000000262e8        0x0
                0x00000000000262e8                _flash_driver_api_list_start = .
 *(SORT_BY_NAME(SORT_BY_ALIGNMENT(._flash_driver_api.static.*)))
                0x00000000000262e8                _flash_driver_api_list_end = .

fpga_driver_api_area
                0x00000000000262e8        0x0
                0x00000000000262e8                _fpga_driver_api_list_start = .
 *(SORT_BY_NAME(SORT_BY_ALIGNMENT(._fpga_driver_api.static.*)))
                0x00000000000262e8                _fpga_driver_api_list_end = .

fuel_gauge_driver_api_area
                0x00000000000262e8        0x0
                0x00000000000262e8                _fuel_gauge_driver_api_list_start = .
 *(SORT_BY_NAME(SORT_BY_ALIGNMENT(._fuel_gauge_driver_api.static.*)))
                0x00000000000262e8                _fuel_gauge_driver_api_list_end = .

gnss_driver_api_area
                0x00000000000262e8        0x0
                0x00000000000262e8                _gnss_driver_api_list_start = .
 *(SORT_BY_NAME(SORT_BY_ALIGNMENT(._gnss_driver_api.static.*)))
                0x00000000000262e8                _gnss_driver_api_list_end = .

haptics_driver_api_area
                0x00000000000262e8        0x0
                0x00000000000262e8                _haptics_driver_api_list_start = .
 *(SORT_BY_NAME(SORT_BY_ALIGNMENT(._haptics_driver_api.static.*)))
                0x00000000000262e8                _haptics_driver_api_list_end = .

hwspinlock_driver_api_area
                0x00000000000262e8        0x0
                0x00000000000262e8                _hwspinlock_driver_api_list_start = .
 *(SORT_BY_NAME(SORT_BY_ALIGNMENT(._hwspinlock_driver_api.static.*)))
                0x00000000000262e8                _hwspinlock_driver_api_list_end = .

i2c_driver_api_area
                0x00000000000262e8        0x0
                0x00000000000262e8                _i2c_driver_api_list_start = .
 *(SORT_BY_NAME(SORT_BY_ALIGNMENT(._i2c_driver_api.static.*)))
                0x00000000000262e8                _i2c_driver_api_list_end = .

i2c_target_driver_api_area
                0x00000000000262e8        0x0
                0x00000000000262e8                _i2c_target_driver_api_list_start = .
 *(SORT_BY_NAME(SORT_BY_ALIGNMENT(._i2c_target_driver_api.static.*)))
                0x00000000000262e8                _i2c_target_driver_api_list_end = .

i2s_driver_api_area
                0x00000000000262e8        0x0
                0x00000000000262e8                _i2s_driver_api_list_start = .
 *(SORT_BY_NAME(SORT_BY_ALIGNMENT(._i2s_driver_api.static.*)))
                0x00000000000262e8                _i2s_driver_api_list_end = .

i3c_driver_api_area
                0x00000000000262e8        0x0
                0x00000000000262e8                _i3c_driver_api_list_start = .
 *(SORT_BY_NAME(SORT_BY_ALIGNMENT(._i3c_driver_api.static.*)))
                0x00000000000262e8                _i3c_driver_api_list_end = .

ipm_driver_api_area
                0x00000000000262e8        0x0
                0x00000000000262e8                _ipm_driver_api_list_start = .
 *(SORT_BY_NAME(SORT_BY_ALIGNMENT(._ipm_driver_api.static.*)))
                0x00000000000262e8                _ipm_driver_api_list_end = .

kscan_driver_api_area
                0x00000000000262e8        0x0
                0x00000000000262e8                _kscan_driver_api_list_start = .
 *(SORT_BY_NAME(SORT_BY_ALIGNMENT(._kscan_driver_api.static.*)))
                0x00000000000262e8                _kscan_driver_api_list_end = .

led_driver_api_area
                0x00000000000262e8        0x0
                0x00000000000262e8                _led_driver_api_list_start = .
 *(SORT_BY_NAME(SORT_BY_ALIGNMENT(._led_driver_api.static.*)))
                0x00000000000262e8                _led_driver_api_list_end = .

led_strip_driver_api_area
                0x00000000000262e8        0x0
                0x00000000000262e8                _led_strip_driver_api_list_start = .
 *(SORT_BY_NAME(SORT_BY_ALIGNMENT(._led_strip_driver_api.static.*)))
                0x00000000000262e8                _led_strip_driver_api_list_end = .

lora_driver_api_area
                0x00000000000262e8        0x0
                0x00000000000262e8                _lora_driver_api_list_start = .
 *(SORT_BY_NAME(SORT_BY_ALIGNMENT(._lora_driver_api.static.*)))
                0x00000000000262e8                _lora_driver_api_list_end = .

mbox_driver_api_area
                0x00000000000262e8        0x0
                0x00000000000262e8                _mbox_driver_api_list_start = .
 *(SORT_BY_NAME(SORT_BY_ALIGNMENT(._mbox_driver_api.static.*)))
                0x00000000000262e8                _mbox_driver_api_list_end = .

mdio_driver_api_area
                0x00000000000262e8        0x0
                0x00000000000262e8                _mdio_driver_api_list_start = .
 *(SORT_BY_NAME(SORT_BY_ALIGNMENT(._mdio_driver_api.static.*)))
                0x00000000000262e8                _mdio_driver_api_list_end = .

mipi_dbi_driver_api_area
                0x00000000000262e8        0x0
                0x00000000000262e8                _mipi_dbi_driver_api_list_start = .
 *(SORT_BY_NAME(SORT_BY_ALIGNMENT(._mipi_dbi_driver_api.static.*)))
                0x00000000000262e8                _mipi_dbi_driver_api_list_end = .

mipi_dsi_driver_api_area
                0x00000000000262e8        0x0
                0x00000000000262e8                _mipi_dsi_driver_api_list_start = .
 *(SORT_BY_NAME(SORT_BY_ALIGNMENT(._mipi_dsi_driver_api.static.*)))
                0x00000000000262e8                _mipi_dsi_driver_api_list_end = .

mspi_driver_api_area
                0x00000000000262e8        0x0
                0x00000000000262e8                _mspi_driver_api_list_start = .
 *(SORT_BY_NAME(SORT_BY_ALIGNMENT(._mspi_driver_api.static.*)))
                0x00000000000262e8                _mspi_driver_api_list_end = .

peci_driver_api_area
                0x00000000000262e8        0x0
                0x00000000000262e8                _peci_driver_api_list_start = .
 *(SORT_BY_NAME(SORT_BY_ALIGNMENT(._peci_driver_api.static.*)))
                0x00000000000262e8                _peci_driver_api_list_end = .

ps2_driver_api_area
                0x00000000000262e8        0x0
                0x00000000000262e8                _ps2_driver_api_list_start = .
 *(SORT_BY_NAME(SORT_BY_ALIGNMENT(._ps2_driver_api.static.*)))
                0x00000000000262e8                _ps2_driver_api_list_end = .

ptp_clock_driver_api_area
                0x00000000000262e8        0x0
                0x00000000000262e8                _ptp_clock_driver_api_list_start = .
 *(SORT_BY_NAME(SORT_BY_ALIGNMENT(._ptp_clock_driver_api.static.*)))
                0x00000000000262e8                _ptp_clock_driver_api_list_end = .

pwm_driver_api_area
                0x00000000000262e8        0x0
                0x00000000000262e8                _pwm_driver_api_list_start = .
 *(SORT_BY_NAME(SORT_BY_ALIGNMENT(._pwm_driver_api.static.*)))
                0x00000000000262e8                _pwm_driver_api_list_end = .

regulator_parent_driver_api_area
                0x00000000000262e8        0x0
                0x00000000000262e8                _regulator_parent_driver_api_list_start = .
 *(SORT_BY_NAME(SORT_BY_ALIGNMENT(._regulator_parent_driver_api.static.*)))
                0x00000000000262e8                _regulator_parent_driver_api_list_end = .

regulator_driver_api_area
                0x00000000000262e8        0x0
                0x00000000000262e8                _regulator_driver_api_list_start = .
 *(SORT_BY_NAME(SORT_BY_ALIGNMENT(._regulator_driver_api.static.*)))
                0x00000000000262e8                _regulator_driver_api_list_end = .

reset_driver_api_area
                0x00000000000262e8        0x0
                0x00000000000262e8                _reset_driver_api_list_start = .
 *(SORT_BY_NAME(SORT_BY_ALIGNMENT(._reset_driver_api.static.*)))
                0x00000000000262e8                _reset_driver_api_list_end = .

retained_mem_driver_api_area
                0x00000000000262e8        0x0
                0x00000000000262e8                _retained_mem_driver_api_list_start = .
 *(SORT_BY_NAME(SORT_BY_ALIGNMENT(._retained_mem_driver_api.static.*)))
                0x00000000000262e8                _retained_mem_driver_api_list_end = .

rtc_driver_api_area
                0x00000000000262e8        0x0
                0x00000000000262e8                _rtc_driver_api_list_start = .
 *(SORT_BY_NAME(SORT_BY_ALIGNMENT(._rtc_driver_api.static.*)))
                0x00000000000262e8                _rtc_driver_api_list_end = .

sdhc_driver_api_area
                0x00000000000262e8        0x0
                0x00000000000262e8                _sdhc_driver_api_list_start = .
 *(SORT_BY_NAME(SORT_BY_ALIGNMENT(._sdhc_driver_api.static.*)))
                0x00000000000262e8                _sdhc_driver_api_list_end = .

sensor_driver_api_area
                0x00000000000262e8        0x0
                0x00000000000262e8                _sensor_driver_api_list_start = .
 *(SORT_BY_NAME(SORT_BY_ALIGNMENT(._sensor_driver_api.static.*)))
                0x00000000000262e8                _sensor_driver_api_list_end = .

smbus_driver_api_area
                0x00000000000262e8        0x0
                0x00000000000262e8                _smbus_driver_api_list_start = .
 *(SORT_BY_NAME(SORT_BY_ALIGNMENT(._smbus_driver_api.static.*)))
                0x00000000000262e8                _smbus_driver_api_list_end = .

spi_driver_api_area
                0x00000000000262e8        0x0
                0x00000000000262e8                _spi_driver_api_list_start = .
 *(SORT_BY_NAME(SORT_BY_ALIGNMENT(._spi_driver_api.static.*)))
                0x00000000000262e8                _spi_driver_api_list_end = .

stepper_driver_api_area
                0x00000000000262e8        0x0
                0x00000000000262e8                _stepper_driver_api_list_start = .
 *(SORT_BY_NAME(SORT_BY_ALIGNMENT(._stepper_driver_api.static.*)))
                0x00000000000262e8                _stepper_driver_api_list_end = .

syscon_driver_api_area
                0x00000000000262e8        0x0
                0x00000000000262e8                _syscon_driver_api_list_start = .
 *(SORT_BY_NAME(SORT_BY_ALIGNMENT(._syscon_driver_api.static.*)))
                0x00000000000262e8                _syscon_driver_api_list_end = .

tee_driver_api_area
                0x00000000000262e8        0x0
                0x00000000000262e8                _tee_driver_api_list_start = .
 *(SORT_BY_NAME(SORT_BY_ALIGNMENT(._tee_driver_api.static.*)))
                0x00000000000262e8                _tee_driver_api_list_end = .

video_driver_api_area
                0x00000000000262e8        0x0
                0x00000000000262e8                _video_driver_api_list_start = .
 *(SORT_BY_NAME(SORT_BY_ALIGNMENT(._video_driver_api.static.*)))
                0x00000000000262e8                _video_driver_api_list_end = .

w1_driver_api_area
                0x00000000000262e8        0x0
                0x00000000000262e8                _w1_driver_api_list_start = .
 *(SORT_BY_NAME(SORT_BY_ALIGNMENT(._w1_driver_api.static.*)))
                0x00000000000262e8                _w1_driver_api_list_end = .

wdt_driver_api_area
                0x00000000000262e8        0x0
                0x00000000000262e8                _wdt_driver_api_list_start = .
 *(SORT_BY_NAME(SORT_BY_ALIGNMENT(._wdt_driver_api.static.*)))
                0x00000000000262e8                _wdt_driver_api_list_end = .

can_transceiver_driver_api_area
                0x00000000000262e8        0x0
                0x00000000000262e8                _can_transceiver_driver_api_list_start = .
 *(SORT_BY_NAME(SORT_BY_ALIGNMENT(._can_transceiver_driver_api.static.*)))
                0x00000000000262e8                _can_transceiver_driver_api_list_end = .

nrf_clock_control_driver_api_area
                0x00000000000262e8        0x0
                0x00000000000262e8                _nrf_clock_control_driver_api_list_start = .
 *(SORT_BY_NAME(SORT_BY_ALIGNMENT(._nrf_clock_control_driver_api.static.*)))
                0x00000000000262e8                _nrf_clock_control_driver_api_list_end = .

i3c_target_driver_api_area
                0x00000000000262e8        0x0
                0x00000000000262e8                _i3c_target_driver_api_list_start = .
 *(SORT_BY_NAME(SORT_BY_ALIGNMENT(._i3c_target_driver_api.static.*)))
                0x00000000000262e8                _i3c_target_driver_api_list_end = .

its_driver_api_area
                0x00000000000262e8        0x0
                0x00000000000262e8                _its_driver_api_list_start = .
 *(SORT_BY_NAME(SORT_BY_ALIGNMENT(._its_driver_api.static.*)))
                0x00000000000262e8                _its_driver_api_list_end = .

vtd_driver_api_area
                0x00000000000262e8        0x0
                0x00000000000262e8                _vtd_driver_api_list_start = .
 *(SORT_BY_NAME(SORT_BY_ALIGNMENT(._vtd_driver_api.static.*)))
                0x00000000000262e8                _vtd_driver_api_list_end = .

tgpio_driver_api_area
                0x00000000000262e8        0x0
                0x00000000000262e8                _tgpio_driver_api_list_start = .
 *(SORT_BY_NAME(SORT_BY_ALIGNMENT(._tgpio_driver_api.static.*)))
                0x00000000000262e8                _tgpio_driver_api_list_end = .

pcie_ctrl_driver_api_area
                0x00000000000262e8        0x0
                0x00000000000262e8                _pcie_ctrl_driver_api_list_start = .
 *(SORT_BY_NAME(SORT_BY_ALIGNMENT(._pcie_ctrl_driver_api.static.*)))
                0x00000000000262e8                _pcie_ctrl_driver_api_list_end = .

pcie_ep_driver_api_area
                0x00000000000262e8        0x0
                0x00000000000262e8                _pcie_ep_driver_api_list_start = .
 *(SORT_BY_NAME(SORT_BY_ALIGNMENT(._pcie_ep_driver_api.static.*)))
                0x00000000000262e8                _pcie_ep_driver_api_list_end = .

svc_driver_api_area
                0x00000000000262e8        0x0
                0x00000000000262e8                _svc_driver_api_list_start = .
 *(SORT_BY_NAME(SORT_BY_ALIGNMENT(._svc_driver_api.static.*)))
                0x00000000000262e8                _svc_driver_api_list_end = .

uart_driver_api_area
                0x00000000000262e8        0xc
                0x00000000000262e8                _uart_driver_api_list_start = .
 *(SORT_BY_NAME(SORT_BY_ALIGNMENT(._uart_driver_api.static.*)))
 ._uart_driver_api.static.uart_nrfx_uarte_driver_api_
                0x00000000000262e8        0xc zephyr/drivers/serial/libdrivers__serial.a(uart_nrfx_uarte.c.obj)
                0x00000000000262f4                _uart_driver_api_list_end = .

bc12_emul_driver_api_area
                0x00000000000262f4        0x0
                0x00000000000262f4                _bc12_emul_driver_api_list_start = .
 *(SORT_BY_NAME(SORT_BY_ALIGNMENT(._bc12_emul_driver_api.static.*)))
                0x00000000000262f4                _bc12_emul_driver_api_list_end = .

bc12_driver_api_area
                0x00000000000262f4        0x0
                0x00000000000262f4                _bc12_driver_api_list_start = .
 *(SORT_BY_NAME(SORT_BY_ALIGNMENT(._bc12_driver_api.static.*)))
                0x00000000000262f4                _bc12_driver_api_list_end = .

usbc_ppc_driver_api_area
                0x00000000000262f4        0x0
                0x00000000000262f4                _usbc_ppc_driver_api_list_start = .
 *(SORT_BY_NAME(SORT_BY_ALIGNMENT(._usbc_ppc_driver_api.static.*)))
                0x00000000000262f4                _usbc_ppc_driver_api_list_end = .

tcpc_driver_api_area
                0x00000000000262f4        0x0
                0x00000000000262f4                _tcpc_driver_api_list_start = .
 *(SORT_BY_NAME(SORT_BY_ALIGNMENT(._tcpc_driver_api.static.*)))
                0x00000000000262f4                _tcpc_driver_api_list_end = .

usbc_vbus_driver_api_area
                0x00000000000262f4        0x0
                0x00000000000262f4                _usbc_vbus_driver_api_list_start = .
 *(SORT_BY_NAME(SORT_BY_ALIGNMENT(._usbc_vbus_driver_api.static.*)))
                0x00000000000262f4                _usbc_vbus_driver_api_list_end = .

ivshmem_driver_api_area
                0x00000000000262f4        0x0
                0x00000000000262f4                _ivshmem_driver_api_list_start = .
 *(SORT_BY_NAME(SORT_BY_ALIGNMENT(._ivshmem_driver_api.static.*)))
                0x00000000000262f4                _ivshmem_driver_api_list_end = .

ethphy_driver_api_area
                0x00000000000262f4        0x0
                0x00000000000262f4                _ethphy_driver_api_list_start = .
 *(SORT_BY_NAME(SORT_BY_ALIGNMENT(._ethphy_driver_api.static.*)))
                0x00000000000262f4                _ethphy_driver_api_list_end = .

ztest           0x00000000000262f4        0x0
                0x00000000000262f4                _ztest_expected_result_entry_list_start = .
 *(SORT_BY_NAME(SORT_BY_ALIGNMENT(._ztest_expected_result_entry.static.*)))
                0x00000000000262f4                _ztest_expected_result_entry_list_end = .
                0x00000000000262f4                _ztest_suite_node_list_start = .
 *(SORT_BY_NAME(SORT_BY_ALIGNMENT(._ztest_suite_node.static.*)))
                0x00000000000262f4                _ztest_suite_node_list_end = .
                0x00000000000262f4                _ztest_unit_test_list_start = .
 *(SORT_BY_NAME(SORT_BY_ALIGNMENT(._ztest_unit_test.static.*)))
                0x00000000000262f4                _ztest_unit_test_list_end = .
                0x00000000000262f4                _ztest_test_rule_list_start = .
 *(SORT_BY_NAME(SORT_BY_ALIGNMENT(._ztest_test_rule.static.*)))
                0x00000000000262f4                _ztest_test_rule_list_end = .

init_array      0x00000000000262f4        0x0
 *(SORT_BY_NAME(SORT_BY_ALIGNMENT(.ctors*)))
 *(SORT_BY_NAME(SORT_BY_ALIGNMENT(.init_array*)))
                0x0000000000000001                ASSERT ((SIZEOF (init_array) == 0x0), GNU-style constructors required but STATIC_INIT_GNU not enabled)

bt_l2cap_fixed_chan_area
                0x00000000000262f4        0x0
                0x00000000000262f4                _bt_l2cap_fixed_chan_list_start = .
 *(SORT_BY_NAME(SORT_BY_ALIGNMENT(._bt_l2cap_fixed_chan.static.*)))
                0x00000000000262f4                _bt_l2cap_fixed_chan_list_end = .

bt_gatt_service_static_area
                0x00000000000262f4        0x0
                0x00000000000262f4                _bt_gatt_service_static_list_start = .
 *(SORT_BY_NAME(SORT_BY_ALIGNMENT(._bt_gatt_service_static.static.*)))
                0x00000000000262f4                _bt_gatt_service_static_list_end = .

log_strings_area
                0x00000000000262f4        0x0
                0x00000000000262f4                _log_strings_list_start = .
 *(SORT_BY_NAME(SORT_BY_ALIGNMENT(._log_strings.static.*)))
                0x00000000000262f4                _log_strings_list_end = .

log_stmesp_ptr_area
                0x00000000000262f4        0x0
                0x00000000000262f4                _log_stmesp_ptr_list_start = .
 *(SORT_BY_NAME(SORT_BY_ALIGNMENT(._log_stmesp_ptr.static.*)))
                0x00000000000262f4                _log_stmesp_ptr_list_end = .

log_stmesp_str_area
                0x00000000000262f4        0x0
                0x00000000000262f4                _log_stmesp_str_list_start = .
 *(SORT_BY_NAME(SORT_BY_ALIGNMENT(._log_stmesp_str.static.*)))
                0x00000000000262f4                _log_stmesp_str_list_end = .

log_const_area  0x00000000000262f4        0x0
                0x00000000000262f4                _log_const_list_start = .
 *(SORT_BY_NAME(SORT_BY_ALIGNMENT(._log_const.static.*)))
                0x00000000000262f4                _log_const_list_end = .

log_backend_area
                0x00000000000262f4        0x0
                0x00000000000262f4                _log_backend_list_start = .
 *(SORT_BY_NAME(SORT_BY_ALIGNMENT(._log_backend.static.*)))
                0x00000000000262f4                _log_backend_list_end = .

log_link_area   0x00000000000262f4        0x0
                0x00000000000262f4                _log_link_list_start = .
 *(SORT_BY_NAME(SORT_BY_ALIGNMENT(._log_link.static.*)))
                0x00000000000262f4                _log_link_list_end = .

tracing_backend_area
                0x00000000000262f4        0x0
                0x00000000000262f4                _tracing_backend_list_start = .
 *(SORT_BY_NAME(SORT_BY_ALIGNMENT(._tracing_backend.static.*)))
                0x00000000000262f4                _tracing_backend_list_end = .

zephyr_dbg_info
 *(SORT_BY_ALIGNMENT(.dbg_thread_info))

intc_table_area
                0x00000000000262f4        0x0
                0x00000000000262f4                _intc_table_list_start = .
 *(SORT_BY_NAME(SORT_BY_ALIGNMENT(._intc_table.static.*)))
                0x00000000000262f4                _intc_table_list_end = .

symbol_to_keep  0x00000000000262f4        0x0
                0x00000000000262f4                __symbol_to_keep_start = .
 *(SORT_BY_NAME(SORT_BY_ALIGNMENT(.symbol_to_keep*)))
                0x00000000000262f4                __symbol_to_keep_end = .

shell_area      0x00000000000262f4        0x0
                0x00000000000262f4                _shell_list_start = .
 *(SORT_BY_NAME(SORT_BY_ALIGNMENT(._shell.static.*)))
                0x00000000000262f4                _shell_list_end = .

shell_root_cmds_area
                0x00000000000262f4        0x0
                0x00000000000262f4                _shell_root_cmds_list_start = .
 *(SORT_BY_NAME(SORT_BY_ALIGNMENT(._shell_root_cmds.static.*)))
                0x00000000000262f4                _shell_root_cmds_list_end = .

shell_subcmds_area
                0x00000000000262f4        0x0
                0x00000000000262f4                _shell_subcmds_list_start = .
 *(SORT_BY_NAME(SORT_BY_ALIGNMENT(._shell_subcmds.static.*)))
                0x00000000000262f4                _shell_subcmds_list_end = .

shell_dynamic_subcmds_area
                0x00000000000262f4        0x0
                0x00000000000262f4                _shell_dynamic_subcmds_list_start = .
 *(SORT_BY_NAME(SORT_BY_ALIGNMENT(._shell_dynamic_subcmds.static.*)))
                0x00000000000262f4                _shell_dynamic_subcmds_list_end = .

cfb_font_area   0x00000000000262f4        0x0
                0x00000000000262f4                _cfb_font_list_start = .
 *(SORT_BY_NAME(SORT_BY_ALIGNMENT(._cfb_font.static.*)))
                0x00000000000262f4                _cfb_font_list_end = .

tdata           0x00000000000262f4        0x0
 *(SORT_BY_ALIGNMENT(.tdata) SORT_BY_ALIGNMENT(.tdata.*) SORT_BY_ALIGNMENT(.gnu.linkonce.td.*))

tbss            0x00000000000262f4        0x4
 *(SORT_BY_ALIGNMENT(.tbss) SORT_BY_ALIGNMENT(.tbss.*) SORT_BY_ALIGNMENT(.gnu.linkonce.tb.*) SORT_BY_ALIGNMENT(.tcommon))
 .tbss.z_tls_current
                0x00000000000262f4        0x4 zephyr/libzephyr.a(thread_entry.c.obj)
                0x00000000000262f4                z_tls_current
                0x00000000000262f4                PROVIDE (__tdata_start = LOADADDR (tdata))
                0x0000000000000001                PROVIDE (__tdata_align = ALIGNOF (tdata))
                0x0000000000000000                PROVIDE (__tdata_size = (((SIZEOF (tdata) + __tdata_align) - 0x1) & ~ ((__tdata_align - 0x1))))
                [!provide]                        PROVIDE (__tdata_end = (__tdata_start + __tdata_size))
                0x0000000000000004                PROVIDE (__tbss_align = ALIGNOF (tbss))
                [!provide]                        PROVIDE (__tbss_start = ADDR (tbss))
                0x0000000000000004                PROVIDE (__tbss_size = (((SIZEOF (tbss) + __tbss_align) - 0x1) & ~ ((__tbss_align - 0x1))))
                [!provide]                        PROVIDE (__tbss_end = (__tbss_start + __tbss_size))
                [!provide]                        PROVIDE (__tls_start = __tdata_start)
                [!provide]                        PROVIDE (__tls_end = __tbss_end)
                [!provide]                        PROVIDE (__tls_size = (__tbss_end - __tdata_start))

rodata          0x0000000000026300      0x32c
 *(SORT_BY_ALIGNMENT(.rodata))
 *(SORT_BY_ALIGNMENT(.rodata.*))
 .rodata.delay_machine_code.0
                0x0000000000026300        0x6 zephyr/soc/soc/nrf52840/libsoc__nordic.a(soc.c.obj)
 *fill*         0x0000000000026306        0x2 
 .rodata.mem_attr_region
                0x0000000000026308        0x0 zephyr/libzephyr.a(mem_attr.c.obj)
 .rodata.apis   0x0000000000026308        0x8 zephyr/libzephyr.a(nrf_cc3xx_platform_abort_zephyr.c.obj)
 .rodata.mutexes
                0x0000000000026310       0x14 zephyr/libzephyr.a(nrf_cc3xx_platform_mutex_zephyr.c.obj)
 .rodata.mutex_apis
                0x0000000000026324       0x10 zephyr/libzephyr.a(nrf_cc3xx_platform_mutex_zephyr.c.obj)
 .rodata.static_regions