Archive member included to satisfy reference by file (symbol)

app/libapp.a(main.c.obj)      (--whole-archive)
app/libapp.a(io.c.obj)        (--whole-archive)
app/libapp.a(flash_map_extended.c.obj)
                              (--whole-archive)
app/libapp.a(os.c.obj)        (--whole-archive)
app/libapp.a(keys.c.obj)      (--whole-archive)
app/libapp.a(image_validate.c.obj)
                              (--whole-archive)
app/libapp.a(tlv.c.obj)       (--whole-archive)
app/libapp.a(encrypted.c.obj)
                              (--whole-archive)
app/libapp.a(image_rsa.c.obj)
                              (--whole-archive)
app/libapp.a(image_ecdsa.c.obj)
                              (--whole-archive)
app/libapp.a(image_ed25519.c.obj)
                              (--whole-archive)
app/libapp.a(bootutil_misc.c.obj)
                              (--whole-archive)
app/libapp.a(fault_injection_hardening.c.obj)
                              (--whole-archive)
app/libapp.a(loader.c.obj)    (--whole-archive)
app/libapp.a(swap_misc.c.obj)
                              (--whole-archive)
app/libapp.a(caps.c.obj)      (--whole-archive)
app/libapp.a(swap_move.c.obj)
                              (--whole-archive)
app/libapp.a(swap_nsib.c.obj)
                              (--whole-archive)
app/libapp.a(asn1parse.c.obj)
                              (--whole-archive)
app/libapp.a(platform_util.c.obj)
                              (--whole-archive)
app/libapp.a(autogen-pubkey.c.obj)
                              (--whole-archive)
app/libapp.a(arm_cleanup.c.obj)
                              (--whole-archive)
app/libapp.a(flash_check.c.obj)
                              (--whole-archive)
app/libapp.a(nrf_cleanup.c.obj)
                              (--whole-archive)
zephyr/libzephyr.a(heap.c.obj)
                              (--whole-archive)
zephyr/libzephyr.a(cbprintf_packaged.c.obj)
                              (--whole-archive)
zephyr/libzephyr.a(printk.c.obj)
                              (--whole-archive)
zephyr/libzephyr.a(sem.c.obj)
                              (--whole-archive)
zephyr/libzephyr.a(thread_entry.c.obj)
                              (--whole-archive)
zephyr/libzephyr.a(cbprintf_nano.c.obj)
                              (--whole-archive)
zephyr/libzephyr.a(cbprintf.c.obj)
                              (--whole-archive)
zephyr/libzephyr.a(assert.c.obj)
                              (--whole-archive)
zephyr/libzephyr.a(reboot.c.obj)
                              (--whole-archive)
zephyr/libzephyr.a(dec.c.obj)
                              (--whole-archive)
zephyr/libzephyr.a(hex.c.obj)
                              (--whole-archive)
zephyr/libzephyr.a(rb.c.obj)  (--whole-archive)
zephyr/libzephyr.a(timeutil.c.obj)
                              (--whole-archive)
zephyr/libzephyr.a(bitarray.c.obj)
                              (--whole-archive)
zephyr/libzephyr.a(onoff.c.obj)
                              (--whole-archive)
zephyr/libzephyr.a(notify.c.obj)
                              (--whole-archive)
zephyr/libzephyr.a(last_section_id.c.obj)
                              (--whole-archive)
zephyr/libzephyr.a(configs.c.obj)
                              (--whole-archive)
zephyr/libzephyr.a(log_minimal.c.obj)
                              (--whole-archive)
zephyr/libzephyr.a(mem_attr.c.obj)
                              (--whole-archive)
zephyr/libzephyr.a(flash_map.c.obj)
                              (--whole-archive)
zephyr/libzephyr.a(flash_map_layout.c.obj)
                              (--whole-archive)
zephyr/libzephyr.a(tracing_none.c.obj)
                              (--whole-archive)
zephyr/libzephyr.a(flash_util.c.obj)
                              (--whole-archive)
zephyr/libzephyr.a(banner.c.obj)
                              (--whole-archive)
zephyr/libzephyr.a(flash_map_partition_manager.c.obj)
                              (--whole-archive)
zephyr/libzephyr.a(nrf_cc3xx_platform_abort_zephyr.c.obj)
                              (--whole-archive)
zephyr/libzephyr.a(nrf_cc3xx_platform_no_mutex_zephyr.c.obj)
                              (--whole-archive)
zephyr/arch/common/libarch__common.a(sw_isr_common.c.obj)
                              (--whole-archive)
zephyr/arch/arch/arm/core/libarch__arm__core.a(fatal.c.obj)
                              (--whole-archive)
zephyr/arch/arch/arm/core/libarch__arm__core.a(nmi.c.obj)
                              (--whole-archive)
zephyr/arch/arch/arm/core/libarch__arm__core.a(nmi_on_reset.S.obj)
                              (--whole-archive)
zephyr/arch/arch/arm/core/cortex_m/libarch__arm__core__cortex_m.a(exc_exit.c.obj)
                              (--whole-archive)
zephyr/arch/arch/arm/core/cortex_m/libarch__arm__core__cortex_m.a(fault.c.obj)
                              (--whole-archive)
zephyr/arch/arch/arm/core/cortex_m/libarch__arm__core__cortex_m.a(fault_s.S.obj)
                              (--whole-archive)
[...]
Memory Configuration

Name             Origin             Length             Attributes
FLASH            0x0000000000009200 0x000000000000be00 xr
RAM              0x0000000020000000 0x0000000000040000 xw
IDT_LIST         0x00000000ffff7fff 0x0000000000008000 xw
*default*        0x0000000000000000 0xffffffffffffffff

Linker script and memory map

LOAD zephyr/CMakeFiles/zephyr_final.dir/misc/empty_file.c.obj
LOAD zephyr/CMakeFiles/zephyr_final.dir/isr_tables.c.obj
LOAD zephyr/CMakeFiles/offsets.dir/./arch/arm/core/offsets/offsets.c.obj
LOAD app/libapp.a
LOAD zephyr/libzephyr.a
LOAD zephyr/arch/common/libarch__common.a
LOAD zephyr/arch/arch/arm/core/libarch__arm__core.a
LOAD zephyr/arch/arch/arm/core/cortex_m/libarch__arm__core__cortex_m.a
LOAD zephyr/arch/arch/arm/core/mpu/libarch__arm__core__mpu.a
LOAD zephyr/lib/libc/minimal/liblib__libc__minimal.a
LOAD zephyr/lib/libc/common/liblib__libc__common.a
LOAD zephyr/soc/soc/nrf52840/libsoc__nordic.a
LOAD zephyr/drivers/clock_control/libdrivers__clock_control.a
LOAD zephyr/drivers/console/libdrivers__console.a
LOAD zephyr/drivers/flash/libdrivers__flash.a
LOAD zephyr/drivers/gpio/libdrivers__gpio.a
LOAD zephyr/drivers/pinctrl/libdrivers__pinctrl.a
LOAD zephyr/drivers/serial/libdrivers__serial.a
LOAD zephyr/drivers/timer/libdrivers__timer.a
LOAD modules/nrf/lib/fprotect/lib..__nrf__lib__fprotect.a
LOAD modules/nrf/subsys/bootloader/bl_crypto/lib..__nrf__subsys__bootloader__bl_crypto.a
LOAD modules/nrf/subsys/fw_info/lib..__nrf__subsys__fw_info.a
LOAD modules/nrf/drivers/hw_cc3xx/lib..__nrf__drivers__hw_cc3xx.a
LOAD modules/mcuboot/boot/bootutil/zephyr/libmcuboot_util.a
LOAD modules/hal_nordic/modules/hal_nordic/nrfx/libmodules__hal_nordic__nrfx.a
LOAD modules/segger/libmodules__segger.a
LOAD zephyr/kernel/libkernel.a
LOAD zephyr/arch/common/libisr_tables.a
LOAD C:/ncs/sdk/nrfxlib/crypto/nrf_oberon/lib/cortex-m4/soft-float/liboberon_3.0.16.a
LOAD C:/ncs/sdk/nrfxlib/crypto/nrf_cc310_platform/lib/cortex-m4/soft-float/no-interrupts/libnrf_cc310_platform_0.9.19.a
LOAD c:/ncs/toolchains/0b393f9e1b/opt/zephyr-sdk/arm-zephyr-eabi/bin/../lib/gcc/arm-zephyr-eabi/12.2.0/thumb/v7e-m/nofp\libgcc.a
                0x0000000000000007                _image_1_primary_slot_id = 0x7
                0x0000000000000020                _region_min_align = 0x20

.rel.plt        0x0000000000009200        0x0
 *(SORT_BY_ALIGNMENT(.rel.plt))
                [!provide]                        PROVIDE (__rel_iplt_start = .)
 *(SORT_BY_ALIGNMENT(.rel.iplt))
 .rel.iplt      0x0000000000009200        0x0 zephyr/CMakeFiles/zephyr_final.dir/isr_tables.c.obj
                [!provide]                        PROVIDE (__rel_iplt_end = .)

.rela.plt       0x0000000000000000        0x0
 *(SORT_BY_ALIGNMENT(.rela.plt))
                [!provide]                        PROVIDE (__rela_iplt_start = .)
 *(SORT_BY_ALIGNMENT(.rela.iplt))
                [!provide]                        PROVIDE (__rela_iplt_end = .)

.rel.dyn
 *(SORT_BY_ALIGNMENT(.rel.*))

.rela.dyn
 *(SORT_BY_ALIGNMENT(.rela.*))

/DISCARD/
 *(SORT_BY_ALIGNMENT(.plt))

/DISCARD/
 *(SORT_BY_ALIGNMENT(.iplt))
                0x0000000000009200                __rom_region_start = 0x9200

rom_start       0x0000000000009200      0x28c
                0x0000000000009200                __rom_start_address = .
 FILL mask 0x00
                0x0000000000009200                . = (. + (0x0 - (. - __rom_start_address)))
                0x0000000000009200                . = ALIGN (0x4)
                0x0000000000009200                . = ALIGN (0x80)
                0x0000000000009200                . = ALIGN (0x100)
                0x0000000000009200                _vector_start = .
 *(SORT_BY_ALIGNMENT(.exc_vector_table))
 *(SORT_BY_ALIGNMENT(.exc_vector_table.*))
 .exc_vector_table._vector_table_section
                0x0000000000009200       0x40 zephyr/arch/arch/arm/core/cortex_m/libarch__arm__core__cortex_m.a(vector_table.S.obj)
                0x0000000000009200                _vector_table
 *(SORT_BY_ALIGNMENT(.vectors))
                0x0000000000009300                _vector_end = .
                0x0000000000009240                . = ALIGN (0x4)
 *(SORT_BY_ALIGNMENT(.gnu.linkonce.irq_vector_table*))
 .gnu.linkonce.irq_vector_table
                0x0000000000009240       0xc0 zephyr/CMakeFiles/zephyr_final.dir/isr_tables.c.obj
                0x0000000000009240                _irq_vector_table
                0x0000000000009300                _vector_end = .
                0x0000000000000200                . = 0x200
 *fill*         0x0000000000009300      0x100 00
                0x0000000000009400                _fw_info_start = .
 *(SORT_BY_NAME(SORT_BY_ALIGNMENT(.firmware_info*)))
 .firmware_info
                0x0000000000009400       0x3c modules/nrf/subsys/fw_info/lib..__nrf__subsys__fw_info.a(fw_info.c.obj)
                0x0000000000009400                m_firmware_info
 .firmware_info.2
                0x000000000000943c       0x50 modules/nrf/subsys/bootloader/bl_crypto/lib..__nrf__subsys__bootloader__bl_crypto.a(bl_crypto_client.c.obj)
                0x000000000000943c                bl_secp256r1_req
                0x0000000000009464                bl_sha256_req
                0x000000000000008c                _fw_info_size = ABSOLUTE ((. - _fw_info_start))

text            0x000000000000948c     0x5f04
                0x000000000000948c                __text_region_start = .
 *(SORT_BY_ALIGNMENT(.text))
 .text          0x000000000000948c       0x30 c:/ncs/toolchains/0b393f9e1b/opt/zephyr-sdk/arm-zephyr-eabi/bin/../lib/gcc/arm-zephyr-eabi/12.2.0/thumb/v7e-m/nofp\libgcc.a(_aeabi_uldivmod.o)
                0x000000000000948c                __aeabi_uldivmod
 .text          0x00000000000094bc        0x4 c:/ncs/toolchains/0b393f9e1b/opt/zephyr-sdk/arm-zephyr-eabi/bin/../lib/gcc/arm-zephyr-eabi/12.2.0/thumb/v7e-m/nofp\libgcc.a(_dvmd_tls.o)
                0x00000000000094bc                __aeabi_idiv0
                0x00000000000094bc                __aeabi_ldiv0
 .text          0x00000000000094c0      0x2a0 c:/ncs/toolchains/0b393f9e1b/opt/zephyr-sdk/arm-zephyr-eabi/bin/../lib/gcc/arm-zephyr-eabi/12.2.0/thumb/v7e-m/nofp\libgcc.a(_udivmoddi4.o)
                0x00000000000094c0                __udivmoddi4
 *(SORT_BY_ALIGNMENT(.text.*))
 .text.main     0x0000000000009760       0xbc app/libapp.a(main.c.obj)
                0x0000000000009760                main
 .text.flash_device_base
                0x000000000000981c       0x20 app/libapp.a(flash_map_extended.c.obj)
                0x000000000000981c                flash_device_base
 .text.flash_area_id_from_multi_image_slot
                0x000000000000983c       0x24 app/libapp.a(flash_map_extended.c.obj)
                0x000000000000983c                flash_area_id_from_multi_image_slot
 .text.bootutil_img_validate
                0x0000000000009860      0x1f8 app/libapp.a(image_validate.c.obj)
                0x0000000000009860                bootutil_img_validate
 .text.bootutil_verify_sig
                0x0000000000009a58      0x100 app/libapp.a(image_ecdsa.c.obj)
                0x0000000000009a58                bootutil_verify_sig
 .text.boot_status_entries
                0x0000000000009b58       0x2c app/libapp.a(bootutil_misc.c.obj)
                0x0000000000009b58                boot_status_entries
 .text.boot_find_status
                0x0000000000009b84       0x44 app/libapp.a(bootutil_misc.c.obj)
                0x0000000000009b84                boot_find_status
 .text.bootutil_max_image_size
                0x0000000000009bc8       0x2c app/libapp.a(bootutil_misc.c.obj)
                0x0000000000009bc8                bootutil_max_image_size
 .text.boot_initialize_area
                0x0000000000009bf4       0x5c app/libapp.a(loader.c.obj)
 .text.boot_read_sectors
                0x0000000000009c50       0x4c app/libapp.a(loader.c.obj)
 .text.boot_validate_slot.constprop.0
                0x0000000000009c9c      0x11c app/libapp.a(loader.c.obj)
 .text.boot_swap_image.isra.0
                0x0000000000009db8       0xbc app/libapp.a(loader.c.obj)
 .text.boot_write_status
                0x0000000000009e74       0x74 app/libapp.a(loader.c.obj)
                0x0000000000009e74                boot_write_status
 .text.boot_copy_region
                0x0000000000009ee8       0x84 app/libapp.a(loader.c.obj)
                0x0000000000009ee8                boot_copy_region
 .text.context_boot_go
                0x0000000000009f6c      0x634 app/libapp.a(loader.c.obj)
                0x0000000000009f6c                context_boot_go
 .text.boot_go  0x000000000000a5a0       0x20 app/libapp.a(loader.c.obj)
                0x000000000000a5a0                boot_go
 .text.swap_read_status
                0x000000000000a5c0       0x88 app/libapp.a(swap_misc.c.obj)
                0x000000000000a5c0                swap_read_status
 .text.swap_set_copy_done
                0x000000000000a648       0x2c app/libapp.a(swap_misc.c.obj)
                0x000000000000a648                swap_set_copy_done
 .text.swap_set_image_ok
                0x000000000000a674       0x44 app/libapp.a(swap_misc.c.obj)
                0x000000000000a674                swap_set_image_ok
 .text.boot_read_image_header
                0x000000000000a6b8       0xc0 app/libapp.a(swap_move.c.obj)
                0x000000000000a6b8                boot_read_image_header
 .text.swap_read_status_bytes
                0x000000000000a778       0xcc app/libapp.a(swap_move.c.obj)
                0x000000000000a778                swap_read_status_bytes
 .text.fixup_revert
                0x000000000000a844       0x50 app/libapp.a(swap_move.c.obj)
                0x000000000000a844                fixup_revert
 .text.swap_run
                0x000000000000a894      0x21c app/libapp.a(swap_move.c.obj)
                0x000000000000a894                swap_run
 .text.nsib_swap_run
                0x000000000000aab0       0x7c app/libapp.a(swap_nsib.c.obj)
                0x000000000000aab0                nsib_swap_run
 .text.mbedtls_platform_zeroize
                0x000000000000ab2c       0x14 app/libapp.a(platform_util.c.obj)
                0x000000000000ab2c                mbedtls_platform_zeroize
 .text.cleanup_arm_nvic
                0x000000000000ab40       0x54 app/libapp.a(arm_cleanup.c.obj)
                0x000000000000ab40                cleanup_arm_nvic
 .text.nrf_cleanup_peripheral
                0x000000000000ab94       0xa4 app/libapp.a(nrf_cleanup.c.obj)
                0x000000000000ab94                nrf_cleanup_peripheral
 .text.char_out
                0x000000000000ac38        0xc zephyr/libzephyr.a(printk.c.obj)
 .text.__printk_hook_install
                0x000000000000ac44        0xc zephyr/libzephyr.a(printk.c.obj)
                0x000000000000ac44                __printk_hook_install
 .text.vprintk  0x000000000000ac50       0x1c zephyr/libzephyr.a(printk.c.obj)
                0x000000000000ac50                vprintk
 .text.z_cbvprintf_impl
                0x000000000000ac6c      0x444 zephyr/libzephyr.a(cbprintf_nano.c.obj)
                0x000000000000ac6c                z_cbvprintf_impl
 .text.sys_reboot
                0x000000000000b0b0       0x2c zephyr/libzephyr.a(reboot.c.obj)
                0x000000000000b0b0                sys_reboot
 .text.process_event
                0x000000000000b0dc      0x21c zephyr/libzephyr.a(onoff.c.obj)
 .text.mem_attr_get_regions
                0x000000000000b2f8        0xc zephyr/libzephyr.a(mem_attr.c.obj)
                0x000000000000b2f8                mem_attr_get_regions
 .text.flash_area_open
                0x000000000000b304       0x4c zephyr/libzephyr.a(flash_map.c.obj)
                0x000000000000b304                flash_area_open
 .text.flash_area_sectors
                0x000000000000b350       0x34 zephyr/libzephyr.a(flash_map_layout.c.obj)
                0x000000000000b350                flash_area_sectors
 .text.boot_banner
                0x000000000000b384       0x24 zephyr/libzephyr.a(banner.c.obj)
                0x000000000000b384                boot_banner
 .text.nrf_cc3xx_platform_abort_init
                0x000000000000b3a8        0xc zephyr/libzephyr.a(nrf_cc3xx_platform_abort_zephyr.c.obj)
                0x000000000000b3a8                nrf_cc3xx_platform_abort_init
 .text.z_SysNmiOnReset
                0x000000000000b3b4        0x8 zephyr/arch/arch/arm/core/libarch__arm__core.a(nmi_on_reset.S.obj)
                0x000000000000b3b4                z_SysNmiOnReset
 .text.mem_manage_fault
                0x000000000000b3bc       0xa0 zephyr/arch/arch/arm/core/cortex_m/libarch__arm__core__cortex_m.a(fault.c.obj)
 .text.usage_fault.constprop.0
                0x000000000000b45c       0x54 zephyr/arch/arch/arm/core/cortex_m/libarch__arm__core__cortex_m.a(fault.c.obj)
 .text.bus_fault.constprop.0
                0x000000000000b4b0       0x6c zephyr/arch/arch/arm/core/cortex_m/libarch__arm__core__cortex_m.a(fault.c.obj)
 .text.z_arm_fault
                0x000000000000b51c      0x11c zephyr/arch/arch/arm/core/cortex_m/libarch__arm__core__cortex_m.a(fault.c.obj)
                0x000000000000b51c                z_arm_fault
 .text.z_arm_fault_init
                0x000000000000b638       0x18 zephyr/arch/arch/arm/core/cortex_m/libarch__arm__core__cortex_m.a(fault.c.obj)
                0x000000000000b638                z_arm_fault_init
 .text.__fault  0x000000000000b650       0x14 zephyr/arch/arch/arm/core/cortex_m/libarch__arm__core__cortex_m.a(fault_s.S.obj)
                0x000000000000b650                z_arm_usage_fault
                0x000000000000b650                z_arm_mpu_fault
                0x000000000000b650                z_arm_exc_spurious
                0x000000000000b650                z_arm_debug_monitor
                0x000000000000b650                z_arm_hard_fault
                0x000000000000b650                z_arm_bus_fault
 .text._reset_section
                0x000000000000b664       0x54 zephyr/arch/arch/arm/core/cortex_m/libarch__arm__core__cortex_m.a(reset.S.obj)
                0x000000000000b664                __start
                0x000000000000b664                z_arm_reset
 .text.z_arm_clear_arm_mpu_config
                0x000000000000b6b8       0x24 zephyr/arch/arch/arm/core/cortex_m/libarch__arm__core__cortex_m.a(scb.c.obj)
                0x000000000000b6b8                z_arm_clear_arm_mpu_config
 .text.z_arm_init_arch_hw_at_boot
                0x000000000000b6dc       0x64 zephyr/arch/arch/arm/core/cortex_m/libarch__arm__core__cortex_m.a(scb.c.obj)
                0x000000000000b6dc                z_arm_init_arch_hw_at_boot
 .text.z_arm_svc
                0x000000000000b740       0x24 zephyr/arch/arch/arm/core/cortex_m/libarch__arm__core__cortex_m.a(swap_helper.S.obj)
                0x000000000000b740                z_arm_svc
 .text.arch_irq_enable
                0x000000000000b764       0x1c zephyr/arch/arch/arm/core/cortex_m/libarch__arm__core__cortex_m.a(irq_manage.c.obj)
                0x000000000000b764                arch_irq_enable
 .text.arch_irq_disable
                0x000000000000b780       0x28 zephyr/arch/arch/arm/core/cortex_m/libarch__arm__core__cortex_m.a(irq_manage.c.obj)
                0x000000000000b780                arch_irq_disable
 .text.arch_irq_is_enabled
                0x000000000000b7a8       0x1c zephyr/arch/arch/arm/core/cortex_m/libarch__arm__core__cortex_m.a(irq_manage.c.obj)
                0x000000000000b7a8                arch_irq_is_enabled
 .text.z_arm_irq_priority_set
                0x000000000000b7c4       0x30 zephyr/arch/arch/arm/core/cortex_m/libarch__arm__core__cortex_m.a(irq_manage.c.obj)
                0x000000000000b7c4                z_arm_irq_priority_set
 .text.z_prep_c
                0x000000000000b7f4       0x38 zephyr/arch/arch/arm/core/cortex_m/libarch__arm__core__cortex_m.a(prep_c.c.obj)
                0x000000000000b7f4                z_prep_c
 .text.z_check_thread_stack_fail
                0x000000000000b82c       0x2c zephyr/arch/arch/arm/core/cortex_m/libarch__arm__core__cortex_m.a(thread.c.obj)
                0x000000000000b82c                z_check_thread_stack_fail
 .text.z_arm_switch_to_main_no_multithreading
                0x000000000000b858       0x30 zephyr/arch/arch/arm/core/cortex_m/libarch__arm__core__cortex_m.a(thread.c.obj)
                0x000000000000b858                z_arm_switch_to_main_no_multithreading
 .text.z_arm_cpu_idle_init
                0x000000000000b888        0xc zephyr/arch/arch/arm/core/cortex_m/libarch__arm__core__cortex_m.a(cpu_idle.c.obj)
                0x000000000000b888                z_arm_cpu_idle_init
 .text.z_arm_interrupt_init
                0x000000000000b894       0x18 zephyr/arch/arch/arm/core/cortex_m/libarch__arm__core__cortex_m.a(irq_init.c.obj)
                0x000000000000b894                z_arm_interrupt_init
 .text._isr_wrapper
                0x000000000000b8ac       0x24 zephyr/arch/arch/arm/core/cortex_m/libarch__arm__core__cortex_m.a(isr_wrapper.c.obj)
                0x000000000000b8ac                _isr_wrapper
 .text.z_arm_configure_static_mpu_regions
                0x000000000000b8d0       0x18 zephyr/arch/arch/arm/core/mpu/libarch__arm__core__mpu.a(arm_core_mpu.c.obj)
                0x000000000000b8d0                z_arm_configure_static_mpu_regions
 .text.region_init
                0x000000000000b8e8       0x28 zephyr/arch/arch/arm/core/mpu/libarch__arm__core__mpu.a(arm_mpu.c.obj)
 .text.mpu_configure_regions
                0x000000000000b910       0x6c zephyr/arch/arch/arm/core/mpu/libarch__arm__core__mpu.a(arm_mpu.c.obj)
 .text.arm_core_mpu_enable
                0x000000000000b97c       0x18 zephyr/arch/arch/arm/core/mpu/libarch__arm__core__mpu.a(arm_mpu.c.obj)
                0x000000000000b97c                arm_core_mpu_enable
 .text.arm_core_mpu_disable
                0x000000000000b994       0x14 zephyr/arch/arch/arm/core/mpu/libarch__arm__core__mpu.a(arm_mpu.c.obj)
                0x000000000000b994                arm_core_mpu_disable
 .text.arm_core_mpu_configure_static_mpu_regions
                0x000000000000b9a8       0x14 zephyr/arch/arch/arm/core/mpu/libarch__arm__core__mpu.a(arm_mpu.c.obj)
                0x000000000000b9a8                arm_core_mpu_configure_static_mpu_regions
 .text.z_arm_mpu_init
                0x000000000000b9bc      0x168 zephyr/arch/arch/arm/core/mpu/libarch__arm__core__mpu.a(arm_mpu.c.obj)
                0x000000000000b9bc                z_arm_mpu_init
 .text.__stdout_hook_install
                0x000000000000bb24        0xc zephyr/lib/libc/minimal/liblib__libc__minimal.a(stdout_console.c.obj)
                0x000000000000bb24                __stdout_hook_install
 .text.nordicsemi_nrf52_init
                0x000000000000bb30       0x44 zephyr/soc/soc/nrf52840/libsoc__nordic.a(soc.c.obj)
 .text.arch_busy_wait
                0x000000000000bb74       0x14 zephyr/soc/soc/nrf52840/libsoc__nordic.a(soc.c.obj)
                0x000000000000bb74                arch_busy_wait
 .text.sys_arch_reboot
                0x000000000000bb88       0x24 zephyr/soc/soc/nrf52840/libsoc__nordic.a(reboot.c.obj)
                0x000000000000bb88                sys_arch_reboot
 .text.onoff_stop
                0x000000000000bbac       0x30 zephyr/drivers/clock_control/libdrivers__clock_control.a(clock_control_nrf.c.obj)
 .text.onoff_start
                0x000000000000bbdc       0x44 zephyr/drivers/clock_control/libdrivers__clock_control.a(clock_control_nrf.c.obj)
 .text.generic_hfclk_stop
                0x000000000000bc20       0x34 zephyr/drivers/clock_control/libdrivers__clock_control.a(clock_control_nrf.c.obj)
 .text.clk_init
                0x000000000000bc54       0x58 zephyr/drivers/clock_control/libdrivers__clock_control.a(clock_control_nrf.c.obj)
 .text.clkstarted_handle.constprop.0
                0x000000000000bcac       0x4c zephyr/drivers/clock_control/libdrivers__clock_control.a(clock_control_nrf.c.obj)
 .text.generic_hfclk_start
                0x000000000000bcf8       0x78 zephyr/drivers/clock_control/libdrivers__clock_control.a(clock_control_nrf.c.obj)
 .text.clock_event_handler
                0x000000000000bd70       0x1c zephyr/drivers/clock_control/libdrivers__clock_control.a(clock_control_nrf.c.obj)
 .text.z_nrf_clock_control_lf_on
                0x000000000000bd8c       0xf4 zephyr/drivers/clock_control/libdrivers__clock_control.a(clock_control_nrf.c.obj)
                0x000000000000bd8c                z_nrf_clock_control_lf_on
 .text.uart_console_init
                0x000000000000be80       0x28 zephyr/drivers/console/libdrivers__console.a(uart_console.c.obj)
 .text.console_out
                0x000000000000bea8       0x28 zephyr/drivers/console/libdrivers__console.a(uart_console.c.obj)
 .text.flash_nrf_pages_layout
                0x000000000000bed0       0x10 zephyr/drivers/flash/libdrivers__flash.a(soc_flash_nrf.c.obj)
 .text.flash_nrf_get_parameters
                0x000000000000bee0        0x8 zephyr/drivers/flash/libdrivers__flash.a(soc_flash_nrf.c.obj)
 .text.nrf_flash_init
                0x000000000000bee8       0x18 zephyr/drivers/flash/libdrivers__flash.a(soc_flash_nrf.c.obj)
 .text.restore_pofwarn.part.0
                0x000000000000bf00       0x2c zephyr/drivers/flash/libdrivers__flash.a(soc_flash_nrf.c.obj)
 .text.suspend_pofwarn
                0x000000000000bf2c       0x58 zephyr/drivers/flash/libdrivers__flash.a(soc_flash_nrf.c.obj)
 .text.flash_nrf_erase
                0x000000000000bf84       0x70 zephyr/drivers/flash/libdrivers__flash.a(soc_flash_nrf.c.obj)
 .text.flash_nrf_write
                0x000000000000bff4       0x74 zephyr/drivers/flash/libdrivers__flash.a(soc_flash_nrf.c.obj)
 .text.gpio_nrfx_pin_interrupt_configure
                0x000000000000c068      0x100 zephyr/drivers/gpio/libdrivers__gpio.a(gpio_nrfx.c.obj)
 .text.gpio_nrfx_init
                0x000000000000c168       0x48 zephyr/drivers/gpio/libdrivers__gpio.a(gpio_nrfx.c.obj)
 .text.nrfx_gpio_handler
                0x000000000000c1b0       0x4c zephyr/drivers/gpio/libdrivers__gpio.a(gpio_nrfx.c.obj)
 .text.gpio_nrfx_pin_configure
                0x000000000000c1fc      0x18c zephyr/drivers/gpio/libdrivers__gpio.a(gpio_nrfx.c.obj)
 .text.nrf_gpio_pin_port_decode
                0x000000000000c388       0x20 zephyr/drivers/pinctrl/libdrivers__pinctrl.a(pinctrl_nrf.c.obj)
 .text.pinctrl_configure_pins
                0x000000000000c3a8      0x1a4 zephyr/drivers/pinctrl/libdrivers__pinctrl.a(pinctrl_nrf.c.obj)
                0x000000000000c3a8                pinctrl_configure_pins
 .text.uarte_nrfx_poll_out
                0x000000000000c54c       0xac zephyr/drivers/serial/libdrivers__serial.a(uart_nrfx_uarte.c.obj)
 .text.uarte_0_init
                0x000000000000c5f8      0x108 zephyr/drivers/serial/libdrivers__serial.a(uart_nrfx_uarte.c.obj)
 .text.compare_int_lock
                0x000000000000c700       0x48 zephyr/drivers/timer/libdrivers__timer.a(nrf_rtc_timer.c.obj)
 .text.sys_clock_timeout_handler
                0x000000000000c748       0x48 zephyr/drivers/timer/libdrivers__timer.a(nrf_rtc_timer.c.obj)
 .text.compare_int_unlock
                0x000000000000c790       0x5c zephyr/drivers/timer/libdrivers__timer.a(nrf_rtc_timer.c.obj)
 .text.z_nrf_rtc_timer_read
                0x000000000000c7ec       0x44 zephyr/drivers/timer/libdrivers__timer.a(nrf_rtc_timer.c.obj)
                0x000000000000c7ec                z_nrf_rtc_timer_read
 .text.compare_set
                0x000000000000c830      0x130 zephyr/drivers/timer/libdrivers__timer.a(nrf_rtc_timer.c.obj)
 .text.sys_clock_driver_init
                0x000000000000c960       0x90 zephyr/drivers/timer/libdrivers__timer.a(nrf_rtc_timer.c.obj)
 .text.rtc_nrf_isr
                0x000000000000c9f0       0xd4 zephyr/drivers/timer/libdrivers__timer.a(nrf_rtc_timer.c.obj)
                0x000000000000c9f0                rtc_nrf_isr
 .text.sys_clock_set_timeout
                0x000000000000cac4       0x5c zephyr/drivers/timer/libdrivers__timer.a(nrf_rtc_timer.c.obj)
                0x000000000000cac4                sys_clock_set_timeout
 .text.sys_clock_elapsed
                0x000000000000cb20       0x14 zephyr/drivers/timer/libdrivers__timer.a(nrf_rtc_timer.c.obj)
                0x000000000000cb20                sys_clock_elapsed
 .text.sys_clock_disable
                0x000000000000cb34       0x30 zephyr/drivers/timer/libdrivers__timer.a(nrf_rtc_timer.c.obj)
                0x000000000000cb34                sys_clock_disable
 .text.find_free_region
                0x000000000000cb64       0x3c modules/nrf/lib/fprotect/lib..__nrf__lib__fprotect.a(fprotect_acl.c.obj)
 .text.bl_sha256_init
                0x000000000000cba0       0x1c modules/nrf/subsys/bootloader/bl_crypto/lib..__nrf__subsys__bootloader__bl_crypto.a(bl_crypto_client.c.obj)
                0x000000000000cba0                bl_sha256_init
 .text.bl_sha256_update
                0x000000000000cbbc        0xc modules/nrf/subsys/bootloader/bl_crypto/lib..__nrf__subsys__bootloader__bl_crypto.a(bl_crypto_client.c.obj)
                0x000000000000cbbc                bl_sha256_update
 .text.bl_sha256_finalize
                0x000000000000cbc8        0xc modules/nrf/subsys/bootloader/bl_crypto/lib..__nrf__subsys__bootloader__bl_crypto.a(bl_crypto_client.c.obj)
                0x000000000000cbc8                bl_sha256_finalize
 .text.bl_secp256r1_validate
                0x000000000000cbd4       0x14 modules/nrf/subsys/bootloader/bl_crypto/lib..__nrf__subsys__bootloader__bl_crypto.a(bl_crypto_client.c.obj)
                0x000000000000cbd4                bl_secp256r1_validate
 .text.check_ext_api_requests
                0x000000000000cbe8       0xa4 modules/nrf/subsys/fw_info/lib..__nrf__subsys__fw_info.a(fw_info.c.obj)
 .text.boot_write_magic
                0x000000000000cc8c       0x40 modules/mcuboot/boot/bootutil/zephyr/libmcuboot_util.a(bootutil_public.c.obj)
                0x000000000000cc8c                boot_write_magic
 .text.boot_read_swap_state
                0x000000000000cccc       0xac modules/mcuboot/boot/bootutil/zephyr/libmcuboot_util.a(bootutil_public.c.obj)
                0x000000000000cccc                boot_read_swap_state
 .text.boot_swap_type_multi
                0x000000000000cd78       0xa4 modules/mcuboot/boot/bootutil/zephyr/libmcuboot_util.a(bootutil_public.c.obj)
                0x000000000000cd78                boot_swap_type_multi
 .text.nrf52_errata_98
                0x000000000000ce1c       0x24 modules/hal_nordic/modules/hal_nordic/nrfx/libmodules__hal_nordic__nrfx.a(system_nrf52840.c.obj)
 .text.nvmc_wait
                0x000000000000ce40       0x10 modules/hal_nordic/modules/hal_nordic/nrfx/libmodules__hal_nordic__nrfx.a(system_nrf52840.c.obj)
                0x000000000000ce40                nvmc_wait
 .text.SystemInit
                0x000000000000ce50      0x1bc modules/hal_nordic/modules/hal_nordic/nrfx/libmodules__hal_nordic__nrfx.a(system_nrf52840.c.obj)
                0x000000000000ce50                SystemInit
 .text.nrfx_flag32_alloc
                0x000000000000d00c       0x48 modules/hal_nordic/modules/hal_nordic/nrfx/libmodules__hal_nordic__nrfx.a(nrfx_flag32_allocator.c.obj)
                0x000000000000d00c                nrfx_flag32_alloc
 .text.nrfx_flag32_free
                0x000000000000d054       0x40 modules/hal_nordic/modules/hal_nordic/nrfx/libmodules__hal_nordic__nrfx.a(nrfx_flag32_allocator.c.obj)
                0x000000000000d054                nrfx_flag32_free
 .text.nrfx_gppi_channels_enable
                0x000000000000d094        0xc modules/hal_nordic/modules/hal_nordic/nrfx/libmodules__hal_nordic__nrfx.a(nrfx_gppi_ppi.c.obj)
                0x000000000000d094                nrfx_gppi_channels_enable
 .text.clock_stop
                0x000000000000d0a0       0xc4 modules/hal_nordic/modules/hal_nordic/nrfx/libmodules__hal_nordic__nrfx.a(nrfx_clock.c.obj)
 .text.nrfx_clock_init
                0x000000000000d164       0x20 modules/hal_nordic/modules/hal_nordic/nrfx/libmodules__hal_nordic__nrfx.a(nrfx_clock.c.obj)
                0x000000000000d164                nrfx_clock_init
 .text.nrfx_clock_enable
                0x000000000000d184       0x24 modules/hal_nordic/modules/hal_nordic/nrfx/libmodules__hal_nordic__nrfx.a(nrfx_clock.c.obj)
                0x000000000000d184                nrfx_clock_enable
 .text.nrfx_clock_start
                0x000000000000d1a8       0xa8 modules/hal_nordic/modules/hal_nordic/nrfx/libmodules__hal_nordic__nrfx.a(nrfx_clock.c.obj)
                0x000000000000d1a8                nrfx_clock_start
 .text.nrfx_power_clock_irq_handler
                0x000000000000d250       0x7c modules/hal_nordic/modules/hal_nordic/nrfx/libmodules__hal_nordic__nrfx.a(nrfx_clock.c.obj)
                0x000000000000d250                nrfx_power_clock_irq_handler
 .text.nrf_gpio_pin_port_decode
                0x000000000000d2cc       0x20 modules/hal_nordic/modules/hal_nordic/nrfx/libmodules__hal_nordic__nrfx.a(nrfx_gpiote.c.obj)
 .text.get_pin_idx
                0x000000000000d2ec       0x14 modules/hal_nordic/modules/hal_nordic/nrfx/libmodules__hal_nordic__nrfx.a(nrfx_gpiote.c.obj)
 .text.call_handler.constprop.0
                0x000000000000d300       0x40 modules/hal_nordic/modules/hal_nordic/nrfx/libmodules__hal_nordic__nrfx.a(nrfx_gpiote.c.obj)
 .text.pin_te_get.constprop.0
                0x000000000000d340       0x18 modules/hal_nordic/modules/hal_nordic/nrfx/libmodules__hal_nordic__nrfx.a(nrfx_gpiote.c.obj)
 .text.pin_is_output.constprop.0
                0x000000000000d358       0x18 modules/hal_nordic/modules/hal_nordic/nrfx/libmodules__hal_nordic__nrfx.a(nrfx_gpiote.c.obj)
 .text.pin_in_use_by_te.constprop.0
                0x000000000000d370       0x18 modules/hal_nordic/modules/hal_nordic/nrfx/libmodules__hal_nordic__nrfx.a(nrfx_gpiote.c.obj)
 .text.latch_pending_read_and_check
                0x000000000000d388       0x40 modules/hal_nordic/modules/hal_nordic/nrfx/libmodules__hal_nordic__nrfx.a(nrfx_gpiote.c.obj)
 .text.release_handler.isra.0
                0x000000000000d3c8       0x58 modules/hal_nordic/modules/hal_nordic/nrfx/libmodules__hal_nordic__nrfx.a(nrfx_gpiote.c.obj)
 .text.__nrfy_internal_gpiote_events_process.constprop.0
                0x000000000000d420       0x5c modules/hal_nordic/modules/hal_nordic/nrfx/libmodules__hal_nordic__nrfx.a(nrfx_gpiote.c.obj)
 .text.pin_uninit
                0x000000000000d47c       0x80 modules/hal_nordic/modules/hal_nordic/nrfx/libmodules__hal_nordic__nrfx.a(nrfx_gpiote.c.obj)
 .text.nrfx_gpiote_input_configure
                0x000000000000d4fc      0x174 modules/hal_nordic/modules/hal_nordic/nrfx/libmodules__hal_nordic__nrfx.a(nrfx_gpiote.c.obj)
                0x000000000000d4fc                nrfx_gpiote_input_configure
 .text.nrfx_gpiote_output_configure
                0x000000000000d670       0xfc modules/hal_nordic/modules/hal_nordic/nrfx/libmodules__hal_nordic__nrfx.a(nrfx_gpiote.c.obj)
                0x000000000000d670                nrfx_gpiote_output_configure
 .text.nrfx_gpiote_global_callback_set
                0x000000000000d76c        0xc modules/hal_nordic/modules/hal_nordic/nrfx/libmodules__hal_nordic__nrfx.a(nrfx_gpiote.c.obj)
                0x000000000000d76c                nrfx_gpiote_global_callback_set
 .text.nrfx_gpiote_channel_get
                0x000000000000d778       0x34 modules/hal_nordic/modules/hal_nordic/nrfx/libmodules__hal_nordic__nrfx.a(nrfx_gpiote.c.obj)
                0x000000000000d778                nrfx_gpiote_channel_get
 .text.nrfx_gpiote_init
                0x000000000000d7ac       0x68 modules/hal_nordic/modules/hal_nordic/nrfx/libmodules__hal_nordic__nrfx.a(nrfx_gpiote.c.obj)
                0x000000000000d7ac                nrfx_gpiote_init
 .text.nrfx_gpiote_init_check
                0x000000000000d814       0x14 modules/hal_nordic/modules/hal_nordic/nrfx/libmodules__hal_nordic__nrfx.a(nrfx_gpiote.c.obj)
                0x000000000000d814                nrfx_gpiote_init_check
 .text.nrfx_gpiote_channel_free
                0x000000000000d828        0xc modules/hal_nordic/modules/hal_nordic/nrfx/libmodules__hal_nordic__nrfx.a(nrfx_gpiote.c.obj)
                0x000000000000d828                nrfx_gpiote_channel_free
 .text.nrfx_gpiote_channel_alloc
                0x000000000000d834        0xc modules/hal_nordic/modules/hal_nordic/nrfx/libmodules__hal_nordic__nrfx.a(nrfx_gpiote.c.obj)
                0x000000000000d834                nrfx_gpiote_channel_alloc
 .text.nrfx_gpiote_trigger_enable
                0x000000000000d840       0xb0 modules/hal_nordic/modules/hal_nordic/nrfx/libmodules__hal_nordic__nrfx.a(nrfx_gpiote.c.obj)
                0x000000000000d840                nrfx_gpiote_trigger_enable
 .text.nrfx_gpiote_0_irq_handler
                0x000000000000d8f0      0x1bc modules/hal_nordic/modules/hal_nordic/nrfx/libmodules__hal_nordic__nrfx.a(nrfx_gpiote.c.obj)
                0x000000000000d8f0                nrfx_gpiote_0_irq_handler
 .text.nvmc_word_write
                0x000000000000daac       0x18 modules/hal_nordic/modules/hal_nordic/nrfx/libmodules__hal_nordic__nrfx.a(nrfx_nvmc.c.obj)
 .text.nrfx_nvmc_page_erase
                0x000000000000dac4       0x40 modules/hal_nordic/modules/hal_nordic/nrfx/libmodules__hal_nordic__nrfx.a(nrfx_nvmc.c.obj)
                0x000000000000dac4                nrfx_nvmc_page_erase
 .text.nrfx_nvmc_word_write
                0x000000000000db04       0x1c modules/hal_nordic/modules/hal_nordic/nrfx/libmodules__hal_nordic__nrfx.a(nrfx_nvmc.c.obj)
                0x000000000000db04                nrfx_nvmc_word_write
 .text.nrfx_ppi_channel_alloc
                0x000000000000db20        0xc modules/hal_nordic/modules/hal_nordic/nrfx/libmodules__hal_nordic__nrfx.a(nrfx_ppi.c.obj)
                0x000000000000db20                nrfx_ppi_channel_alloc
 .text._DoInit  0x000000000000db2c       0x68 modules/segger/libmodules__segger.a(SEGGER_RTT.c.obj)
 .text.SEGGER_RTT_Init
                0x000000000000db94       0x3c modules/segger/libmodules__segger.a(SEGGER_RTT.c.obj)
                0x000000000000db94                SEGGER_RTT_Init
 .text.z_sys_init_run_level
                0x000000000000dbd0       0x2c zephyr/kernel/libkernel.a(init.c.obj)
 .text.bg_thread_main
                0x000000000000dbfc       0x34 zephyr/kernel/libkernel.a(init.c.obj)
 .text.z_bss_zero
                0x000000000000dc30       0x18 zephyr/kernel/libkernel.a(init.c.obj)
                0x000000000000dc30                z_bss_zero
 .text.z_cstart
                0x000000000000dc48       0x78 zephyr/kernel/libkernel.a(init.c.obj)
                0x000000000000dc48                z_cstart
 .text.z_data_copy
                0x000000000000dcc0       0x38 zephyr/kernel/libkernel.a(xip.c.obj)
                0x000000000000dcc0                z_data_copy
 .text.first    0x000000000000dcf8       0x10 zephyr/kernel/libkernel.a(timeout.c.obj)
 .text.elapsed  0x000000000000dd08       0x14 zephyr/kernel/libkernel.a(timeout.c.obj)
 .text.remove_timeout
                0x000000000000dd1c       0x38 zephyr/kernel/libkernel.a(timeout.c.obj)
 .text.sys_clock_announce
                0x000000000000dd54       0xb8 zephyr/kernel/libkernel.a(timeout.c.obj)
                0x000000000000dd54                sys_clock_announce
 .text.nrf_cc3xx_platform_init_no_rng
                0x000000000000de0c       0x38 C:/ncs/sdk/nrfxlib/crypto/nrf_cc310_platform/lib/cortex-m4/soft-float/no-interrupts/libnrf_cc310_platform_0.9.19.a(nrf_cc3xx_platform.c.obj)
                0x000000000000de0c                nrf_cc3xx_platform_init_no_rng
 .text.nrf_cc3xx_platform_abort
                0x000000000000de44       0x24 C:/ncs/sdk/nrfxlib/crypto/nrf_cc310_platform/lib/cortex-m4/soft-float/no-interrupts/libnrf_cc310_platform_0.9.19.a(nrf_cc3xx_platform_abort.c.obj)
 .text.CC_PalAbort
                0x000000000000de68       0x34 C:/ncs/sdk/nrfxlib/crypto/nrf_cc310_platform/lib/cortex-m4/soft-float/no-interrupts/libnrf_cc310_platform_0.9.19.a(nrf_cc3xx_platform_abort.c.obj)
                0x000000000000de68                CC_PalAbort
 .text.nrf_cc3xx_platform_set_abort
                0x000000000000de9c       0x10 C:/ncs/sdk/nrfxlib/crypto/nrf_cc310_platform/lib/cortex-m4/soft-float/no-interrupts/libnrf_cc310_platform_0.9.19.a(nrf_cc3xx_platform_abort.c.obj)
                0x000000000000de9c                nrf_cc3xx_platform_set_abort
 .text.CC_LibInitNoRng
                0x000000000000deac       0x64 C:/ncs/sdk/nrfxlib/crypto/nrf_cc310_platform/lib/cortex-m4/soft-float/no-interrupts/libnrf_cc310_platform_0.9.19.a(cc_lib.c.obj)
                0x000000000000deac                CC_LibInitNoRng
 .text.CC_HalInit
                0x000000000000df10        0x4 C:/ncs/sdk/nrfxlib/crypto/nrf_cc310_platform/lib/cortex-m4/soft-float/no-interrupts/libnrf_cc310_platform_0.9.19.a(cc_hal.c.obj)
                0x000000000000df10                CC_HalInit
 .text.CC_HalTerminate
                0x000000000000df14        0x4 C:/ncs/sdk/nrfxlib/crypto/nrf_cc310_platform/lib/cortex-m4/soft-float/no-interrupts/libnrf_cc310_platform_0.9.19.a(cc_hal.c.obj)
                0x000000000000df14                CC_HalTerminate
 .text.CC_HalMaskInterrupt
                0x000000000000df18        0xc C:/ncs/sdk/nrfxlib/crypto/nrf_cc310_platform/lib/cortex-m4/soft-float/no-interrupts/libnrf_cc310_platform_0.9.19.a(cc_hal.c.obj)
                0x000000000000df18                CC_HalMaskInterrupt
 .text.CC_PalInit
                0x000000000000df24       0x5c C:/ncs/sdk/nrfxlib/crypto/nrf_cc310_platform/lib/cortex-m4/soft-float/no-interrupts/libnrf_cc310_platform_0.9.19.a(cc_pal.c.obj)
                0x000000000000df24                CC_PalInit
 .text.CC_PalTerminate
                0x000000000000df80       0x34 C:/ncs/sdk/nrfxlib/crypto/nrf_cc310_platform/lib/cortex-m4/soft-float/no-interrupts/libnrf_cc310_platform_0.9.19.a(cc_pal.c.obj)
                0x000000000000df80                CC_PalTerminate
 .text.CC_PalDmaInit
                0x000000000000dfb4        0x4 C:/ncs/sdk/nrfxlib/crypto/nrf_cc310_platform/lib/cortex-m4/soft-float/no-interrupts/libnrf_cc310_platform_0.9.19.a(cc_pal_dma.c.obj)
                0x000000000000dfb4                CC_PalDmaInit
 .text.CC_PalDmaTerminate
                0x000000000000dfb8        0x4 C:/ncs/sdk/nrfxlib/crypto/nrf_cc310_platform/lib/cortex-m4/soft-float/no-interrupts/libnrf_cc310_platform_0.9.19.a(cc_pal_dma.c.obj)
                0x000000000000dfb8                CC_PalDmaTerminate
 .text.CC_PalMutexCreate
                0x000000000000dfbc       0x14 C:/ncs/sdk/nrfxlib/crypto/nrf_cc310_platform/lib/cortex-m4/soft-float/no-interrupts/libnrf_cc310_platform_0.9.19.a(cc_pal_mutex.c.obj)
                0x000000000000dfbc                CC_PalMutexCreate
 .text.CC_PalMutexDestroy
                0x000000000000dfd0       0x14 C:/ncs/sdk/nrfxlib/crypto/nrf_cc310_platform/lib/cortex-m4/soft-float/no-interrupts/libnrf_cc310_platform_0.9.19.a(cc_pal_mutex.c.obj)
                0x000000000000dfd0                CC_PalMutexDestroy
 .text.CC_PalPowerSaveModeInit
                0x000000000000dfe4       0x3c C:/ncs/sdk/nrfxlib/crypto/nrf_cc310_platform/lib/cortex-m4/soft-float/no-interrupts/libnrf_cc310_platform_0.9.19.a(cc_pal_pm.c.obj)
                0x000000000000dfe4                CC_PalPowerSaveModeInit
 .text.CC_PalPowerSaveModeSelect
                0x000000000000e020       0x84 C:/ncs/sdk/nrfxlib/crypto/nrf_cc310_platform/lib/cortex-m4/soft-float/no-interrupts/libnrf_cc310_platform_0.9.19.a(cc_pal_pm.c.obj)
                0x000000000000e020                CC_PalPowerSaveModeSelect
 .text.mutex_free
                0x000000000000e0a4       0x34 C:/ncs/sdk/nrfxlib/crypto/nrf_cc310_platform/lib/cortex-m4/soft-float/no-interrupts/libnrf_cc310_platform_0.9.19.a(nrf_cc3xx_platform_mutex.c.obj)
 .text.mutex_lock
                0x000000000000e0d8       0x48 C:/ncs/sdk/nrfxlib/crypto/nrf_cc310_platform/lib/cortex-m4/soft-float/no-interrupts/libnrf_cc310_platform_0.9.19.a(nrf_cc3xx_platform_mutex.c.obj)
 .text.mutex_unlock
                0x000000000000e120       0x38 C:/ncs/sdk/nrfxlib/crypto/nrf_cc310_platform/lib/cortex-m4/soft-float/no-interrupts/libnrf_cc310_platform_0.9.19.a(nrf_cc3xx_platform_mutex.c.obj)
 .text.mutex_init
                0x000000000000e158       0x20 C:/ncs/sdk/nrfxlib/crypto/nrf_cc310_platform/lib/cortex-m4/soft-float/no-interrupts/libnrf_cc310_platform_0.9.19.a(nrf_cc3xx_platform_mutex.c.obj)
 .text._OffsetAbsSyms
                0x000000000000e178        0x2 zephyr/CMakeFiles/offsets.dir/./arch/arm/core/offsets/offsets.c.obj
                0x000000000000e178                _OffsetAbsSyms
 .text.flash_area_get_device_id
                0x000000000000e17a        0x4 app/libapp.a(flash_map_extended.c.obj)
                0x000000000000e17a                flash_area_get_device_id
 .text.flash_area_get_sector
                0x000000000000e17e       0x32 app/libapp.a(flash_map_extended.c.obj)
                0x000000000000e17e                flash_area_get_sector
 .text.os_heap_init
                0x000000000000e1b0        0x2 app/libapp.a(os.c.obj)
                0x000000000000e1b0                os_heap_init
 .text.bootutil_tlv_iter_begin
                0x000000000000e1b2       0x9c app/libapp.a(tlv.c.obj)
                0x000000000000e1b2                bootutil_tlv_iter_begin
 .text.bootutil_tlv_iter_next
                0x000000000000e24e       0x98 app/libapp.a(tlv.c.obj)
                0x000000000000e24e                bootutil_tlv_iter_next
 .text.bootutil_tlv_iter_is_prot
                0x000000000000e2e6       0x1c app/libapp.a(tlv.c.obj)
                0x000000000000e2e6                bootutil_tlv_iter_is_prot
 .text.bootutil_read_bigint
                0x000000000000e302       0x58 app/libapp.a(image_ecdsa.c.obj)
 .text.boot_fih_memequal
                0x000000000000e35a        0x4 app/libapp.a(bootutil_misc.c.obj)
                0x000000000000e35a                boot_fih_memequal
 .text.boot_trailer_sz
                0x000000000000e35e        0xa app/libapp.a(bootutil_misc.c.obj)
                0x000000000000e35e                boot_trailer_sz
 .text.boot_status_off
                0x000000000000e368       0x16 app/libapp.a(bootutil_misc.c.obj)
                0x000000000000e368                boot_status_off
 .text.boot_read_swap_size
                0x000000000000e37e       0x1c app/libapp.a(bootutil_misc.c.obj)
                0x000000000000e37e                boot_read_swap_size
 .text.boot_write_swap_size
                0x000000000000e39a       0x1e app/libapp.a(bootutil_misc.c.obj)
                0x000000000000e39a                boot_write_swap_size
 .text.boot_read_image_size
                0x000000000000e3b8       0xb0 app/libapp.a(bootutil_misc.c.obj)
                0x000000000000e3b8                boot_read_image_size
 .text.boot_read_image_headers
                0x000000000000e468       0x42 app/libapp.a(loader.c.obj)
 .text.boot_version_cmp
                0x000000000000e4aa       0x2c app/libapp.a(loader.c.obj)
 .text.boot_status_reset
                0x000000000000e4d6       0x12 app/libapp.a(loader.c.obj)
                0x000000000000e4d6                boot_status_reset
 .text.boot_status_is_reset
                0x000000000000e4e8       0x1a app/libapp.a(loader.c.obj)
                0x000000000000e4e8                boot_status_is_reset
 .text.boot_erase_region
                0x000000000000e502        0x4 app/libapp.a(loader.c.obj)
                0x000000000000e502                boot_erase_region
 .text.swap_erase_trailer_sectors
                0x000000000000e506       0x7a app/libapp.a(swap_misc.c.obj)
                0x000000000000e506                swap_erase_trailer_sectors
 .text.swap_status_init
                0x000000000000e580       0x48 app/libapp.a(swap_misc.c.obj)
                0x000000000000e580                swap_status_init
 .text.find_last_idx
                0x000000000000e5c8       0x1e app/libapp.a(swap_move.c.obj)
                0x000000000000e5c8                find_last_idx
 .text.boot_status_internal_off
                0x000000000000e5e6       0x26 app/libapp.a(swap_move.c.obj)
                0x000000000000e5e6                boot_status_internal_off
 .text.boot_slots_compatible
                0x000000000000e60c        0x4 app/libapp.a(swap_move.c.obj)
                0x000000000000e60c                boot_slots_compatible
 .text.swap_status_source
                0x000000000000e610       0x40 app/libapp.a(swap_move.c.obj)
                0x000000000000e610                swap_status_source
 .text.mbedtls_asn1_get_len
                0x000000000000e650       0x98 app/libapp.a(asn1parse.c.obj)
                0x000000000000e650                mbedtls_asn1_get_len
 .text.mbedtls_asn1_get_tag
                0x000000000000e6e8       0x28 app/libapp.a(asn1parse.c.obj)
                0x000000000000e6e8                mbedtls_asn1_get_tag
 .text.mbedtls_asn1_get_bitstring_null
                0x000000000000e710       0x28 app/libapp.a(asn1parse.c.obj)
                0x000000000000e710                mbedtls_asn1_get_bitstring_null
 .text.mbedtls_asn1_get_alg
                0x000000000000e738       0x94 app/libapp.a(asn1parse.c.obj)
                0x000000000000e738                mbedtls_asn1_get_alg
 .text.arch_printk_char_out
                0x000000000000e7cc        0x4 zephyr/libzephyr.a(printk.c.obj)
                0x000000000000e7cc                arch_printk_char_out
 .text.printk   0x000000000000e7d0       0x1a zephyr/libzephyr.a(printk.c.obj)
                0x000000000000e7d0                printk
 .text.process_recheck
                0x000000000000e7ea       0x38 zephyr/libzephyr.a(onoff.c.obj)
 .text.validate_args
                0x000000000000e822       0x20 zephyr/libzephyr.a(onoff.c.obj)
 .text.notify_one
                0x000000000000e842       0x2c zephyr/libzephyr.a(onoff.c.obj)
 .text.transition_complete
                0x000000000000e86e       0x1a zephyr/libzephyr.a(onoff.c.obj)
 .text.onoff_manager_init
                0x000000000000e888       0x26 zephyr/libzephyr.a(onoff.c.obj)
                0x000000000000e888                onoff_manager_init
 .text.onoff_request
                0x000000000000e8ae       0xae zephyr/libzephyr.a(onoff.c.obj)
                0x000000000000e8ae                onoff_request
 .text.sys_notify_validate
                0x000000000000e95c       0x22 zephyr/libzephyr.a(notify.c.obj)
                0x000000000000e95c                sys_notify_validate
 .text.sys_notify_finalize
                0x000000000000e97e       0x1a zephyr/libzephyr.a(notify.c.obj)
                0x000000000000e97e                sys_notify_finalize
 .text._ConfigAbsSyms
                0x000000000000e998        0x2 zephyr/libzephyr.a(configs.c.obj)
                0x000000000000e998                _ConfigAbsSyms
 .text.z_log_minimal_printk
                0x000000000000e99a       0x1a zephyr/libzephyr.a(log_minimal.c.obj)
                0x000000000000e99a                z_log_minimal_printk
 .text.flash_area_close
                0x000000000000e9b4        0x2 zephyr/libzephyr.a(flash_map.c.obj)
                0x000000000000e9b4                flash_area_close
 .text.flash_area_read
                0x000000000000e9b6       0x2a zephyr/libzephyr.a(flash_map.c.obj)
                0x000000000000e9b6                flash_area_read
 .text.flash_area_write
                0x000000000000e9e0       0x2a zephyr/libzephyr.a(flash_map.c.obj)
                0x000000000000e9e0                flash_area_write
 .text.flash_area_erase
                0x000000000000ea0a       0x30 zephyr/libzephyr.a(flash_map.c.obj)
                0x000000000000ea0a                flash_area_erase
 .text.flash_area_align
                0x000000000000ea3a        0xe zephyr/libzephyr.a(flash_map.c.obj)
                0x000000000000ea3a                flash_area_align
 .text.flash_area_erased_val
                0x000000000000ea48        0xe zephyr/libzephyr.a(flash_map.c.obj)
                0x000000000000ea48                flash_area_erased_val
 .text.get_sectors_cb
                0x000000000000ea56       0x44 zephyr/libzephyr.a(flash_map_layout.c.obj)
 .text.flash_area_get_sectors
                0x000000000000ea9a       0x32 zephyr/libzephyr.a(flash_map_layout.c.obj)
                0x000000000000ea9a                flash_area_get_sectors
 .text.abort_function
                0x000000000000eacc        0x8 zephyr/libzephyr.a(nrf_cc3xx_platform_abort_zephyr.c.obj)
 .text.nrf_cc3xx_platform_mutex_init
                0x000000000000ead4        0x2 zephyr/libzephyr.a(nrf_cc3xx_platform_no_mutex_zephyr.c.obj)
                0x000000000000ead4                nrf_cc3xx_platform_mutex_init
 .text.z_arm_fatal_error
                0x000000000000ead6        0xc zephyr/arch/arch/arm/core/libarch__arm__core.a(fatal.c.obj)
                0x000000000000ead6                z_arm_fatal_error
 .text.z_do_kernel_oops
                0x000000000000eae2        0x8 zephyr/arch/arch/arm/core/libarch__arm__core.a(fatal.c.obj)
                0x000000000000eae2                z_do_kernel_oops
 .text.z_arm_nmi
                0x000000000000eaea        0xe zephyr/arch/arch/arm/core/libarch__arm__core.a(nmi.c.obj)
                0x000000000000eaea                z_arm_nmi
 .text._HandlerModeExit
                0x000000000000eaf8        0x2 zephyr/arch/arch/arm/core/cortex_m/libarch__arm__core__cortex_m.a(exc_exit.c.obj)
                0x000000000000eaf8                z_arm_int_exit
                0x000000000000eaf8                z_arm_exc_exit
 .text.z_irq_spurious
                0x000000000000eafa        0x8 zephyr/arch/arch/arm/core/cortex_m/libarch__arm__core__cortex_m.a(irq_manage.c.obj)
                0x000000000000eafa                z_irq_spurious
 .text.arch_irq_unlock_outlined
                0x000000000000eb02        0xe zephyr/arch/arch/arm/core/cortex_m/libarch__arm__core__cortex_m.a(thread.c.obj)
                0x000000000000eb02                arch_irq_unlock_outlined
 .text.arch_irq_lock_outlined
                0x000000000000eb10       0x10 zephyr/arch/arch/arm/core/cortex_m/libarch__arm__core__cortex_m.a(thread.c.obj)
                0x000000000000eb10                arch_irq_lock_outlined
 .text.arch_cpu_idle
                0x000000000000eb20       0x1a zephyr/arch/arch/arm/core/cortex_m/libarch__arm__core__cortex_m.a(cpu_idle.c.obj)
                0x000000000000eb20                arch_cpu_idle
 .text.arch_cpu_atomic_idle
                0x000000000000eb3a       0x1e zephyr/arch/arch/arm/core/cortex_m/libarch__arm__core__cortex_m.a(cpu_idle.c.obj)
                0x000000000000eb3a                arch_cpu_atomic_idle
 .text.size_to_mpu_rasr_size
                0x000000000000eb58       0x20 zephyr/arch/arch/arm/core/mpu/libarch__arm__core__mpu.a(arm_mpu.c.obj)
 .text.strlen   0x000000000000eb78        0xe zephyr/lib/libc/minimal/liblib__libc__minimal.a(string.c.obj)
                0x000000000000eb78                strlen
 .text.memcmp   0x000000000000eb86       0x20 zephyr/lib/libc/minimal/liblib__libc__minimal.a(string.c.obj)
                0x000000000000eb86                memcmp
 .text.memcpy   0x000000000000eba6       0x16 zephyr/lib/libc/minimal/liblib__libc__minimal.a(string.c.obj)
                0x000000000000eba6                memcpy
 .text.memset   0x000000000000ebbc       0x12 zephyr/lib/libc/minimal/liblib__libc__minimal.a(string.c.obj)
                0x000000000000ebbc                memset
 .text._stdout_hook_default
                0x000000000000ebce        0x6 zephyr/lib/libc/minimal/liblib__libc__minimal.a(stdout_console.c.obj)
 .text.get_status
                0x000000000000ebd4       0x12 zephyr/drivers/clock_control/libdrivers__clock_control.a(clock_control_nrf.c.obj)
 .text.stop     0x000000000000ebe6       0x50 zephyr/drivers/clock_control/libdrivers__clock_control.a(clock_control_nrf.c.obj)
 .text.api_stop
                0x000000000000ec36        0x6 zephyr/drivers/clock_control/libdrivers__clock_control.a(clock_control_nrf.c.obj)
 .text.async_start
                0x000000000000ec3c       0x5a zephyr/drivers/clock_control/libdrivers__clock_control.a(clock_control_nrf.c.obj)
 .text.api_start
                0x000000000000ec96        0xe zephyr/drivers/clock_control/libdrivers__clock_control.a(clock_control_nrf.c.obj)
 .text.api_blocking_start
                0x000000000000eca4        0x6 zephyr/drivers/clock_control/libdrivers__clock_control.a(clock_control_nrf.c.obj)
 .text.onoff_started_callback
                0x000000000000ecaa       0x12 zephyr/drivers/clock_control/libdrivers__clock_control.a(clock_control_nrf.c.obj)
 .text.lfclk_start
                0x000000000000ecbc        0x6 zephyr/drivers/clock_control/libdrivers__clock_control.a(clock_control_nrf.c.obj)
 .text.lfclk_stop
                0x000000000000ecc2        0x6 zephyr/drivers/clock_control/libdrivers__clock_control.a(clock_control_nrf.c.obj)
 .text.flash_get_page_info
                0x000000000000ecc8       0x62 zephyr/drivers/flash/libdrivers__flash.a(flash_page_layout.c.obj)
 .text.z_impl_flash_get_page_info_by_offs
                0x000000000000ed2a        0x8 zephyr/drivers/flash/libdrivers__flash.a(flash_page_layout.c.obj)
                0x000000000000ed2a                z_impl_flash_get_page_info_by_offs
 .text.flash_page_foreach
                0x000000000000ed32       0x58 zephyr/drivers/flash/libdrivers__flash.a(flash_page_layout.c.obj)
                0x000000000000ed32                flash_page_foreach
 .text.flash_nrf_get_size
                0x000000000000ed8a       0x12 zephyr/drivers/flash/libdrivers__flash.a(soc_flash_nrf.c.obj)
 .text.is_regular_addr_valid
                0x000000000000ed9c       0x22 zephyr/drivers/flash/libdrivers__flash.a(soc_flash_nrf.c.obj)
 .text.flash_nrf_read
                0x000000000000edbe       0x28 zephyr/drivers/flash/libdrivers__flash.a(soc_flash_nrf.c.obj)
 .text.gpio_nrfx_port_get_raw
                0x000000000000ede6        0xe zephyr/drivers/gpio/libdrivers__gpio.a(gpio_nrfx.c.obj)
 .text.gpio_nrfx_port_set_masked_raw
                0x000000000000edf4       0x18 zephyr/drivers/gpio/libdrivers__gpio.a(gpio_nrfx.c.obj)
 .text.gpio_nrfx_port_set_bits_raw
                0x000000000000ee0c        0xc zephyr/drivers/gpio/libdrivers__gpio.a(gpio_nrfx.c.obj)
 .text.gpio_nrfx_port_clear_bits_raw
                0x000000000000ee18        0xc zephyr/drivers/gpio/libdrivers__gpio.a(gpio_nrfx.c.obj)
 .text.gpio_nrfx_port_toggle_bits
                0x000000000000ee24       0x1a zephyr/drivers/gpio/libdrivers__gpio.a(gpio_nrfx.c.obj)
 .text.gpio_nrfx_manage_callback
                0x000000000000ee3e       0x52 zephyr/drivers/gpio/libdrivers__gpio.a(gpio_nrfx.c.obj)
 .text.pinctrl_lookup_state
                0x000000000000ee90       0x26 zephyr/drivers/pinctrl/libdrivers__pinctrl.a(common.c.obj)
                0x000000000000ee90                pinctrl_lookup_state
 .text.uarte_nrfx_err_check
                0x000000000000eeb6        0xe zephyr/drivers/serial/libdrivers__serial.a(uart_nrfx_uarte.c.obj)
 .text.uarte_nrfx_poll_in
                0x000000000000eec4       0x26 zephyr/drivers/serial/libdrivers__serial.a(uart_nrfx_uarte.c.obj)
 .text.is_tx_ready.isra.0
                0x000000000000eeea       0x20 zephyr/drivers/serial/libdrivers__serial.a(uart_nrfx_uarte.c.obj)
 .text.uarte_nrfx_isr_int
                0x000000000000ef0a       0x42 zephyr/drivers/serial/libdrivers__serial.a(uart_nrfx_uarte.c.obj)
 .text.event_clear
                0x000000000000ef4c       0x18 zephyr/drivers/timer/libdrivers__timer.a(nrf_rtc_timer.c.obj)
 .text.fprotect_set_permission
                0x000000000000ef64       0x7e modules/nrf/lib/fprotect/lib..__nrf__lib__fprotect.a(fprotect_acl.c.obj)
 .text.fprotect_area
                0x000000000000efe2        0x6 modules/nrf/lib/fprotect/lib..__nrf__lib__fprotect.a(fprotect_acl.c.obj)
                0x000000000000efe2                fprotect_area
 .text.skip_ext_apis
                0x000000000000efe8       0x16 modules/nrf/subsys/fw_info/lib..__nrf__subsys__fw_info.a(fw_info.c.obj)
                0x000000000000efe8                skip_ext_apis
 .text.hw_cc3xx_init_internal
                0x000000000000effe        0x4 modules/nrf/drivers/hw_cc3xx/lib..__nrf__drivers__hw_cc3xx.a(hw_cc3xx.c.obj)
 .text.hw_cc3xx_init
                0x000000000000f002       0x12 modules/nrf/drivers/hw_cc3xx/lib..__nrf__drivers__hw_cc3xx.a(hw_cc3xx.c.obj)
 .text.boot_swap_info_off
                0x000000000000f014        0xc modules/mcuboot/boot/bootutil/zephyr/libmcuboot_util.a(bootutil_public.c.obj)
                0x000000000000f014                boot_swap_info_off
 .text.boot_magic_compatible_check
                0x000000000000f020       0x1c modules/mcuboot/boot/bootutil/zephyr/libmcuboot_util.a(bootutil_public.c.obj)
                0x000000000000f020                boot_magic_compatible_check
 .text.bootutil_buffer_is_erased
                0x000000000000f03c       0x26 modules/mcuboot/boot/bootutil/zephyr/libmcuboot_util.a(bootutil_public.c.obj)
                0x000000000000f03c                bootutil_buffer_is_erased
 .text.boot_read_flag
                0x000000000000f062       0x38 modules/mcuboot/boot/bootutil/zephyr/libmcuboot_util.a(bootutil_public.c.obj)
 .text.boot_write_trailer
                0x000000000000f09a       0x58 modules/mcuboot/boot/bootutil/zephyr/libmcuboot_util.a(bootutil_public.c.obj)
                0x000000000000f09a                boot_write_trailer
 .text.boot_write_trailer_flag
                0x000000000000f0f2       0x14 modules/mcuboot/boot/bootutil/zephyr/libmcuboot_util.a(bootutil_public.c.obj)
                0x000000000000f0f2                boot_write_trailer_flag
 .text.boot_write_image_ok
                0x000000000000f106        0xe modules/mcuboot/boot/bootutil/zephyr/libmcuboot_util.a(bootutil_public.c.obj)
                0x000000000000f106                boot_write_image_ok
 .text.boot_read_image_ok
                0x000000000000f114        0xc modules/mcuboot/boot/bootutil/zephyr/libmcuboot_util.a(bootutil_public.c.obj)
                0x000000000000f114                boot_read_image_ok
 .text.boot_read_swap_state_by_id
                0x000000000000f120       0x28 modules/mcuboot/boot/bootutil/zephyr/libmcuboot_util.a(bootutil_public.c.obj)
                0x000000000000f120                boot_read_swap_state_by_id
 .text.boot_write_swap_info
                0x000000000000f148       0x22 modules/mcuboot/boot/bootutil/zephyr/libmcuboot_util.a(bootutil_public.c.obj)
                0x000000000000f148                boot_write_swap_info
 .text.boot_write_copy_done
                0x000000000000f16a       0x10 modules/mcuboot/boot/bootutil/zephyr/libmcuboot_util.a(bootutil_public.c.obj)
                0x000000000000f16a                boot_write_copy_done
 .text.nrfx_isr
                0x000000000000f17a        0x2 modules/hal_nordic/modules/hal_nordic/nrfx/libmodules__hal_nordic__nrfx.a(nrfx_glue.c.obj)
                0x000000000000f17a                nrfx_isr
 .text.nrfx_busy_wait
                0x000000000000f17c        0x4 modules/hal_nordic/modules/hal_nordic/nrfx/libmodules__hal_nordic__nrfx.a(nrfx_glue.c.obj)
                0x000000000000f17c                nrfx_busy_wait
 .text.nrfx_gppi_channel_endpoints_setup
                0x000000000000f180       0x14 modules/hal_nordic/modules/hal_nordic/nrfx/libmodules__hal_nordic__nrfx.a(nrfx_gppi_ppi.c.obj)
                0x000000000000f180                nrfx_gppi_channel_endpoints_setup
 .text.nrfx_gppi_channel_alloc
                0x000000000000f194        0x4 modules/hal_nordic/modules/hal_nordic/nrfx/libmodules__hal_nordic__nrfx.a(nrfx_gppi_ppi.c.obj)
                0x000000000000f194                nrfx_gppi_channel_alloc
 .text.nrfx_clock_stop
                0x000000000000f198        0x4 modules/hal_nordic/modules/hal_nordic/nrfx/libmodules__hal_nordic__nrfx.a(nrfx_clock.c.obj)
                0x000000000000f198                nrfx_clock_stop
 .text.nrf_gpio_reconfigure
                0x000000000000f19c       0x92 modules/hal_nordic/modules/hal_nordic/nrfx/libmodules__hal_nordic__nrfx.a(nrfx_gpiote.c.obj)
 .text.nrf_gpio_cfg_sense_set
                0x000000000000f22e       0x1e modules/hal_nordic/modules/hal_nordic/nrfx/libmodules__hal_nordic__nrfx.a(nrfx_gpiote.c.obj)
 .text.pin_trigger_disable
                0x000000000000f24c       0x48 modules/hal_nordic/modules/hal_nordic/nrfx/libmodules__hal_nordic__nrfx.a(nrfx_gpiote.c.obj)
 .text.nrfx_gpiote_pin_uninit
                0x000000000000f294        0x4 modules/hal_nordic/modules/hal_nordic/nrfx/libmodules__hal_nordic__nrfx.a(nrfx_gpiote.c.obj)
                0x000000000000f294                nrfx_gpiote_pin_uninit
 .text.nrfx_gpiote_trigger_disable
                0x000000000000f298        0x4 modules/hal_nordic/modules/hal_nordic/nrfx/libmodules__hal_nordic__nrfx.a(nrfx_gpiote.c.obj)
                0x000000000000f298                nrfx_gpiote_trigger_disable
 .text.nrfx_nvmc_flash_size_get
                0x000000000000f29c        0xc modules/hal_nordic/modules/hal_nordic/nrfx/libmodules__hal_nordic__nrfx.a(nrfx_nvmc.c.obj)
                0x000000000000f29c                nrfx_nvmc_flash_size_get
 .text.nrfx_nvmc_flash_page_size_get
                0x000000000000f2a8        0x8 modules/hal_nordic/modules/hal_nordic/nrfx/libmodules__hal_nordic__nrfx.a(nrfx_nvmc.c.obj)
                0x000000000000f2a8                nrfx_nvmc_flash_page_size_get
 .text.nrfx_nvmc_flash_page_count_get
                0x000000000000f2b0        0x8 modules/hal_nordic/modules/hal_nordic/nrfx/libmodules__hal_nordic__nrfx.a(nrfx_nvmc.c.obj)
                0x000000000000f2b0                nrfx_nvmc_flash_page_count_get
 .text.rtt_init
                0x000000000000f2b8        0xa modules/segger/libmodules__segger.a(SEGGER_RTT_zephyr.c.obj)
 .text.z_impl_k_busy_wait
                0x000000000000f2c2        0x8 zephyr/kernel/libkernel.a(busy_wait.c.obj)
                0x000000000000f2c2                z_impl_k_busy_wait
 .text.z_device_state_init
                0x000000000000f2ca        0x2 zephyr/kernel/libkernel.a(device.c.obj)
                0x000000000000f2ca                z_device_state_init
 .text.z_impl_device_is_ready
                0x000000000000f2cc       0x16 zephyr/kernel/libkernel.a(device.c.obj)
                0x000000000000f2cc                z_impl_device_is_ready
 .text.arch_system_halt
                0x000000000000f2e2       0x10 zephyr/kernel/libkernel.a(fatal.c.obj)
                0x000000000000f2e2                arch_system_halt
 .text.k_sys_fatal_error_handler
                0x000000000000f2f2        0x6 zephyr/kernel/libkernel.a(fatal.c.obj)
                0x000000000000f2f2                k_sys_fatal_error_handler
 .text.z_fatal_error
                0x000000000000f2f8       0x1e zephyr/kernel/libkernel.a(fatal.c.obj)
                0x000000000000f2f8                z_fatal_error
 .text.do_device_init
                0x000000000000f316       0x30 zephyr/kernel/libkernel.a(init.c.obj)
 .text.z_early_memset
                0x000000000000f346        0x4 zephyr/kernel/libkernel.a(init.c.obj)
                0x000000000000f346                z_early_memset
 .text.z_early_memcpy
                0x000000000000f34a        0x4 zephyr/kernel/libkernel.a(init.c.obj)
                0x000000000000f34a                z_early_memcpy
 .text.z_init_static
                0x000000000000f34e        0x2 zephyr/kernel/libkernel.a(init_static.c.obj)
                0x000000000000f34e                z_init_static
 .text.k_is_in_isr
                0x000000000000f350        0xc zephyr/kernel/libkernel.a(nothread.c.obj)
                0x000000000000f350                k_is_in_isr
 .text.next_timeout
                0x000000000000f35c       0x32 zephyr/kernel/libkernel.a(timeout.c.obj)
 *(SORT_BY_ALIGNMENT(.TEXT.*))
 *(SORT_BY_ALIGNMENT(.gnu.linkonce.t.*))
 *(SORT_BY_ALIGNMENT(.glue_7t))
 .glue_7t       0x000000000000f38e        0x0 linker stubs
 *(SORT_BY_ALIGNMENT(.glue_7))
 .glue_7        0x000000000000f38e        0x0 linker stubs
 *(SORT_BY_ALIGNMENT(.vfp11_veneer))
 .vfp11_veneer  0x000000000000f38e        0x0 linker stubs
 *(SORT_BY_ALIGNMENT(.v4_bx))
 .v4_bx         0x000000000000f38e        0x0 linker stubs
                0x000000000000f390                . = ALIGN (0x4)
 *fill*         0x000000000000f38e        0x2 
                0x000000000000f390                __text_region_end = .

.ARM.exidx      0x000000000000f390        0x8
                0x000000000000f390                __exidx_start = .
 *(SORT_BY_ALIGNMENT(.ARM.exidx*) SORT_BY_ALIGNMENT(gnu.linkonce.armexidx.*))
 .ARM.exidx     0x000000000000f390        0x8 c:/ncs/toolchains/0b393f9e1b/opt/zephyr-sdk/arm-zephyr-eabi/bin/../lib/gcc/arm-zephyr-eabi/12.2.0/thumb/v7e-m/nofp\libgcc.a(_udivmoddi4.o)
                0x000000000000f398                __exidx_end = .
                0x000000000000f398                __rodata_region_start = .

initlevel       0x000000000000f398       0x60
                0x000000000000f398                __init_start = .
                0x000000000000f398                __init_EARLY_start = .
 *(SORT_BY_NAME(SORT_BY_ALIGNMENT(.z_init_EARLY?_*)))
 *(SORT_BY_NAME(SORT_BY_ALIGNMENT(.z_init_EARLY??_*)))
                0x000000000000f398                __init_PRE_KERNEL_1_start = .
 *(SORT_BY_NAME(SORT_BY_ALIGNMENT(.z_init_PRE_KERNEL_1?_*)))
 .z_init_PRE_KERNEL_10_0_
                0x000000000000f398        0x8 zephyr/soc/soc/nrf52840/libsoc__nordic.a(soc.c.obj)
 *(SORT_BY_NAME(SORT_BY_ALIGNMENT(.z_init_PRE_KERNEL_1??_*)))
 .z_init_PRE_KERNEL_130_00075_
                0x000000000000f3a0        0x8 zephyr/drivers/clock_control/libdrivers__clock_control.a(clock_control_nrf.c.obj)
 .z_init_PRE_KERNEL_130_0_
                0x000000000000f3a8        0x8 modules/segger/libmodules__segger.a(SEGGER_RTT_zephyr.c.obj)
 .z_init_PRE_KERNEL_140_00011_
                0x000000000000f3b0        0x8 zephyr/drivers/gpio/libdrivers__gpio.a(gpio_nrfx.c.obj)
 .z_init_PRE_KERNEL_140_00105_
                0x000000000000f3b8        0x8 zephyr/drivers/gpio/libdrivers__gpio.a(gpio_nrfx.c.obj)
 .z_init_PRE_KERNEL_140_0_
                0x000000000000f3c0        0x8 modules/nrf/drivers/hw_cc3xx/lib..__nrf__drivers__hw_cc3xx.a(hw_cc3xx.c.obj)
 .z_init_PRE_KERNEL_150_00113_
                0x000000000000f3c8        0x8 zephyr/drivers/serial/libdrivers__serial.a(uart_nrfx_uarte.c.obj)
 .z_init_PRE_KERNEL_160_0_
                0x000000000000f3d0        0x8 zephyr/drivers/console/libdrivers__console.a(uart_console.c.obj)
                0x000000000000f3d8                __init_PRE_KERNEL_2_start = .
 *(SORT_BY_NAME(SORT_BY_ALIGNMENT(.z_init_PRE_KERNEL_2?_*)))
 .z_init_PRE_KERNEL_20_0_
                0x000000000000f3d8        0x8 zephyr/drivers/timer/libdrivers__timer.a(nrf_rtc_timer.c.obj)
 *(SORT_BY_NAME(SORT_BY_ALIGNMENT(.z_init_PRE_KERNEL_2??_*)))
                0x000000000000f3e0                __init_POST_KERNEL_start = .
 *(SORT_BY_NAME(SORT_BY_ALIGNMENT(.z_init_POST_KERNEL?_*)))
 *(SORT_BY_NAME(SORT_BY_ALIGNMENT(.z_init_POST_KERNEL??_*)))
 .z_init_POST_KERNEL40_0_
                0x000000000000f3e0        0x8 modules/nrf/drivers/hw_cc3xx/lib..__nrf__drivers__hw_cc3xx.a(hw_cc3xx.c.obj)
 .z_init_POST_KERNEL50_00118_
                0x000000000000f3e8        0x8 zephyr/drivers/flash/libdrivers__flash.a(soc_flash_nrf.c.obj)
 .z_init_POST_KERNEL90_0_
                0x000000000000f3f0        0x8 modules/nrf/subsys/fw_info/lib..__nrf__subsys__fw_info.a(fw_info.c.obj)
                0x000000000000f3f8                __init_APPLICATION_start = .
 *(SORT_BY_NAME(SORT_BY_ALIGNMENT(.z_init_APPLICATION?_*)))
 *(SORT_BY_NAME(SORT_BY_ALIGNMENT(.z_init_APPLICATION??_*)))
                0x000000000000f3f8                __init_SMP_start = .
 *(SORT_BY_NAME(SORT_BY_ALIGNMENT(.z_init_SMP?_*)))
 *(SORT_BY_NAME(SORT_BY_ALIGNMENT(.z_init_SMP??_*)))
                0x000000000000f3f8                __init_end = .
                0x000000000000f3f8                __deferred_init_list_start = .
 *(SORT_BY_ALIGNMENT(.z_deferred_init*))
                0x000000000000f3f8                __deferred_init_list_end = .

device_area     0x000000000000f3f8       0x64
                0x000000000000f3f8                _device_list_start = .
 *(SORT_BY_NAME(SORT_BY_ALIGNMENT(._device.static.*_?_*)))
 *(SORT_BY_NAME(SORT_BY_ALIGNMENT(._device.static.*_??_*)))
 ._device.static.1_30_
                0x000000000000f3f8       0x14 zephyr/drivers/clock_control/libdrivers__clock_control.a(clock_control_nrf.c.obj)
                0x000000000000f3f8                __device_dts_ord_75
 ._device.static.1_40_
                0x000000000000f40c       0x28 zephyr/drivers/gpio/libdrivers__gpio.a(gpio_nrfx.c.obj)
                0x000000000000f40c                __device_dts_ord_105
                0x000000000000f420                __device_dts_ord_11
 ._device.static.1_50_
                0x000000000000f434       0x14 zephyr/drivers/serial/libdrivers__serial.a(uart_nrfx_uarte.c.obj)
                0x000000000000f434                __device_dts_ord_113
 ._device.static.3_50_
                0x000000000000f448       0x14 zephyr/drivers/flash/libdrivers__flash.a(soc_flash_nrf.c.obj)
                0x000000000000f448                __device_dts_ord_118
                0x000000000000f45c                _device_list_end = .

sw_isr_table    0x000000000000f45c      0x180
                0x000000000000f45c                . = ALIGN (0x4)
 *(SORT_BY_ALIGNMENT(.gnu.linkonce.sw_isr_table*))
 .gnu.linkonce.sw_isr_table
                0x000000000000f45c      0x180 zephyr/CMakeFiles/zephyr_final.dir/isr_tables.c.obj
                0x000000000000f45c                _sw_isr_table

initlevel_error
                0x000000000000f398        0x0
 *(SORT_BY_NAME(SORT_BY_ALIGNMENT(.z_init_[_A-Z0-9]*)))
                0x0000000000000001                ASSERT ((SIZEOF (initlevel_error) == 0x0), Undefined initialization levels used.)

app_shmem_regions
                0x000000000000f5dc        0x0
                0x000000000000f5dc                __app_shmem_regions_start = .
 *(SORT_BY_NAME(SORT_BY_ALIGNMENT(.app_regions.*)))
                0x000000000000f5dc                __app_shmem_regions_end = .

k_p4wq_initparam_area
                0x000000000000f5dc        0x0
                0x000000000000f5dc                _k_p4wq_initparam_list_start = .
 *(SORT_BY_NAME(SORT_BY_ALIGNMENT(._k_p4wq_initparam.static.*)))
                0x000000000000f5dc                _k_p4wq_initparam_list_end = .

_static_thread_data_area
                0x000000000000f5dc        0x0
                0x000000000000f5dc                __static_thread_data_list_start = .
 *(SORT_BY_NAME(SORT_BY_ALIGNMENT(.__static_thread_data.static.*)))
                0x000000000000f5dc                __static_thread_data_list_end = .

device_deps     0x000000000000f5dc        0x0
                0x000000000000f5dc                __device_deps_start = .
 *(SORT_BY_NAME(SORT_BY_ALIGNMENT(.__device_deps_pass2*)))
                0x000000000000f5dc                __device_deps_end = .

flash_driver_api_area
                0x000000000000f5dc       0x18
                0x000000000000f5dc                _flash_driver_api_list_start = .
 *(SORT_BY_NAME(SORT_BY_ALIGNMENT(._flash_driver_api.static.*)))
 ._flash_driver_api.static.flash_nrf_api_
                0x000000000000f5dc       0x18 zephyr/drivers/flash/libdrivers__flash.a(soc_flash_nrf.c.obj)
                0x000000000000f5f4                _flash_driver_api_list_end = .

gpio_driver_api_area
                0x000000000000f5f4       0x24
                0x000000000000f5f4                _gpio_driver_api_list_start = .
 *(SORT_BY_NAME(SORT_BY_ALIGNMENT(._gpio_driver_api.static.*)))
 ._gpio_driver_api.static.gpio_nrfx_drv_api_funcs_
                0x000000000000f5f4       0x24 zephyr/drivers/gpio/libdrivers__gpio.a(gpio_nrfx.c.obj)
                0x000000000000f618                _gpio_driver_api_list_end = .

shared_irq_driver_api_area
                0x000000000000f618        0x0
                0x000000000000f618                _shared_irq_driver_api_list_start = .
 *(SORT_BY_NAME(SORT_BY_ALIGNMENT(._shared_irq_driver_api.static.*)))
                0x000000000000f618                _shared_irq_driver_api_list_end = .

crypto_driver_api_area
                0x000000000000f618        0x0
                0x000000000000f618                _crypto_driver_api_list_start = .
 *(SORT_BY_NAME(SORT_BY_ALIGNMENT(._crypto_driver_api.static.*)))
                0x000000000000f618                _crypto_driver_api_list_end = .

adc_driver_api_area
                0x000000000000f618        0x0
                0x000000000000f618                _adc_driver_api_list_start = .
 *(SORT_BY_NAME(SORT_BY_ALIGNMENT(._adc_driver_api.static.*)))
                0x000000000000f618                _adc_driver_api_list_end = .

auxdisplay_driver_api_area
                0x000000000000f618        0x0
                0x000000000000f618                _auxdisplay_driver_api_list_start = .
 *(SORT_BY_NAME(SORT_BY_ALIGNMENT(._auxdisplay_driver_api.static.*)))
                0x000000000000f618                _auxdisplay_driver_api_list_end = .

bbram_driver_api_area
                0x000000000000f618        0x0
                0x000000000000f618                _bbram_driver_api_list_start = .
 *(SORT_BY_NAME(SORT_BY_ALIGNMENT(._bbram_driver_api.static.*)))
                0x000000000000f618                _bbram_driver_api_list_end = .

bt_hci_driver_api_area
                0x000000000000f618        0x0
                0x000000000000f618                _bt_hci_driver_api_list_start = .
 *(SORT_BY_NAME(SORT_BY_ALIGNMENT(._bt_hci_driver_api.static.*)))
                0x000000000000f618                _bt_hci_driver_api_list_end = .

can_driver_api_area
                0x000000000000f618        0x0
                0x000000000000f618                _can_driver_api_list_start = .
 *(SORT_BY_NAME(SORT_BY_ALIGNMENT(._can_driver_api.static.*)))
                0x000000000000f618                _can_driver_api_list_end = .

cellular_driver_api_area
                0x000000000000f618        0x0
                0x000000000000f618                _cellular_driver_api_list_start = .
 *(SORT_BY_NAME(SORT_BY_ALIGNMENT(._cellular_driver_api.static.*)))
                0x000000000000f618                _cellular_driver_api_list_end = .

charger_driver_api_area
                0x000000000000f618        0x0
                0x000000000000f618                _charger_driver_api_list_start = .
 *(SORT_BY_NAME(SORT_BY_ALIGNMENT(._charger_driver_api.static.*)))
                0x000000000000f618                _charger_driver_api_list_end = .

clock_control_driver_api_area
                0x000000000000f618       0x1c
                0x000000000000f618                _clock_control_driver_api_list_start = .
 *(SORT_BY_NAME(SORT_BY_ALIGNMENT(._clock_control_driver_api.static.*)))
 ._clock_control_driver_api.static.clock_control_api_
                0x000000000000f618       0x1c zephyr/drivers/clock_control/libdrivers__clock_control.a(clock_control_nrf.c.obj)
                0x000000000000f634                _clock_control_driver_api_list_end = .

comparator_driver_api_area
                0x000000000000f634        0x0
                0x000000000000f634                _comparator_driver_api_list_start = .
 *(SORT_BY_NAME(SORT_BY_ALIGNMENT(._comparator_driver_api.static.*)))
                0x000000000000f634                _comparator_driver_api_list_end = .

coredump_driver_api_area
                0x000000000000f634        0x0
                0x000000000000f634                _coredump_driver_api_list_start = .
 *(SORT_BY_NAME(SORT_BY_ALIGNMENT(._coredump_driver_api.static.*)))
                0x000000000000f634                _coredump_driver_api_list_end = .

counter_driver_api_area
                0x000000000000f634        0x0
                0x000000000000f634                _counter_driver_api_list_start = .
 *(SORT_BY_NAME(SORT_BY_ALIGNMENT(._counter_driver_api.static.*)))
                0x000000000000f634                _counter_driver_api_list_end = .

dac_driver_api_area
                0x000000000000f634        0x0
                0x000000000000f634                _dac_driver_api_list_start = .
 *(SORT_BY_NAME(SORT_BY_ALIGNMENT(._dac_driver_api.static.*)))
                0x000000000000f634                _dac_driver_api_list_end = .

dai_driver_api_area
                0x000000000000f634        0x0
                0x000000000000f634                _dai_driver_api_list_start = .
 *(SORT_BY_NAME(SORT_BY_ALIGNMENT(._dai_driver_api.static.*)))
                0x000000000000f634                _dai_driver_api_list_end = .

display_driver_api_area
                0x000000000000f634        0x0
                0x000000000000f634                _display_driver_api_list_start = .
 *(SORT_BY_NAME(SORT_BY_ALIGNMENT(._display_driver_api.static.*)))
                0x000000000000f634                _display_driver_api_list_end = .

dma_driver_api_area
                0x000000000000f634        0x0
                0x000000000000f634                _dma_driver_api_list_start = .
 *(SORT_BY_NAME(SORT_BY_ALIGNMENT(._dma_driver_api.static.*)))
                0x000000000000f634                _dma_driver_api_list_end = .

edac_driver_api_area
                0x000000000000f634        0x0
                0x000000000000f634                _edac_driver_api_list_start = .
 *(SORT_BY_NAME(SORT_BY_ALIGNMENT(._edac_driver_api.static.*)))
                0x000000000000f634                _edac_driver_api_list_end = .

eeprom_driver_api_area
                0x000000000000f634        0x0
                0x000000000000f634                _eeprom_driver_api_list_start = .
 *(SORT_BY_NAME(SORT_BY_ALIGNMENT(._eeprom_driver_api.static.*)))
                0x000000000000f634                _eeprom_driver_api_list_end = .

emul_bbram_driver_api_area
                0x000000000000f634        0x0
                0x000000000000f634                _emul_bbram_driver_api_list_start = .
 *(SORT_BY_NAME(SORT_BY_ALIGNMENT(._emul_bbram_driver_api.static.*)))
                0x000000000000f634                _emul_bbram_driver_api_list_end = .

fuel_gauge_emul_driver_api_area
                0x000000000000f634        0x0
                0x000000000000f634                _fuel_gauge_emul_driver_api_list_start = .
 *(SORT_BY_NAME(SORT_BY_ALIGNMENT(._fuel_gauge_emul_driver_api.static.*)))
                0x000000000000f634                _fuel_gauge_emul_driver_api_list_end = .

emul_sensor_driver_api_area
                0x000000000000f634        0x0
                0x000000000000f634                _emul_sensor_driver_api_list_start = .
 *(SORT_BY_NAME(SORT_BY_ALIGNMENT(._emul_sensor_driver_api.static.*)))
                0x000000000000f634                _emul_sensor_driver_api_list_end = .

entropy_driver_api_area
                0x000000000000f634        0x0
                0x000000000000f634                _entropy_driver_api_list_start = .
 *(SORT_BY_NAME(SORT_BY_ALIGNMENT(._entropy_driver_api.static.*)))
                0x000000000000f634                _entropy_driver_api_list_end = .

espi_driver_api_area
                0x000000000000f634        0x0
                0x000000000000f634                _espi_driver_api_list_start = .
 *(SORT_BY_NAME(SORT_BY_ALIGNMENT(._espi_driver_api.static.*)))
                0x000000000000f634                _espi_driver_api_list_end = .

espi_saf_driver_api_area
                0x000000000000f634        0x0
                0x000000000000f634                _espi_saf_driver_api_list_start = .
 *(SORT_BY_NAME(SORT_BY_ALIGNMENT(._espi_saf_driver_api.static.*)))
                0x000000000000f634                _espi_saf_driver_api_list_end = .

fpga_driver_api_area
                0x000000000000f634        0x0
                0x000000000000f634                _fpga_driver_api_list_start = .
 *(SORT_BY_NAME(SORT_BY_ALIGNMENT(._fpga_driver_api.static.*)))
                0x000000000000f634                _fpga_driver_api_list_end = .

fuel_gauge_driver_api_area
                0x000000000000f634        0x0
                0x000000000000f634                _fuel_gauge_driver_api_list_start = .
 *(SORT_BY_NAME(SORT_BY_ALIGNMENT(._fuel_gauge_driver_api.static.*)))
                0x000000000000f634                _fuel_gauge_driver_api_list_end = .

gnss_driver_api_area
                0x000000000000f634        0x0
                0x000000000000f634                _gnss_driver_api_list_start = .
 *(SORT_BY_NAME(SORT_BY_ALIGNMENT(._gnss_driver_api.static.*)))
                0x000000000000f634                _gnss_driver_api_list_end = .

haptics_driver_api_area
                0x000000000000f634        0x0
                0x000000000000f634                _haptics_driver_api_list_start = .
 *(SORT_BY_NAME(SORT_BY_ALIGNMENT(._haptics_driver_api.static.*)))
                0x000000000000f634                _haptics_driver_api_list_end = .

hwspinlock_driver_api_area
                0x000000000000f634        0x0
                0x000000000000f634                _hwspinlock_driver_api_list_start = .
 *(SORT_BY_NAME(SORT_BY_ALIGNMENT(._hwspinlock_driver_api.static.*)))
                0x000000000000f634                _hwspinlock_driver_api_list_end = .

i2c_driver_api_area
                0x000000000000f634        0x0
                0x000000000000f634                _i2c_driver_api_list_start = .
 *(SORT_BY_NAME(SORT_BY_ALIGNMENT(._i2c_driver_api.static.*)))
                0x000000000000f634                _i2c_driver_api_list_end = .

i2c_target_driver_api_area
                0x000000000000f634        0x0
                0x000000000000f634                _i2c_target_driver_api_list_start = .
 *(SORT_BY_NAME(SORT_BY_ALIGNMENT(._i2c_target_driver_api.static.*)))
                0x000000000000f634                _i2c_target_driver_api_list_end = .

i2s_driver_api_area
                0x000000000000f634        0x0
                0x000000000000f634                _i2s_driver_api_list_start = .
 *(SORT_BY_NAME(SORT_BY_ALIGNMENT(._i2s_driver_api.static.*)))
                0x000000000000f634                _i2s_driver_api_list_end = .

i3c_driver_api_area
                0x000000000000f634        0x0
                0x000000000000f634                _i3c_driver_api_list_start = .
 *(SORT_BY_NAME(SORT_BY_ALIGNMENT(._i3c_driver_api.static.*)))
                0x000000000000f634                _i3c_driver_api_list_end = .

ipm_driver_api_area
                0x000000000000f634        0x0
                0x000000000000f634                _ipm_driver_api_list_start = .
 *(SORT_BY_NAME(SORT_BY_ALIGNMENT(._ipm_driver_api.static.*)))
                0x000000000000f634                _ipm_driver_api_list_end = .

kscan_driver_api_area
                0x000000000000f634        0x0
                0x000000000000f634                _kscan_driver_api_list_start = .
 *(SORT_BY_NAME(SORT_BY_ALIGNMENT(._kscan_driver_api.static.*)))
                0x000000000000f634                _kscan_driver_api_list_end = .

led_driver_api_area
                0x000000000000f634        0x0
                0x000000000000f634                _led_driver_api_list_start = .
 *(SORT_BY_NAME(SORT_BY_ALIGNMENT(._led_driver_api.static.*)))
                0x000000000000f634                _led_driver_api_list_end = .

led_strip_driver_api_area
                0x000000000000f634        0x0
                0x000000000000f634                _led_strip_driver_api_list_start = .
 *(SORT_BY_NAME(SORT_BY_ALIGNMENT(._led_strip_driver_api.static.*)))
                0x000000000000f634                _led_strip_driver_api_list_end = .

lora_driver_api_area
                0x000000000000f634        0x0
                0x000000000000f634                _lora_driver_api_list_start = .
 *(SORT_BY_NAME(SORT_BY_ALIGNMENT(._lora_driver_api.static.*)))
                0x000000000000f634                _lora_driver_api_list_end = .

mbox_driver_api_area
                0x000000000000f634        0x0
                0x000000000000f634                _mbox_driver_api_list_start = .
 *(SORT_BY_NAME(SORT_BY_ALIGNMENT(._mbox_driver_api.static.*)))
                0x000000000000f634                _mbox_driver_api_list_end = .

mdio_driver_api_area
                0x000000000000f634        0x0
                0x000000000000f634                _mdio_driver_api_list_start = .
 *(SORT_BY_NAME(SORT_BY_ALIGNMENT(._mdio_driver_api.static.*)))
                0x000000000000f634                _mdio_driver_api_list_end = .

mipi_dbi_driver_api_area
                0x000000000000f634        0x0
                0x000000000000f634                _mipi_dbi_driver_api_list_start = .
 *(SORT_BY_NAME(SORT_BY_ALIGNMENT(._mipi_dbi_driver_api.static.*)))
                0x000000000000f634                _mipi_dbi_driver_api_list_end = .

mipi_dsi_driver_api_area
                0x000000000000f634        0x0
                0x000000000000f634                _mipi_dsi_driver_api_list_start = .
 *(SORT_BY_NAME(SORT_BY_ALIGNMENT(._mipi_dsi_driver_api.static.*)))
                0x000000000000f634                _mipi_dsi_driver_api_list_end = .

mspi_driver_api_area
                0x000000000000f634        0x0
                0x000000000000f634                _mspi_driver_api_list_start = .
 *(SORT_BY_NAME(SORT_BY_ALIGNMENT(._mspi_driver_api.static.*)))
                0x000000000000f634                _mspi_driver_api_list_end = .

peci_driver_api_area
                0x000000000000f634        0x0
                0x000000000000f634                _peci_driver_api_list_start = .
 *(SORT_BY_NAME(SORT_BY_ALIGNMENT(._peci_driver_api.static.*)))
                0x000000000000f634                _peci_driver_api_list_end = .

ps2_driver_api_area
                0x000000000000f634        0x0
                0x000000000000f634                _ps2_driver_api_list_start = .
 *(SORT_BY_NAME(SORT_BY_ALIGNMENT(._ps2_driver_api.static.*)))
                0x000000000000f634                _ps2_driver_api_list_end = .

ptp_clock_driver_api_area
                0x000000000000f634        0x0
                0x000000000000f634                _ptp_clock_driver_api_list_start = .
 *(SORT_BY_NAME(SORT_BY_ALIGNMENT(._ptp_clock_driver_api.static.*)))
                0x000000000000f634                _ptp_clock_driver_api_list_end = .

pwm_driver_api_area
                0x000000000000f634        0x0
                0x000000000000f634                _pwm_driver_api_list_start = .
 *(SORT_BY_NAME(SORT_BY_ALIGNMENT(._pwm_driver_api.static.*)))
                0x000000000000f634                _pwm_driver_api_list_end = .

regulator_parent_driver_api_area
                0x000000000000f634        0x0
                0x000000000000f634                _regulator_parent_driver_api_list_start = .
 *(SORT_BY_NAME(SORT_BY_ALIGNMENT(._regulator_parent_driver_api.static.*)))
                0x000000000000f634                _regulator_parent_driver_api_list_end = .

regulator_driver_api_area
                0x000000000000f634        0x0
                0x000000000000f634                _regulator_driver_api_list_start = .
 *(SORT_BY_NAME(SORT_BY_ALIGNMENT(._regulator_driver_api.static.*)))
                0x000000000000f634                _regulator_driver_api_list_end = .

reset_driver_api_area
                0x000000000000f634        0x0
                0x000000000000f634                _reset_driver_api_list_start = .
 *(SORT_BY_NAME(SORT_BY_ALIGNMENT(._reset_driver_api.static.*)))
                0x000000000000f634                _reset_driver_api_list_end = .

retained_mem_driver_api_area
                0x000000000000f634        0x0
                0x000000000000f634                _retained_mem_driver_api_list_start = .
 *(SORT_BY_NAME(SORT_BY_ALIGNMENT(._retained_mem_driver_api.static.*)))
                0x000000000000f634                _retained_mem_driver_api_list_end = .

rtc_driver_api_area
                0x000000000000f634        0x0
                0x000000000000f634                _rtc_driver_api_list_start = .
 *(SORT_BY_NAME(SORT_BY_ALIGNMENT(._rtc_driver_api.static.*)))
                0x000000000000f634                _rtc_driver_api_list_end = .

sdhc_driver_api_area
                0x000000000000f634        0x0
                0x000000000000f634                _sdhc_driver_api_list_start = .
 *(SORT_BY_NAME(SORT_BY_ALIGNMENT(._sdhc_driver_api.static.*)))
                0x000000000000f634                _sdhc_driver_api_list_end = .

sensor_driver_api_area
                0x000000000000f634        0x0
                0x000000000000f634                _sensor_driver_api_list_start = .
 *(SORT_BY_NAME(SORT_BY_ALIGNMENT(._sensor_driver_api.static.*)))
                0x000000000000f634                _sensor_driver_api_list_end = .

smbus_driver_api_area
                0x000000000000f634        0x0
                0x000000000000f634                _smbus_driver_api_list_start = .
 *(SORT_BY_NAME(SORT_BY_ALIGNMENT(._smbus_driver_api.static.*)))
                0x000000000000f634                _smbus_driver_api_list_end = .

spi_driver_api_area
                0x000000000000f634        0x0
                0x000000000000f634                _spi_driver_api_list_start = .
 *(SORT_BY_NAME(SORT_BY_ALIGNMENT(._spi_driver_api.static.*)))
                0x000000000000f634                _spi_driver_api_list_end = .

stepper_driver_api_area
                0x000000000000f634        0x0
                0x000000000000f634                _stepper_driver_api_list_start = .
 *(SORT_BY_NAME(SORT_BY_ALIGNMENT(._stepper_driver_api.static.*)))
                0x000000000000f634                _stepper_driver_api_list_end = .

syscon_driver_api_area
                0x000000000000f634        0x0
                0x000000000000f634                _syscon_driver_api_list_start = .
 *(SORT_BY_NAME(SORT_BY_ALIGNMENT(._syscon_driver_api.static.*)))
                0x000000000000f634                _syscon_driver_api_list_end = .

tee_driver_api_area
                0x000000000000f634        0x0
                0x000000000000f634                _tee_driver_api_list_start = .
 *(SORT_BY_NAME(SORT_BY_ALIGNMENT(._tee_driver_api.static.*)))
                0x000000000000f634                _tee_driver_api_list_end = .

video_driver_api_area
                0x000000000000f634        0x0
                0x000000000000f634                _video_driver_api_list_start = .
 *(SORT_BY_NAME(SORT_BY_ALIGNMENT(._video_driver_api.static.*)))
                0x000000000000f634                _video_driver_api_list_end = .

w1_driver_api_area
                0x000000000000f634        0x0
                0x000000000000f634                _w1_driver_api_list_start = .
 *(SORT_BY_NAME(SORT_BY_ALIGNMENT(._w1_driver_api.static.*)))
                0x000000000000f634                _w1_driver_api_list_end = .

wdt_driver_api_area
                0x000000000000f634        0x0
                0x000000000000f634                _wdt_driver_api_list_start = .
 *(SORT_BY_NAME(SORT_BY_ALIGNMENT(._wdt_driver_api.static.*)))
                0x000000000000f634                _wdt_driver_api_list_end = .

can_transceiver_driver_api_area
                0x000000000000f634        0x0
                0x000000000000f634                _can_transceiver_driver_api_list_start = .
 *(SORT_BY_NAME(SORT_BY_ALIGNMENT(._can_transceiver_driver_api.static.*)))
                0x000000000000f634                _can_transceiver_driver_api_list_end = .

nrf_clock_control_driver_api_area
                0x000000000000f634        0x0
                0x000000000000f634                _nrf_clock_control_driver_api_list_start = .
 *(SORT_BY_NAME(SORT_BY_ALIGNMENT(._nrf_clock_control_driver_api.static.*)))
                0x000000000000f634                _nrf_clock_control_driver_api_list_end = .

i3c_target_driver_api_area
                0x000000000000f634        0x0
                0x000000000000f634                _i3c_target_driver_api_list_start = .
 *(SORT_BY_NAME(SORT_BY_ALIGNMENT(._i3c_target_driver_api.static.*)))
                0x000000000000f634                _i3c_target_driver_api_list_end = .

its_driver_api_area
                0x000000000000f634        0x0
                0x000000000000f634                _its_driver_api_list_start = .
 *(SORT_BY_NAME(SORT_BY_ALIGNMENT(._its_driver_api.static.*)))
                0x000000000000f634                _its_driver_api_list_end = .

vtd_driver_api_area
                0x000000000000f634        0x0
                0x000000000000f634                _vtd_driver_api_list_start = .
 *(SORT_BY_NAME(SORT_BY_ALIGNMENT(._vtd_driver_api.static.*)))
                0x000000000000f634                _vtd_driver_api_list_end = .

tgpio_driver_api_area
                0x000000000000f634        0x0
                0x000000000000f634                _tgpio_driver_api_list_start = .
 *(SORT_BY_NAME(SORT_BY_ALIGNMENT(._tgpio_driver_api.static.*)))
                0x000000000000f634                _tgpio_driver_api_list_end = .

pcie_ctrl_driver_api_area
                0x000000000000f634        0x0
                0x000000000000f634                _pcie_ctrl_driver_api_list_start = .
 *(SORT_BY_NAME(SORT_BY_ALIGNMENT(._pcie_ctrl_driver_api.static.*)))
                0x000000000000f634                _pcie_ctrl_driver_api_list_end = .

pcie_ep_driver_api_area
                0x000000000000f634        0x0
                0x000000000000f634                _pcie_ep_driver_api_list_start = .
 *(SORT_BY_NAME(SORT_BY_ALIGNMENT(._pcie_ep_driver_api.static.*)))
                0x000000000000f634                _pcie_ep_driver_api_list_end = .

svc_driver_api_area
                0x000000000000f634        0x0
                0x000000000000f634                _svc_driver_api_list_start = .
 *(SORT_BY_NAME(SORT_BY_ALIGNMENT(._svc_driver_api.static.*)))
                0x000000000000f634                _svc_driver_api_list_end = .

uart_driver_api_area
                0x000000000000f634        0xc
                0x000000000000f634                _uart_driver_api_list_start = .
 *(SORT_BY_NAME(SORT_BY_ALIGNMENT(._uart_driver_api.static.*)))
 ._uart_driver_api.static.uart_nrfx_uarte_driver_api_